========================================================
== dumpstate: 2017-07-17 18:40:07
========================================================

Build: IRIS4G-S11A_Sioeye_L2SM_205_170713
Build fingerprint: 'alps/ckt95_lw_kk/ckt95_lw_kk:4.4.2/KOT49H/:user/release-keys'
Bootloader: unknown
Radio: unknown
Network: CU
Kernel: Linux version 3.10.35 (ckt@ckt-node-105) (gcc version 4.8 (GCC) ) #1 SMP PREEMPT Thu Jul 13 21:11:55 CST 2017
Command line: console=tty0 console=ttyMT0,921600n1 root=/dev/ram vmalloc=496M slub_max_order=0 slub_debug=O  lcm=0-nt35595_fhd_dsi_cmd_truly_tps65132_drv fps=6508 vram=2097152 androidboot.selinux=disabled printk.disable_uart=1 bootprof.pl_t=1149 bootprof.lk_t=2593 boot_reason=4

------ UPTIME (uptime) ------
up time: 01:24:13, idle time: 01:22:02, sleep time: 00:14:20
[uptime: 0.1s elapsed]

------ MEMORY INFO (/proc/meminfo) ------
MemTotal:        1976220 kB
MemFree:         1239760 kB
Buffers:           19524 kB
Cached:           209668 kB
SwapCached:            0 kB
Active:           331044 kB
Inactive:         166484 kB
Active(anon):     221668 kB
Inactive(anon):    47100 kB
Active(file):     109376 kB
Inactive(file):   119384 kB
Unevictable:           0 kB
Mlocked:               0 kB
HighTotal:       1486836 kB
HighFree:        1036980 kB
LowTotal:         489384 kB
LowFree:          202780 kB
SwapTotal:        524284 kB
SwapFree:         524284 kB
Dirty:                36 kB
Writeback:             0 kB
AnonPages:        268360 kB
Mapped:           116272 kB
Shmem:               392 kB
Slab:              31172 kB
SReclaimable:      15064 kB
SUnreclaim:        16108 kB
KernelStack:        6424 kB
PageTables:        10860 kB
NFS_Unstable:          0 kB
Bounce:                0 kB
WritebackTmp:          0 kB
CommitLimit:     1512392 kB
Committed_AS:   21739900 kB
VmallocTotal:     499712 kB
VmallocUsed:      116444 kB
VmallocChunk:      81568 kB

------ CPU INFO (top -n 1 -d 1 -m 30 -t) ------



User 0%, System 0%, IOW 0%, IRQ 0%
User 6 + Nice 0 + Sys 12 + Idle -498052 + IOW 95 + IRQ 0 + SIRQ 0 = -497939

  PID   TID PR CPU% S     VSS     RSS PCY UID      Thread          Proc
 6472  6472  0   0% R   1656K    752K     shell    top             top
  986   986  0   0% S 1003748K  55844K  fg u0_a6    ndroid.systemui com.android.systemui
   88    88  0   0% S      0K      0K     root     kworker/u16:5   
 1159  1802  0   0% S 975836K  38688K  fg u0_a39   qtp1109130440-6 com.sioeye.iris.controller
  240   603  0   0% S  41836K   7816K     system   EventThread     /system/bin/surfaceflinger
 6432  6432  0   0% S      0K      0K     root     kworker/0:0     
   55    55  0   0% D      0K      0K     root     hps_main        
  240   394  0   0% S  41836K   7816K  fg system   Binder_2        /system/bin/surfaceflinger
   50    50  0   0% S      0K      0K     root     cfinteractive   
   12    12  0   0% R      0K      0K     root     ksoftirqd/1     
   14    14  1   0% S      0K      0K     root     kworker/1:0H    
   15    15  2   0% R      0K      0K     root     migration/2     
   16    16  2   0% R      0K      0K     root     ksoftirqd/2     
   18    18  2   0% S      0K      0K     root     kworker/2:0H    
   19    19  3   0% R      0K      0K     root     migration/3     
   20    20  3   0% R      0K      0K     root     ksoftirqd/3     
   22    22  3   0% S      0K      0K     root     kworker/3:0H    
   23    23  4   0% R      0K      0K     root     migration/4     
   24    24  4   0% R      0K      0K     root     ksoftirqd/4     
   26    26  4   0% S      0K      0K     root     kworker/4:0H    
   27    27  5   0% R      0K      0K     root     migration/5     
   28    28  5   0% R      0K      0K     root     ksoftirqd/5     
   29    29  5   0% S      0K      0K     root     kworker/5:0     
   30    30  5   0% S      0K      0K     root     kworker/5:0H    
   31    31  6   0% R      0K      0K     root     migration/6     
   32    32  6   0% R      0K      0K     root     ksoftirqd/6     
   33    33  6   0% S      0K      0K     root     kworker/6:0     
   34    34  6   0% S      0K      0K     root     kworker/6:0H    
   35    35  7   0% R      0K      0K     root     migration/7     
   36    36  7   0% R      0K      0K     root     ksoftirqd/7     
[top: 1.4s elapsed]

------ PROCRANK (procrank) ------
*** exec(procrank): Permission denied
*** procrank: Exit code 255
[procrank: 0.1s elapsed]

------ VIRTUAL MEMORY STATS (/proc/vmstat) ------
nr_free_pages 114012
nr_inactive_anon 11775
nr_active_anon 55432
nr_inactive_file 29856
nr_active_file 27344
nr_unevictable 0
nr_mlock 0
nr_anon_pages 67107
nr_mapped 29070
nr_file_pages 57298
nr_dirty 9
nr_writeback 0
nr_slab_reclaimable 3766
nr_slab_unreclaimable 4030
nr_page_table_pages 2719
nr_kernel_stack 804
nr_unstable 0
nr_bounce 0
nr_vmscan_write 0
nr_vmscan_immediate_reclaim 0
nr_writeback_temp 0
nr_isolated_anon 0
nr_isolated_file 0
nr_shmem 98
nr_dirtied 74744
nr_written 72714
nr_anon_transparent_hugepages 0
nr_free_cma 0
nr_dirty_threshold 18815
nr_dirty_background_threshold 4703
pgpgin 366566
pgpgout 311437
pswpin 0
pswpout 0
pgalloc_normal 1113495
pgalloc_high 4145158
pgalloc_movable 0
pgfree 5569065
pgactivate 45703
pgdeactivate 11986
pgfault 5467221
pgmajfault 3398
pgfmfault 3398
pgrefill_normal 0
pgrefill_high 11808
pgrefill_movable 0
pgsteal_kswapd_normal 16638
pgsteal_kswapd_high 0
pgsteal_kswapd_movable 0
pgsteal_direct_normal 0
pgsteal_direct_high 0
pgsteal_direct_movable 0
pgscan_kswapd_normal 27356
pgscan_kswapd_high 0
pgscan_kswapd_movable 0
pgscan_direct_normal 0
pgscan_direct_high 0
pgscan_direct_movable 0
pgscan_direct_throttle 0
pginodesteal 0
slabs_scanned 11008
kswapd_inodesteal 0
kswapd_low_wmark_hit_quickly 49
kswapd_high_wmark_hit_quickly 14
pageoutrun 336
allocstall 0
pgrotated 916
pgmigrate_success 0
pgmigrate_fail 0
compact_migrate_scanned 0
compact_free_scanned 0
compact_isolated 0
compact_stall 0
compact_fail 0
compact_success 0
unevictable_pgs_culled 0
unevictable_pgs_scanned 0
unevictable_pgs_rescued 0
unevictable_pgs_mlocked 0
unevictable_pgs_munlocked 0
unevictable_pgs_cleared 0
unevictable_pgs_stranded 0

------ VMALLOC INFO (/proc/vmallocinfo) ------
0x00000000-0x00000000  266240 atomic_pool_init+0x0/0x120 phys=5fa00000 user
0x00000000-0x00000000   49152 zisofs_init+0x14/0x34 pages=11 vmalloc
0x00000000-0x00000000    8192 mrdump_mini_init+0x70/0x2cc vmap
0x00000000-0x00000000   12288 zs_cpu_notifier+0x5c/0xa4 ioremap
0x00000000-0x00000000  266240 create_log.constprop.9+0x18/0x150 pages=64 vmalloc
0x00000000-0x00000000  266240 create_log.constprop.9+0x18/0x150 pages=64 vmalloc
0x00000000-0x00000000  266240 create_log.constprop.9+0x18/0x150 pages=64 vmalloc
0x00000000-0x00000000  266240 create_log.constprop.9+0x18/0x150 pages=64 vmalloc
0x00000000-0x00000000   28672 AudDrv_Allocate_mem_Buffer+0x1d0/0x1ec phys=5f2b0000 user
0x00000000-0x00000000  200704 mtk_afe_hdmi_probe+0x88/0xc0 phys=5f2c0000 user
0x00000000-0x00000000   69632 AudDrv_Allocate_mem_Buffer+0x184/0x1ec phys=5f290000 user
0x00000000-0x00000000   69632 mtk_afe_mrgrx_awb_probe+0xac/0xd0 phys=5f300000 user
0x00000000-0x00000000   28672 AudDrv_Allocate_mem_Buffer+0x184/0x1ec phys=5f2f0000 user
0x00000000-0x00000000   20480 AudDrv_Allocate_mem_Buffer+0x184/0x1ec phys=5f2f8000 user
0x00000000-0x00000000   69632 mtk_afe_capture_probe+0x7c/0xb4 phys=5f310000 user
0x00000000-0x00000000   12288 AudDrv_Allocate_mem_Buffer+0x184/0x1ec phys=5f28e000 user
0x00000000-0x00000000   12288 AudDrv_Allocate_mem_Buffer+0x184/0x1ec phys=5f2b8000 user
0x00000000-0x00000000   16384 ged_init+0x20/0xec pages=3 vmalloc
0x00000000-0x00000000    8192 conn_md_dmp_init+0x1c/0x9c pages=1 vmalloc
0x00000000-0x00000000   20480 m4u_pgtable_init+0x48/0xdc phys=5f3a0000 user
0x00000000-0x00000000  229376 OSAllocMem+0x34/0x40 pages=55 vmalloc
0x00000000-0x00000000    8192 MTKPP_Init+0x20/0x1b4 pages=1 vmalloc
0x00000000-0x00000000  266240 MTKPP_Init+0xac/0x1b4 pages=64 vmalloc
0x00000000-0x00000000    8192 msdc_drv_probe+0x4c4/0x12dc phys=5ec8c000 user
0x00000000-0x00000000   20480 msdc_drv_probe+0x4e8/0x12dc phys=5eca4000 user
0x00000000-0x00000000    8192 msdc_drv_probe+0x4c4/0x12dc phys=5f034000 user
0x00000000-0x00000000   20480 msdc_drv_probe+0x4e8/0x12dc phys=5eca8000 user
0x00000000-0x00000000    8192 msdc_drv_probe+0x4c4/0x12dc phys=5f037000 user
0x00000000-0x00000000   20480 msdc_drv_probe+0x4e8/0x12dc phys=5ecac000 user
0x00000000-0x00000000    8192 PMRAcquireKernelMappingDataOSMem+0xd8/0x10c vmalloc vpages
0x00000000-0x00000000    8192 OSMMUPxMap+0x44/0x78 vmalloc vpages
0x00000000-0x00000000    8192 OSMMUPxMap+0x44/0x78 vmalloc vpages
0x00000000-0x00000000  266240 cmdqCoreInitialize+0x180/0x264 phys=5ed40000 user
0x00000000-0x00000000  266240 cmdqCoreInitialize+0x180/0x264 phys=5ed80000 user
0x00000000-0x00000000  266240 cmdqCoreInitialize+0x180/0x264 phys=5edc0000 user
0x00000000-0x00000000  266240 cmdqCoreInitialize+0x180/0x264 phys=5ee00000 user
0x00000000-0x00000000    8192 _ex_mu3d_hal_alloc_qmu_mem+0x60/0x238 phys=5ee60000 user
0x00000000-0x00000000    8192 _ex_mu3d_hal_alloc_qmu_mem+0x108/0x238 phys=5ee61000 user
0x00000000-0x00000000    8192 _ex_mu3d_hal_alloc_qmu_mem+0x60/0x238 phys=5ee62000 user
0x00000000-0x00000000    8192 _ex_mu3d_hal_alloc_qmu_mem+0x108/0x238 phys=5ee63000 user
0x00000000-0x00000000    8192 _ex_mu3d_hal_alloc_qmu_mem+0x60/0x238 phys=5ee64000 user
0x00000000-0x00000000    8192 _ex_mu3d_hal_alloc_qmu_mem+0x108/0x238 phys=5ee65000 user
0x00000000-0x00000000    8192 _ex_mu3d_hal_alloc_qmu_mem+0x60/0x238 phys=5ee66000 user
0x00000000-0x00000000    8192 _ex_mu3d_hal_alloc_qmu_mem+0x108/0x238 phys=5ee67000 user
0x00000000-0x00000000    8192 _ex_mu3d_hal_alloc_qmu_mem+0x60/0x238 phys=5ee68000 user
0x00000000-0x00000000    8192 _ex_mu3d_hal_alloc_qmu_mem+0x108/0x238 phys=5ee69000 user
0x00000000-0x00000000    8192 _ex_mu3d_hal_alloc_qmu_mem+0x60/0x238 phys=5ee6a000 user
0x00000000-0x00000000    8192 _ex_mu3d_hal_alloc_qmu_mem+0x108/0x238 phys=5ee6b000 user
0x00000000-0x00000000    8192 _ex_mu3d_hal_alloc_qmu_mem+0x60/0x238 phys=5ee6d000 user
0x00000000-0x00000000    8192 _ex_mu3d_hal_alloc_qmu_mem+0x108/0x238 phys=5ee6e000 user
0x00000000-0x00000000    8192 _ex_mu3d_hal_alloc_qmu_mem+0x60/0x238 phys=5ee6f000 user
0x00000000-0x00000000    8192 _ex_mu3d_hal_alloc_qmu_mem+0x108/0x238 phys=5ee70000 user
0x00000000-0x00000000   16384 md_cd_init+0x5c/0xab0 phys=200f0000 ioremap
0x00000000-0x00000000   16384 md_cd_init+0x7c/0xab0 phys=200e0000 ioremap
0x00000000-0x00000000    8192 md_cd_init+0x9c/0xab0 phys=20190000 ioremap
0x00000000-0x00000000    8192 md_cd_init+0xbc/0xab0 phys=20193000 ioremap
0x00000000-0x00000000    8192 md_cd_init+0xdc/0xab0 phys=20195000 ioremap
0x00000000-0x00000000    8192 md_cd_init+0xfc/0xab0 phys=20050000 ioremap
0x00000000-0x00000000    8192 md_cd_init+0x11c/0xab0 phys=20000000 ioremap
0x00000000-0x00000000    8192 md_cd_init+0x138/0xab0 phys=20000000 ioremap
0x00000000-0x00000000    8192 md_cd_init+0x158/0xab0 phys=201f0000 ioremap
0x00000000-0x00000000    8192 md_cd_init+0x178/0xab0 phys=20030000 ioremap
0x00000000-0x00000000 2101248 disp_hal_allocate_framebuffer+0x3c/0xe8 phys=bfe00000 ioremap
0x00000000-0x00000000  311296 mtkfb_probe+0x2f0/0x374 pages=75 vmalloc
0x00000000-0x00000000    8192 md_cd_init+0x198/0xab0 phys=20040000 ioremap
0x00000000-0x00000000    8192 dma_pool_alloc+0xc8/0x1bc phys=5ef11000 user
0x00000000-0x00000000    8192 dma_pool_alloc+0xc8/0x1bc phys=5ef14000 user
0x00000000-0x00000000    8192 ccci_config_modem+0x88/0x1a0 phys=6a000000 ioremap
0x00000000-0x00000000    8192 OSMMUPxMap+0x44/0x78 vmalloc vpages
0x00000000-0x00000000    8192 OSMMUPxMap+0x44/0x78 vmalloc vpages
0x00000000-0x00000000    8192 OSMMUPxMap+0x44/0x78 vmalloc vpages
0x00000000-0x00000000    8192 OSMMUPxMap+0x44/0x78 vmalloc vpages
0x00000000-0x00000000    8192 OSMMUPxMap+0x44/0x78 vmalloc vpages
0x00000000-0x00000000    8192 OSMMUPxMap+0x44/0x78 vmalloc vpages
0x00000000-0x00000000    8192 OSMMUPxMap+0x44/0x78 vmalloc vpages
0x00000000-0x00000000   69632 PMRAcquireKernelMappingDataOSMem+0xd8/0x10c vmalloc vpages
0x00000000-0x00000000    8192 PMRAcquireKernelMappingDataOSMem+0xd8/0x10c vmalloc vpages
0x00000000-0x00000000   69632 PMRAcquireKernelMappingDataOSMem+0xd8/0x10c vmalloc vpages
0x00000000-0x00000000    8192 PMRAcquireKernelMappingDataOSMem+0xd8/0x10c vmalloc vpages
0x00000000-0x00000000    8192 PMRAcquireKernelMappingDataOSMem+0xd8/0x10c vmalloc vpages
0x00000000-0x00000000   69632 PMRAcquireKernelMappingDataOSMem+0xd8/0x10c vmalloc vpages
0x00000000-0x00000000    8192 PMRAcquireKernelMappingDataOSMem+0xd8/0x10c vmalloc vpages
0x00000000-0x00000000    8192 OSMMUPxMap+0x44/0x78 vmalloc vpages
0x00000000-0x00000000    8192 PMRAcquireKernelMappingDataOSMem+0xd8/0x10c vmalloc vpages
0x00000000-0x00000000    8192 PMRAcquireKernelMappingDataOSMem+0xd8/0x10c vmalloc vpages
0x00000000-0x00000000    8192 OSMMUPxMap+0x44/0x78 vmalloc vpages
0x00000000-0x00000000    8192 OSMMUPxMap+0x44/0x78 vmalloc vpages
0x00000000-0x00000000    8192 PMRAcquireKernelMappingDataOSMem+0xd8/0x10c vmalloc vpages
0x00000000-0x00000000    8192 PMRAcquireKernelMappingDataOSMem+0xd8/0x10c vmalloc vpages
0x00000000-0x00000000    8192 OSMMUPxMap+0x44/0x78 vmalloc vpages
0x00000000-0x00000000    8192 OSMMUPxMap+0x44/0x78 vmalloc vpages
0x00000000-0x00000000    8192 OSMMUPxMap+0x44/0x78 vmalloc vpages
0x00000000-0x00000000    8192 OSMMUPxMap+0x44/0x78 vmalloc vpages
0x00000000-0x00000000    8192 OSMMUPxMap+0x44/0x78 vmalloc vpages
0x00000000-0x00000000    8192 OSMMUPxMap+0x44/0x78 vmalloc vpages
0x00000000-0x00000000    8192 OSMMUPxMap+0x44/0x78 vmalloc vpages
0x00000000-0x00000000   69632 PMRAcquireKernelMappingDataOSMem+0xd8/0x10c vmalloc vpages
0x00000000-0x00000000    8192 PMRAcquireKernelMappingDataOSMem+0xd8/0x10c vmalloc vpages
0x00000000-0x00000000   69632 PMRAcquireKernelMappingDataOSMem+0xd8/0x10c vmalloc vpages
0x00000000-0x00000000    8192 PMRAcquireKernelMappingDataOSMem+0xd8/0x10c vmalloc vpages
0x00000000-0x00000000    8192 PMRAcquireKernelMappingDataOSMem+0xd8/0x10c vmalloc vpages
0x00000000-0x00000000    8192 OSMMUPxMap+0x44/0x78 vmalloc vpages
0x00000000-0x00000000   69632 PMRAcquireKernelMappingDataOSMem+0xd8/0x10c vmalloc vpages
0x00000000-0x00000000    8192 PMRAcquireKernelMappingDataOSMem+0xd8/0x10c vmalloc vpages
0x00000000-0x00000000   69632 PMRAcquireKernelMappingDataOSMem+0xd8/0x10c vmalloc vpages
0x00000000-0x00000000    8192 PMRAcquireKernelMappingDataOSMem+0xd8/0x10c vmalloc vpages
0x00000000-0x00000000    8192 PMRAcquireKernelMappingDataOSMem+0xd8/0x10c vmalloc vpages
0x00000000-0x00000000    8192 OSMMUPxMap+0x44/0x78 vmalloc vpages
0x00000000-0x00000000    8192 OSMMUPxMap+0x44/0x78 vmalloc vpages
0x00000000-0x00000000    8192 PMRAcquireKernelMappingDataOSMem+0xd8/0x10c vmalloc vpages
0x00000000-0x00000000    8192 PMRAcquireKernelMappingDataOSMem+0xd8/0x10c vmalloc vpages
0x00000000-0x00000000    8192 OSMMUPxMap+0x44/0x78 vmalloc vpages
0x00000000-0x00000000 2101248 ccci_config_modem+0xd4/0x1a0 phys=6f000000 ioremap
0x00000000-0x00000000   69632 PMRAcquireKernelMappingDataOSMem+0xd8/0x10c vmalloc vpages
0x00000000-0x00000000    8192 PMRAcquireKernelMappingDataOSMem+0xd8/0x10c vmalloc vpages
0x00000000-0x00000000    8192 OSMMUPxMap+0x44/0x78 vmalloc vpages
0x00000000-0x00000000    8192 PMRAcquireKernelMappingDataOSMem+0xd8/0x10c vmalloc vpages
0x00000000-0x00000000    8192 OSMMUPxMap+0x44/0x78 vmalloc vpages
0x00000000-0x00000000    8192 OSMMUPxMap+0x44/0x78 vmalloc vpages
0x00000000-0x00000000    8192 OSMMUPxMap+0x44/0x78 vmalloc vpages
0x00000000-0x00000000    8192 OSMMUPxMap+0x44/0x78 vmalloc vpages
0x00000000-0x00000000    8192 OSMMUPxMap+0x44/0x78 vmalloc vpages
0x00000000-0x00000000    8192 OSMMUPxMap+0x44/0x78 vmalloc vpages
0x00000000-0x00000000 1048576 vm_map_ram
0x00000000-0x00000000 2093056 binder_mmap+0xac/0x26c ioremap
0x00000000-0x00000000 2093056 binder_mmap+0xac/0x26c ioremap
0x00000000-0x00000000 2093056 binder_mmap+0xac/0x26c ioremap
0x00000000-0x00000000 2093056 binder_mmap+0xac/0x26c ioremap
0x00000000-0x00000000 2093056 binder_mmap+0xac/0x26c ioremap
0x00000000-0x00000000 2093056 binder_mmap+0xac/0x26c ioremap
0x00000000-0x00000000 2093056 binder_mmap+0xac/0x26c ioremap
0x00000000-0x00000000 2093056 binder_mmap+0xac/0x26c ioremap
0x00000000-0x00000000    8192 OSMMUPxMap+0x44/0x78 vmalloc vpages
0x00000000-0x00000000    8192 OSMMUPxMap+0x44/0x78 vmalloc vpages
0x00000000-0x00000000    8192 OSMMUPxMap+0x44/0x78 vmalloc vpages
0x00000000-0x00000000   16384 n_tty_open+0x20/0x128 pages=3 vmalloc
0x00000000-0x00000000   16384 n_tty_open+0x20/0x128 pages=3 vmalloc
0x00000000-0x00000000   16384 n_tty_open+0x20/0x128 pages=3 vmalloc
0x00000000-0x00000000   16384 n_tty_open+0x20/0x128 pages=3 vmalloc
0x00000000-0x00000000   16384 n_tty_open+0x20/0x128 pages=3 vmalloc
0x00000000-0x00000000   16384 n_tty_open+0x20/0x128 pages=3 vmalloc
0x00000000-0x00000000   16384 n_tty_open+0x20/0x128 pages=3 vmalloc
0x00000000-0x00000000   16384 n_tty_open+0x20/0x128 pages=3 vmalloc
0x00000000-0x00000000   16384 n_tty_open+0x20/0x128 pages=3 vmalloc
0x00000000-0x00000000   16384 n_tty_open+0x20/0x128 pages=3 vmalloc
0x00000000-0x00000000   16384 n_tty_open+0x20/0x128 pages=3 vmalloc
0x00000000-0x00000000   16384 n_tty_open+0x20/0x128 pages=3 vmalloc
0x00000000-0x00000000   16384 n_tty_open+0x20/0x128 pages=3 vmalloc
0x00000000-0x00000000   16384 n_tty_open+0x20/0x128 pages=3 vmalloc
0x00000000-0x00000000    8192 seq_read+0x3e0/0x494 pages=1 vmalloc
0x00000000-0x00000000    8192 osal_kmalloc+0x18/0x1c pages=1 vmalloc
0x00000000-0x00000000    8192 osal_kmalloc+0x18/0x1c pages=1 vmalloc
0x00000000-0x00000000 2093056 binder_mmap+0xac/0x26c ioremap
0x00000000-0x00000000   16384 n_tty_open+0x20/0x128 pages=3 vmalloc
0x00000000-0x00000000   16384 n_tty_open+0x20/0x128 pages=3 vmalloc
0x00000000-0x00000000    8192 OSMMUPxMap+0x44/0x78 vmalloc vpages
0x00000000-0x00000000    8192 OSMMUPxMap+0x44/0x78 vmalloc vpages
0x00000000-0x00000000    8192 OSMMUPxMap+0x44/0x78 vmalloc vpages
0x00000000-0x00000000    8192 PMRAcquireKernelMappingDataOSMem+0xd8/0x10c vmalloc vpages
0x00000000-0x00000000   53248 PMRAcquireKernelMappingDataOSMem+0xd8/0x10c vmalloc vpages
0x00000000-0x00000000   12288 PMRAcquireKernelMappingDataOSMem+0xd8/0x10c vmalloc vpages
0x00000000-0x00000000    8192 PMRAcquireKernelMappingDataOSMem+0xd8/0x10c vmalloc vpages
0x00000000-0x00000000    8192 PMRAcquireKernelMappingDataOSMem+0xd8/0x10c vmalloc vpages
0x00000000-0x00000000    8192 PMRAcquireKernelMappingDataOSMem+0xd8/0x10c vmalloc vpages
0x00000000-0x00000000    8192 PMRAcquireKernelMappingDataOSMem+0xd8/0x10c vmalloc vpages
0x00000000-0x00000000    8192 PMRAcquireKernelMappingDataOSMem+0xd8/0x10c vmalloc vpages
0x00000000-0x00000000    8192 PMRAcquireKernelMappingDataOSMem+0xd8/0x10c vmalloc vpages
0x00000000-0x00000000    8192 PMRAcquireKernelMappingDataOSMem+0xd8/0x10c vmalloc vpages
0x00000000-0x00000000  270336 PMRAcquireKernelMappingDataOSMem+0xd8/0x10c vmalloc vpages
0x00000000-0x00000000 2093056 binder_mmap+0xac/0x26c ioremap
0x00000000-0x00000000    8192 OSMMUPxMap+0x44/0x78 vmalloc vpages
0x00000000-0x00000000    8192 PMRAcquireKernelMappingDataOSMem+0xd8/0x10c vmalloc vpages
0x00000000-0x00000000    8192 OSMMUPxMap+0x44/0x78 vmalloc vpages
0x00000000-0x00000000    8192 OSMMUPxMap+0x44/0x78 vmalloc vpages
0x00000000-0x00000000    8192 OSMMUPxMap+0x44/0x78 vmalloc vpages
0x00000000-0x00000000 2093056 binder_mmap+0xac/0x26c ioremap
0x00000000-0x00000000 2093056 binder_mmap+0xac/0x26c ioremap
0x00000000-0x00000000 2093056 binder_mmap+0xac/0x26c ioremap
0x00000000-0x00000000   16384 n_tty_open+0x20/0x128 pages=3 vmalloc
0x00000000-0x00000000   16384 n_tty_open+0x20/0x128 pages=3 vmalloc
0x00000000-0x00000000    8192 OSMMUPxMap+0x44/0x78 vmalloc vpages
0x00000000-0x00000000    8192 adb_request_new.constprop.93+0x5c/0xb0 phys=42c50000 user
0x00000000-0x00000000    8192 adb_request_new.constprop.93+0x5c/0xb0 phys=42d62000 user
0x00000000-0x00000000    8192 adb_request_new.constprop.93+0x5c/0xb0 phys=42df5000 user
0x00000000-0x00000000    8192 adb_request_new.constprop.93+0x5c/0xb0 phys=42c3d000 user
0x00000000-0x00000000    8192 adb_request_new.constprop.93+0x5c/0xb0 phys=42d6e000 user
0x00000000-0x00000000  217088 wlanAdapterCreate+0x24/0x48 pages=52 vmalloc
0x00000000-0x00000000   61440 nicAllocateAdapterMemory+0x78/0xf8 pages=14 vmalloc
0x00000000-0x00000000  131072 nicAllocateAdapterMemory+0x98/0xf8 pages=31 vmalloc
0x00000000-0x00000000 2093056 binder_mmap+0xac/0x26c ioremap
0x00000000-0x00000000 2093056 binder_mmap+0xac/0x26c ioremap
0x00000000-0x00000000 2093056 binder_mmap+0xac/0x26c ioremap
0x00000000-0x00000000    8192 OSMMUPxMap+0x44/0x78 vmalloc vpages
0x00000000-0x00000000 1048576 vm_map_ram
0x00000000-0x00000000   12288 p2PAllocInfo+0x15c/0x1c8 pages=2 vmalloc
0x00000000-0x00000000   45056 p2PAllocInfo+0x16c/0x1c8 pages=10 vmalloc
0x00000000-0x00000000    8192 p2PAllocInfo+0x180/0x1c8 pages=1 vmalloc
0x00000000-0x00000000    8192 p2PAllocInfo+0x194/0x1c8 pages=1 vmalloc
0x00000000-0x00000000    8192 p2PAllocInfo+0x1a8/0x1c8 pages=1 vmalloc
0x00000000-0x00000000    8192 p2pRoleFsmInit+0x24/0x22c pages=1 vmalloc
0x00000000-0x00000000 2093056 binder_mmap+0xac/0x26c ioremap
0x00000000-0x00000000 2093056 binder_mmap+0xac/0x26c ioremap
0x00000000-0x00000000   16384 n_tty_open+0x20/0x128 pages=3 vmalloc
0x00000000-0x00000000   16384 n_tty_open+0x20/0x128 pages=3 vmalloc
0x00000000-0x00000000   16384 n_tty_open+0x20/0x128 pages=3 vmalloc
0x00000000-0x00000000   16384 n_tty_open+0x20/0x128 pages=3 vmalloc
0x00000000-0x00000000  135168 binder_mmap+0xac/0x26c ioremap
0x00000000-0x00000000  135168 SyS_swapon+0x4d4/0x9fc pages=32 vmalloc
0x00000000-0x00000000 2093056 binder_mmap+0xac/0x26c ioremap
0x00000000-0x00000000 1052672 zram_meta_alloc+0x80/0x108 pages=256 vmalloc
0x00000000-0x00000000 2093056 binder_mmap+0xac/0x26c ioremap
0x00000000-0x00000000 2093056 binder_mmap+0xac/0x26c ioremap
0x00000000-0x00000000   16384 xt_alloc_table_info+0xc8/0xfc pages=3 vmalloc
0x00000000-0x00000000   16384 xt_alloc_table_info+0xc8/0xfc pages=3 vmalloc
0x00000000-0x00000000   16384 xt_alloc_table_info+0xc8/0xfc pages=3 vmalloc
0x00000000-0x00000000   16384 xt_alloc_table_info+0xc8/0xfc pages=3 vmalloc
0x00000000-0x00000000   16384 xt_alloc_table_info+0xc8/0xfc pages=3 vmalloc
0x00000000-0x00000000   16384 xt_alloc_table_info+0xc8/0xfc pages=3 vmalloc
0x00000000-0x00000000   16384 xt_alloc_table_info+0xc8/0xfc pages=3 vmalloc
0x00000000-0x00000000   16384 xt_alloc_table_info+0xc8/0xfc pages=3 vmalloc
0x00000000-0x00000000   20480 xt_alloc_table_info+0xc8/0xfc pages=4 vmalloc
0x00000000-0x00000000   20480 xt_alloc_table_info+0xc8/0xfc pages=4 vmalloc
0x00000000-0x00000000   20480 xt_alloc_table_info+0xc8/0xfc pages=4 vmalloc
0x00000000-0x00000000   20480 xt_alloc_table_info+0xc8/0xfc pages=4 vmalloc
0x00000000-0x00000000   20480 xt_alloc_table_info+0xc8/0xfc pages=4 vmalloc
0x00000000-0x00000000   20480 xt_alloc_table_info+0xc8/0xfc pages=4 vmalloc
0x00000000-0x00000000   20480 xt_alloc_table_info+0xc8/0xfc pages=4 vmalloc
0x00000000-0x00000000   20480 xt_alloc_table_info+0xc8/0xfc pages=4 vmalloc
0x00000000-0x00000000   12288 xt_alloc_table_info+0xc8/0xfc pages=2 vmalloc
0x00000000-0x00000000   12288 xt_alloc_table_info+0xc8/0xfc pages=2 vmalloc
0x00000000-0x00000000   12288 xt_alloc_table_info+0xc8/0xfc pages=2 vmalloc
0x00000000-0x00000000   12288 xt_alloc_table_info+0xc8/0xfc pages=2 vmalloc
0x00000000-0x00000000   12288 xt_alloc_table_info+0xc8/0xfc pages=2 vmalloc
0x00000000-0x00000000   12288 xt_alloc_table_info+0xc8/0xfc pages=2 vmalloc
0x00000000-0x00000000   12288 xt_alloc_table_info+0xc8/0xfc pages=2 vmalloc
0x00000000-0x00000000   12288 xt_alloc_table_info+0xc8/0xfc pages=2 vmalloc
0x00000000-0x00000000   12288 xt_alloc_table_info+0xc8/0xfc pages=2 vmalloc
0x00000000-0x00000000   12288 xt_alloc_table_info+0xc8/0xfc pages=2 vmalloc
0x00000000-0x00000000   12288 xt_alloc_table_info+0xc8/0xfc pages=2 vmalloc
0x00000000-0x00000000   12288 xt_alloc_table_info+0xc8/0xfc pages=2 vmalloc
0x00000000-0x00000000   12288 xt_alloc_table_info+0xc8/0xfc pages=2 vmalloc
0x00000000-0x00000000   12288 xt_alloc_table_info+0xc8/0xfc pages=2 vmalloc
0x00000000-0x00000000   12288 xt_alloc_table_info+0xc8/0xfc pages=2 vmalloc
0x00000000-0x00000000   12288 xt_alloc_table_info+0xc8/0xfc pages=2 vmalloc
0x00000000-0x00000000    8192 OSMMUPxMap+0x44/0x78 vmalloc vpages
0x00000000-0x00000000    8192 OSMMUPxMap+0x44/0x78 vmalloc vpages
0x00000000-0x00000000    8192 OSMMUPxMap+0x44/0x78 vmalloc vpages
0x00000000-0x00000000    8192 OSMMUPxMap+0x44/0x78 vmalloc vpages
0x00000000-0x00000000    8192 OSMMUPxMap+0x44/0x78 vmalloc vpages
0x00000000-0x00000000    8192 OSMMUPxMap+0x44/0x78 vmalloc vpages
0x00000000-0x00000000    8192 OSMMUPxMap+0x44/0x78 vmalloc vpages
0x00000000-0x00000000   69632 PMRAcquireKernelMappingDataOSMem+0xd8/0x10c vmalloc vpages
0x00000000-0x00000000    8192 PMRAcquireKernelMappingDataOSMem+0xd8/0x10c vmalloc vpages
0x00000000-0x00000000   69632 PMRAcquireKernelMappingDataOSMem+0xd8/0x10c vmalloc vpages
0x00000000-0x00000000    8192 PMRAcquireKernelMappingDataOSMem+0xd8/0x10c vmalloc vpages
0x00000000-0x00000000    8192 PMRAcquireKernelMappingDataOSMem+0xd8/0x10c vmalloc vpages
0x00000000-0x00000000   69632 PMRAcquireKernelMappingDataOSMem+0xd8/0x10c vmalloc vpages
0x00000000-0x00000000    8192 PMRAcquireKernelMappingDataOSMem+0xd8/0x10c vmalloc vpages
0x00000000-0x00000000    8192 PMRAcquireKernelMappingDataOSMem+0xd8/0x10c vmalloc vpages
0x00000000-0x00000000    8192 PMRAcquireKernelMappingDataOSMem+0xd8/0x10c vmalloc vpages
0x00000000-0x00000000    8192 OSMMUPxMap+0x44/0x78 vmalloc vpages
0x00000000-0x00000000    8192 OSMMUPxMap+0x44/0x78 vmalloc vpages
0x00000000-0x00000000    8192 PMRAcquireKernelMappingDataOSMem+0xd8/0x10c vmalloc vpages
0x00000000-0x00000000 2093056 binder_mmap+0xac/0x26c ioremap
0x00000000-0x00000000 2093056 binder_mmap+0xac/0x26c ioremap
0x00000000-0x00000000 2093056 binder_mmap+0xac/0x26c ioremap
0x00000000-0x00000000   69632 PMRAcquireKernelMappingDataOSMem+0xd8/0x10c vmalloc vpages
0x00000000-0x00000000    8192 PMRAcquireKernelMappingDataOSMem+0xd8/0x10c vmalloc vpages
0x00000000-0x00000000    8192 OSMMUPxMap+0x44/0x78 vmalloc vpages
0x00000000-0x00000000    8192 OSMMUPxMap+0x44/0x78 vmalloc vpages
0x00000000-0x00000000    8192 OSMMUPxMap+0x44/0x78 vmalloc vpages
0x00000000-0x00000000    8192 OSMMUPxMap+0x44/0x78 vmalloc vpages
0x00000000-0x00000000 1048576 vm_map_ram
0x00000000-0x00000000 2093056 binder_mmap+0xac/0x26c ioremap
0x00000000-0x00000000 2093056 binder_mmap+0xac/0x26c ioremap
0x00000000-0x00000000    8192 ion_sys_ioctl.isra.2+0x590/0x5fc vmalloc
0x00000000-0x00000000    8192 OSMMUPxMap+0x44/0x78 vmalloc vpages
0x00000000-0x00000000    8192 OSMMUPxMap+0x44/0x78 vmalloc vpages
0x00000000-0x00000000    8192 OSMMUPxMap+0x44/0x78 vmalloc vpages
0x00000000-0x00000000    8192 OSMMUPxMap+0x44/0x78 vmalloc vpages
0x00000000-0x00000000    8192 OSMMUPxMap+0x44/0x78 vmalloc vpages
0x00000000-0x00000000    8192 OSMMUPxMap+0x44/0x78 vmalloc vpages
0x00000000-0x00000000    8192 OSMMUPxMap+0x44/0x78 vmalloc vpages
0x00000000-0x00000000   69632 PMRAcquireKernelMappingDataOSMem+0xd8/0x10c vmalloc vpages
0x00000000-0x00000000    8192 PMRAcquireKernelMappingDataOSMem+0xd8/0x10c vmalloc vpages
0x00000000-0x00000000   69632 PMRAcquireKernelMappingDataOSMem+0xd8/0x10c vmalloc vpages
0x00000000-0x00000000    8192 PMRAcquireKernelMappingDataOSMem+0xd8/0x10c vmalloc vpages
0x00000000-0x00000000    8192 PMRAcquireKernelMappingDataOSMem+0xd8/0x10c vmalloc vpages
0x00000000-0x00000000   69632 PMRAcquireKernelMappingDataOSMem+0xd8/0x10c vmalloc vpages
0x00000000-0x00000000    8192 PMRAcquireKernelMappingDataOSMem+0xd8/0x10c vmalloc vpages
0x00000000-0x00000000   69632 PMRAcquireKernelMappingDataOSMem+0xd8/0x10c vmalloc vpages
0x00000000-0x00000000    8192 PMRAcquireKernelMappingDataOSMem+0xd8/0x10c vmalloc vpages
0x00000000-0x00000000    8192 PMRAcquireKernelMappingDataOSMem+0xd8/0x10c vmalloc vpages
0x00000000-0x00000000    8192 OSMMUPxMap+0x44/0x78 vmalloc vpages
0x00000000-0x00000000    8192 OSMMUPxMap+0x44/0x78 vmalloc vpages
0x00000000-0x00000000    8192 PMRAcquireKernelMappingDataOSMem+0xd8/0x10c vmalloc vpages
0x00000000-0x00000000    8192 OSMMUPxMap+0x44/0x78 vmalloc vpages
0x00000000-0x00000000    8192 osal_malloc+0x10/0x14 pages=1 vmalloc
0x00000000-0x00000000    8192 osal_malloc+0x10/0x14 pages=1 vmalloc
0x00000000-0x00000000    8192 osal_malloc+0x10/0x14 pages=1 vmalloc
0x00000000-0x00000000  274432 osal_malloc+0x10/0x14 pages=66 vmalloc
0x00000000-0x00000000   36864 osal_malloc+0x10/0x14 pages=8 vmalloc
0x00000000-0x00000000    8192 osal_malloc+0x10/0x14 pages=1 vmalloc
0x00000000-0x00000000    8192 nicTxGenerateDescTemplate+0x178/0x278 pages=1 vmalloc
0x00000000-0x00000000    8192 nicTxGenerateDescTemplate+0x178/0x278 pages=1 vmalloc
0x00000000-0x00000000    8192 nicTxGenerateDescTemplate+0x178/0x278 pages=1 vmalloc
0x00000000-0x00000000    8192 nicTxGenerateDescTemplate+0x178/0x278 pages=1 vmalloc
0x00000000-0x00000000    8192 mtk_wcn_cmb_stub_reg+0x74/0xe4 pages=1 vmalloc
0x00000000-0x00000000    8192 nicTxGenerateDescTemplate+0x178/0x278 pages=1 vmalloc
0x00000000-0x00000000    8192 nicTxGenerateDescTemplate+0x178/0x278 pages=1 vmalloc
0x00000000-0x00000000    8192 nicTxGenerateDescTemplate+0x178/0x278 pages=1 vmalloc
0x00000000-0x00000000    8192 nicTxGenerateDescTemplate+0x178/0x278 pages=1 vmalloc
0x00000000-0x00000000 2113536 stp_dbg_init+0x5c/0x19c pages=515 vmalloc
0x00000000-0x00000000  528384 osal_malloc+0x10/0x14 pages=128 vmalloc
0x00000000-0x00000000    8192 PMRAcquireKernelMappingDataOSMem+0xd8/0x10c vmalloc vpages
0x00000000-0x00000000 2093056 binder_mmap+0xac/0x26c ioremap
0x00000000-0x00000000 2093056 binder_mmap+0xac/0x26c ioremap
0x00000000-0x00000000 2093056 binder_mmap+0xac/0x26c ioremap
0x00000000-0x00000000    8192 OSMMUPxMap+0x44/0x78 vmalloc vpages
0x00000000-0x00000000 2093056 binder_mmap+0xac/0x26c ioremap
0x00000000-0x00000000    8192 OSMMUPxMap+0x44/0x78 vmalloc vpages
0x00000000-0x00000000 2093056 binder_mmap+0xac/0x26c ioremap
0x00000000-0x00000000 2093056 binder_mmap+0xac/0x26c ioremap
0x00000000-0x00000000 2093056 binder_mmap+0xac/0x26c ioremap
0x00000000-0x00000000 2093056 binder_mmap+0xac/0x26c ioremap
0x00000000-0x00000000    8192 wlanoidSetNetworkAddress+0x108/0x230 pages=1 vmalloc
0x00000000-0x00000000 2093056 binder_mmap+0xac/0x26c ioremap
0x00000000-0x00000000 2093056 binder_mmap+0xac/0x26c ioremap
0x00000000-0x00000000 2093056 binder_mmap+0xac/0x26c ioremap
0x00000000-0x00000000 2093056 binder_mmap+0xac/0x26c ioremap
0x00000000-0x00000000   77824 iotable_init+0x0/0xc4 phys=10000000 ioremap
0x00000000-0x00000000  262144 iotable_init+0x0/0xc4 phys=10020000 ioremap
0x00000000-0x00000000 1048576 iotable_init+0x0/0xc4 phys=10100000 ioremap
0x00000000-0x00000000  106496 iotable_init+0x0/0xc4 phys=10200000 ioremap
0x00000000-0x00000000   32768 iotable_init+0x0/0xc4 phys=10220000 ioremap
0x00000000-0x00000000   65536 iotable_init+0x0/0xc4 phys=10390000 ioremap
0x00000000-0x00000000   73728 iotable_init+0x0/0xc4 phys=11000000 ioremap
0x00000000-0x00000000  655360 iotable_init+0x0/0xc4 phys=11200000 ioremap
0x00000000-0x00000000 16777216 iotable_init+0x0/0xc4 phys=13000000 ioremap
0x00000000-0x00000000  147456 iotable_init+0x0/0xc4 phys=14000000 ioremap
0x00000000-0x00000000   65536 iotable_init+0x0/0xc4 phys=15000000 ioremap
0x00000000-0x00000000  196608 iotable_init+0x0/0xc4 phys=16000000 ioremap
0x00000000-0x00000000   12288 iotable_init+0x0/0xc4 phys=17000000 ioremap
0x00000000-0x00000000   20480 iotable_init+0x0/0xc4 phys=18000000 ioremap
0x00000000-0x00000000   65536 iotable_init+0x0/0xc4 phys=100000 ioremap
0x00000000-0x00000000   65536 iotable_init+0x0/0xc4 phys=8000000 ioremap
0x00000000-0x00000000  294912 pcpu_get_vm_areas+0x0/0x600 vmalloc

------ SLAB INFO (/proc/slabinfo) ------
*** /proc/slabinfo: No such file or directory

------ ZONEINFO (/proc/zoneinfo) ------
Node 0, zone   Normal
  pages free     50817
        min      698
        low      926
        high     1101
        scanned  0
        spanned  131072
        present  131072
        managed  121967
    nr_free_pages 50817
    nr_inactive_anon 0
    nr_active_anon 0
    nr_inactive_file 29395
    nr_active_file 27280
    nr_unevictable 0
    nr_mlock     0
    nr_anon_pages 0
    nr_mapped    28868
    nr_file_pages 56675
    nr_dirty     9
    nr_writeback 0
    nr_slab_reclaimable 3766
    nr_slab_unreclaimable 4030
    nr_page_table_pages 2719
    nr_kernel_stack 804
    nr_unstable  0
    nr_bounce    0
    nr_vmscan_write 0
    nr_vmscan_immediate_reclaim 0
    nr_writeback_temp 0
    nr_isolated_anon 0
    nr_isolated_file 0
    nr_shmem     0
    nr_dirtied   72493
    nr_written   71134
    nr_anon_transparent_hugepages 0
    nr_free_cma  0
        protection: (0, 11615, 11615)
  pagesets
    cpu: 0
              count: 177
              high:  186
              batch: 31
  vm stats threshold: 6
  all_unreclaimable: 0
  start_pfn:         262144
  inactive_ratio:    1
Node 0, zone  HighMem
  pages free     63195
        min      128
        low      825
        high     1357
        scanned  0
        spanned  392704
        present  371710
        managed  371710
    nr_free_pages 63195
    nr_inactive_anon 11775
    nr_active_anon 55432
    nr_inactive_file 461
    nr_active_file 64
    nr_unevictable 0
    nr_mlock     0
    nr_anon_pages 67107
    nr_mapped    202
    nr_file_pages 623
    nr_dirty     0
    nr_writeback 0
    nr_slab_reclaimable 0
    nr_slab_unreclaimable 0
    nr_page_table_pages 0
    nr_kernel_stack 0
    nr_unstable  0
    nr_bounce    0
    nr_vmscan_write 0
    nr_vmscan_immediate_reclaim 0
    nr_writeback_temp 0
    nr_isolated_anon 0
    nr_isolated_file 0
    nr_shmem     98
    nr_dirtied   2251
    nr_written   1580
    nr_anon_transparent_hugepages 0
    nr_free_cma  0
        protection: (0, 0, 0)
  pagesets
    cpu: 0
              count: 125
              high:  186
              batch: 31
  vm stats threshold: 10
  all_unreclaimable: 0
  start_pfn:         393216
  inactive_ratio:    3

------ PAGETYPEINFO (/proc/pagetypeinfo) ------
Page block order: 10
Pages per block:  1024

Free pages count per migrate type at order       0      1      2      3      4      5      6      7      8      9     10 
Node    0, zone   Normal, type    Unmovable    230     79     16     24      7      0      0      0      0      1      0 
Node    0, zone   Normal, type  Reclaimable     10      4      9      3      0      1      5      3      2      2      0 
Node    0, zone   Normal, type      Movable      1      2      3      2    260    122     45     27      6      9     26 
Node    0, zone   Normal, type      Mtkpasr      0      0      0      0      0      0      0      0      0      0      0 
Node    0, zone   Normal, type      Reserve      0      0      0      0      0      0      0      0      0      0      0 
Node    0, zone  HighMem, type    Unmovable     81     65      9      8      2      3      2      0      0      0      0 
Node    0, zone  HighMem, type  Reclaimable      0      0      0      0      0      0      0      0      0      0      0 
Node    0, zone  HighMem, type      Movable   3305   1684    817    369    146     41     11      4      0      0      0 
Node    0, zone  HighMem, type      Mtkpasr   1227    404      5     56     56     30     25     10      1      1     35 
Node    0, zone  HighMem, type      Reserve      0      0      0      0      0      0      0      0      0      0      1 

Number of blocks type     Unmovable  Reclaimable      Movable      Mtkpasr      Reserve 
Node 0, zone   Normal           15            6          107            0            0 
Node 0, zone  HighMem           45            0           61          255            1 

------ BUDDYINFO (/proc/buddyinfo) ------
Node 0, zone   Normal    241     85     28     29    267    123     50     30      8     12     26 
Node 0, zone  HighMem   4613   2153    831    433    204     74     38     14      1      1     36 

------ FRAGMENTATION INFO (/d/extfrag/unusable_index: 1970-01-01 08:00:00) ------
Node 0, zone   Normal 0.000 0.004 0.008 0.010 0.014 0.098 0.176 0.239 0.314 0.355 0.476 
Node 0, zone  HighMem 0.000 0.072 0.141 0.193 0.248 0.300 0.337 0.376 0.404 0.408 0.416 

------ KERNEL WAKELOCKS (/proc/wakelocks) ------
*** /proc/wakelocks: No such file or directory

------ KERNEL WAKE SOURCES (/d/wakeup_sources: 1970-01-01 08:00:00) ------
name		active_count	event_count	wakeup_count	expire_count	active_since	total_time	max_time	last_change	prevent_suspend_time
PowerManagerService.Broadcasts	1		1		0		0		0		233		233		4182909		0
ccci_fsd    	5		5		0		0		0		0		0		2768240		0
event7-759  	25		25		1		0		0		241		19		76232		241
WLAN rx_thread	1555		1555		0		0		0		126		2		4173846		2
WLAN hif_thread	12425		12425		4		0		0		28463		30		4182773		355
WLAN tx_thread	11477		11477		2		0		0		394		1		4182773		3
WLAN Timer  	2057		2057		0		0		0		26921		1980		4182760		16
WLAN timeout	2217		12224		2		2217		0		237138		1254		4182820		3881
WLAN interrupt	9697		9697		2		0		0		6640		30		4182773		281
PowerManagerService.WakeLocks	166		166		1		0		0		2989775		1865094		4184628		1171
event1-759  	25		25		1		0		0		397		35		76232		397
event5-759  	2866		2869		1		0		0		927		291		4182674		285
event6-759  	25		25		1		0		0		284		21		76232		284
event0-759  	32		34		1		0		0		13376		610		4182212		13375
KeyEvents   	3024		3024		1		0		0		1246		636		4190529		32
PowerManagerService.Display	4		4		0		0		0		4015000		3903637		4182675		31
wmtFuncCtrl 	4		4		0		0		0		4026		2523		27415		0
MT662x      	149		149		0		0		0		50973		8452		4171832		653
binder      	10		10		0		0		0		2		1		4105420		0
[timerfd]   	0		0		0		0		0		0		0		4847		0
NETLINK     	2079		2079		0		0		0		5523		39		4187955		414
eventpoll   	2089		2096		0		0		0		18		0		4187955		0
eemcs_lb_it 	0		0		0		0		0		0		0		3657		0
eemcs_it    	0		0		0		0		0		0		0		3657		0
ccci_ioctl4 	0		0		0		0		0		0		0		3657		0
ccci_ioctl3 	0		0		0		0		0		0		0		3657		0
ccci_ioctl2 	0		0		0		0		0		0		0		3656		0
ccci_ioctl1 	0		0		0		0		0		0		0		3656		0
ccci_ioctl0 	0		0		0		0		0		0		0		3656		0
ccci_imsdc  	0		0		0		0		0		0		0		3656		0
ccci_imsa   	0		0		0		0		0		0		0		3656		0
ccci_imsc   	0		0		0		0		0		0		0		3656		0
ccci_imsv   	0		0		0		0		0		0		0		3656		0
ccmni2      	0		0		0		0		0		0		0		3655		0
ccmni1      	0		0		0		0		0		0		0		3655		0
ccmni0      	0		0		0		0		0		0		0		3654		0
ttyC1       	0		0		0		0		0		0		0		3654		0
ccci_ipc_3  	12		40		0		12		0		14361		2714		2769250		528
ccci_ipc_2  	0		0		0		0		0		0		0		3654		0
ccci_ipc_1220_0	0		0		0		0		0		0		0		3654		0
ccci_rpc    	3		19		0		3		0		3138		1135		277860		1004
ttyC3       	0		0		0		0		0		0		0		3653		0
ttyC2       	2		2		0		2		0		1992		998		10840		0
ccci_fs     	13		988		0		13		0		19207		2703		2769240		2378
ttyC0       	1294		3410		0		1294		0		1459849		13281		4189770		34114
ccci_md_log_ctrl	0		0		0		0		0		0		0		3653		0
ccci_poll   	0		0		0		0		0		0		0		3653		0
ccci_sys    	0		0		0		0		0		0		0		3653		0
ccci_ctrl   	1		2		0		1		0		1332		1332		8180		0
ccci_aud    	1		5		0		1		0		1004		1004		8220		0
ccci_monitor	2		3		0		2		0		2330		1332		8180		0
ccci0_peer  	1296		4081		0		1296		0		1465952		13391		4189770		34094
ccci0_trm   	0		0		0		0		0		0		0		3648		0
battery     	435		435		0		0		0		372		12		4187930		14
wireless    	435		435		0		0		0		480		10		4187927		8
usb         	435		435		0		0		0		567		13		4187933		21
ac          	435		435		0		0		0		462		12		4187933		20
battery suspend wakelock	1		417		0		0		4093383		4093383		4093383		100410		141567
USB.lock    	2		2		0		0		4092861		4092870		4092861		100932		141567
read_data_wake_lock	0		0		0		0		0		0		0		793		0
read_data_wake_lock	0		0		0		0		0		0		0		792		0
accdet timer wakelock	0		0		0		0		0		0		0		786		0
accdet key wakelock	0		0		0		0		0		0		0		786		0
accdet irq wakelock	1		1		0		0		0		0		0		787		0
accdet wakelock	0		0		0		0		0		0		0		786		0
spi_wakelock	70290		70290		0		0		0		2009770		29		4182900		0
MSDC Transfer Lock	80439		80439		18		0		0		1985		6		4182773		25
mmc2_detect 	3		5		0		2		0		2020		799		10580		0
mmc1_detect 	26		27		1		1		0		1015		1009		76237		5
mmc0_detect 	26		27		1		1		0		594		589		76236		4
vcorefs     	8		8		0		0		0		0		0		4183188		0
leds wakelock	0		0		0		0		0		0		0		478		0
alarm       	94		96		1		0		0		6969		627		4184601		6447
xhci.wakelock	1		1		0		0		0		56		56		28441		0
alarmtimer  	1		1		1		1		0		1994		1994		54850		1994
pmicAuxadc irq wakelock	30554		30562		4		0		0		9944		18		4193030		370
bat_percent_notify_lock wakelock	418		418		1		0		0		21		0		4190335		0
pmicThread_lock_mt6332 wakelock	0		0		0		0		0		0		0		211		0
pmicThread_lock_mt6331 wakelock	18		18		1		0		0		545		521		4182213		11
EINT wakelock	1800		13588		3		1800		0		1259604		13375		4183270		17361
sys_sync    	4		4		0		0		0		22		13		4182684		0
autosleep   	7		7		0		0		0		0		0		4183188		0

------ KERNEL CPUFREQ (/sys/devices/system/cpu/cpu0/cpufreq/stats/time_in_state) ------
1690000 8251
1495000 3832
1365000 21881
1248000 3099
1144000 37753
1001000 58295
806000 285905

------ KERNEL SYNC (/d/sync: 2017-07-17 17:15:56) ------
fences:
--------------

------ PROCESSES (ps -P) ------
USER     PID   PPID  VSIZE  RSS    PCY  WCHAN    PC         NAME
root      1     0     700    532       ffffffff 00000000 S /init
root      2     0     0      0         ffffffff 00000000 S kthreadd
root      3     2     0      0         ffffffff 00000000 S ksoftirqd/0
root      5     2     0      0         ffffffff 00000000 S kworker/0:0H
root      7     2     0      0         ffffffff 00000000 S migration/0
root      8     2     0      0         ffffffff 00000000 S rcu_preempt
root      9     2     0      0         ffffffff 00000000 S rcu_bh
root      10    2     0      0         ffffffff 00000000 S rcu_sched
root      11    2     0      0         ffffffff 00000000 R migration/1
root      12    2     0      0         ffffffff 00000000 R ksoftirqd/1
root      14    2     0      0         ffffffff 00000000 S kworker/1:0H
root      15    2     0      0         ffffffff 00000000 R migration/2
root      16    2     0      0         ffffffff 00000000 R ksoftirqd/2
root      18    2     0      0         ffffffff 00000000 S kworker/2:0H
root      19    2     0      0         ffffffff 00000000 R migration/3
root      20    2     0      0         ffffffff 00000000 R ksoftirqd/3
root      22    2     0      0         ffffffff 00000000 S kworker/3:0H
root      23    2     0      0         ffffffff 00000000 R migration/4
root      24    2     0      0         ffffffff 00000000 R ksoftirqd/4
root      26    2     0      0         ffffffff 00000000 S kworker/4:0H
root      27    2     0      0         ffffffff 00000000 R migration/5
root      28    2     0      0         ffffffff 00000000 R ksoftirqd/5
root      29    2     0      0         ffffffff 00000000 S kworker/5:0
root      30    2     0      0         ffffffff 00000000 S kworker/5:0H
root      31    2     0      0         ffffffff 00000000 R migration/6
root      32    2     0      0         ffffffff 00000000 R ksoftirqd/6
root      33    2     0      0         ffffffff 00000000 S kworker/6:0
root      34    2     0      0         ffffffff 00000000 S kworker/6:0H
root      35    2     0      0         ffffffff 00000000 R migration/7
root      36    2     0      0         ffffffff 00000000 R ksoftirqd/7
root      37    2     0      0         ffffffff 00000000 S kworker/7:0
root      38    2     0      0         ffffffff 00000000 S kworker/7:0H
root      39    2     0      0         ffffffff 00000000 S khelper
root      40    2     0      0         ffffffff 00000000 S fs_sync
root      41    2     0      0         ffffffff 00000000 S suspend
root      42    2     0      0         ffffffff 00000000 S writeback
root      43    2     0      0         ffffffff 00000000 S bioset
root      44    2     0      0         ffffffff 00000000 S kblockd
root      45    2     0      0         ffffffff 00000000 S khubd
root      47    2     0      0         ffffffff 00000000 S pool_reload_wor
root      48    2     0      0         ffffffff 00000000 S kworker/5:1
root      49    2     0      0         ffffffff 00000000 S cfg80211
root      50    2     0      0         ffffffff 00000000 S cfinteractive
root      51    2     0      0         ffffffff 00000000 S pmic_6331_threa
root      52    2     0      0         ffffffff 00000000 S pmic_6332_threa
root      53    2     0      0         ffffffff 00000000 S bat_percent_not
root      54    2     0      0         ffffffff 00000000 S kworker/7:1
root      55    2     0      0         ffffffff 00000000 D hps_main
root      56    2     0      0         ffffffff 00000000 S emi_mpu
root      57    2     0      0         ffffffff 00000000 S kswapd0
root      58    2     0      0         ffffffff 00000000 S fsnotify_mark
root      59    2     0      0         ffffffff 00000000 S crypto
root      78    2     0      0         ffffffff 00000000 S uether
root      79    2     0      0         ffffffff 00000000 D touch_freq_up_t
root      80    2     0      0         ffffffff 00000000 S ion_mm_heap
root      81    2     0      0         ffffffff 00000000 S binder
root      88    2     0      0         ffffffff 00000000 S kworker/u16:5
root      90    2     0      0         ffffffff 00000000 D hang_detect
root      91    2     0      0         ffffffff 00000000 S conn-md-thread
root      92    2     0      0         ffffffff 00000000 S mtk_vibrator
root      93    2     0      0         ffffffff 00000000 S vcorefs
root      94    2     0      0         ffffffff 00000000 S MD32_REBOOT_WQ
root      95    2     0      0         ffffffff 00000000 S MD32_WDT_WQ
root      96    2     0      0         ffffffff 00000000 S MD32_ASSERT_WQ
root      97    2     0      0         ffffffff 00000000 S kthermp
root      98    2     0      0         ffffffff 00000000 S pvr_timer
root      99    2     0      0         ffffffff 00000000 S pvr_defer_free
root      100   2     0      0         ffffffff 00000000 S pvr_devices_wd_
root      101   2     0      0         ffffffff 00000000 S pvr_sync_workqu
root      102   2     0      0         ffffffff 00000000 S mwp
root      103   2     0      0         ffffffff 00000000 S mmcqd/0
root      104   2     0      0         ffffffff 00000000 S mmcqd/0boot0
root      105   2     0      0         ffffffff 00000000 S mmcqd/0boot1
root      106   2     0      0         ffffffff 00000000 S mmcqd/0rpmb
root      107   2     0      0         ffffffff 00000000 S cmdq_auto_relea
root      108   2     0      0         ffffffff 00000000 S cmdq_task
root      109   2     0      0         ffffffff 00000000 S ddp_irq_log_kth
root      110   2     0      0         ffffffff 00000000 D display_esd_che
root      111   2     0      0         ffffffff 00000000 S display_check_a
root      112   2     0      0         ffffffff 00000000 S fence_worker
root      113   2     0      0         ffffffff 00000000 D present_fence_w
root      114   2     0      0         ffffffff 00000000 S update_HX8347D_
root      115   2     0      0         ffffffff 00000000 S accdet
root      116   2     0      0         ffffffff 00000000 S keyEvent_send
root      117   2     0      0         ffffffff 00000000 S accdet_disable
root      118   2     0      0         ffffffff 00000000 S accdet_eint
root      119   2     0      0         ffffffff 00000000 S sensor_polling
root      120   2     0      0         ffffffff 00000000 S kworker/6:1
root      121   2     0      0         ffffffff 00000000 D bat_thread_kthr
root      122   2     0      0         ffffffff 00000000 S mtk charger_hv_
root      124   2     0      0         ffffffff 00000000 S mmcqd/1
root      125   2     0      0         ffffffff 00000000 S mtk-tpd
root      126   2     0      0         ffffffff 00000000 S update_firmware
root      127   2     0      0         ffffffff 00000000 S kworker/4:1
root      128   2     0      0         ffffffff 00000000 S mt_gpufreq_inpu
root      129   2     0      0         ffffffff 00000000 S tx0_worker
root      130   2     0      0         ffffffff 00000000 S tx1_worker
root      131   2     0      0         ffffffff 00000000 S tx2_worker
root      132   2     0      0         ffffffff 00000000 S tx3_worker
root      133   2     0      0         ffffffff 00000000 S tx4_worker
root      134   2     0      0         ffffffff 00000000 S tx5_worker
root      135   2     0      0         ffffffff 00000000 S tx6_worker
root      136   2     0      0         ffffffff 00000000 S tx7_worker
root      137   2     0      0         ffffffff 00000000 S rx0_worker
root      138   2     0      0         ffffffff 00000000 S rx1_worker
root      139   2     0      0         ffffffff 00000000 S rx2_worker
root      140   2     0      0         ffffffff 00000000 S rx3_worker
root      141   2     0      0         ffffffff 00000000 S rx4_worker
root      142   2     0      0         ffffffff 00000000 S rx5_worker
root      143   2     0      0         ffffffff 00000000 S rx6_worker
root      144   2     0      0         ffffffff 00000000 S rx7_worker
root      145   2     0      0         ffffffff 00000000 S ccci_ctrl
root      146   2     0      0         ffffffff 00000000 S ccci_sys
root      147   2     0      0         ffffffff 00000000 S ccci_poll
root      148   2     0      0         ffffffff 00000000 S ccci_rpc
root      149   2     0      0         ffffffff 00000000 S ccci_ipc_3
root      150   2     0      0         ffffffff 00000000 S PTP_CTRL_LITTLE
root      151   2     0      0         ffffffff 00000000 S PTP_CTRL_BIG
root      152   2     0      0         ffffffff 00000000 S PTP_CTRL_GPU
root      153   2     0      0         ffffffff 00000000 S PTP_CTRL_VCORE
root      154   2     0      0         ffffffff 00000000 S deferwq
root      155   2     0      0         ffffffff 00000000 S f_mtp
root      156   2     0      0         ffffffff 00000000 S file-storage
root      157   2     0      0         ffffffff 00000000 D wdtk-0
root      158   2     0      0         ffffffff 00000000 D wdtk-1
root      159   2     0      0         ffffffff 00000000 D wdtk-2
root      160   2     0      0         ffffffff 00000000 D wdtk-3
root      161   2     0      0         ffffffff 00000000 D wdtk-4
root      162   2     0      0         ffffffff 00000000 S kworker/1:1
root      164   2     0      0         ffffffff 00000000 S kworker/3:1
root      165   2     0      0         ffffffff 00000000 D wdtk-5
root      166   2     0      0         ffffffff 00000000 D wdtk-6
root      167   2     0      0         ffffffff 00000000 D wdtk-7
root      169   1     580    260       ffffffff 00000000 S /sbin/ueventd
root      170   2     0      0         ffffffff 00000000 S kworker/5:1H
root      171   2     0      0         ffffffff 00000000 S kworker/4:1H
root      172   2     0      0         ffffffff 00000000 S jbd2/mmcblk0p13
root      173   2     0      0         ffffffff 00000000 S ext4-dio-unwrit
root      175   2     0      0         ffffffff 00000000 S kworker/7:1H
root      178   2     0      0         ffffffff 00000000 S jbd2/mmcblk0p15
root      179   2     0      0         ffffffff 00000000 S ext4-dio-unwrit
root      183   2     0      0         ffffffff 00000000 S kworker/6:1H
root      185   2     0      0         ffffffff 00000000 S jbd2/mmcblk0p14
root      186   2     0      0         ffffffff 00000000 S ext4-dio-unwrit
root      209   2     0      0         ffffffff 00000000 S jbd2/mmcblk0p3-
root      210   2     0      0         ffffffff 00000000 S ext4-dio-unwrit
root      213   2     0      0         ffffffff 00000000 S jbd2/mmcblk0p4-
root      214   2     0      0         ffffffff 00000000 S ext4-dio-unwrit
root      215   2     0      0         ffffffff 00000000 S loop0
root      216   1     18508  3768      ffffffff 00000000 S /system/bin/atci_service
root      217   1     1284   540       ffffffff 00000000 S /system/bin/atcid
system    219   1     1396   296       ffffffff 00000000 S /system/bin/drvbd
root      220   2     0      0         ffffffff 00000000 S kworker/1:1H
root      221   1     2480   4     fg  ffffffff 00000000 S /sbin/healthd
system    222   1     1144   180       ffffffff 00000000 S /system/bin/servicemanager
root      223   1     5092   1392      ffffffff 00000000 S /system/bin/vold
system    224   1     1456   604       ffffffff 00000000 S /system/bin/autokd
system    227   1     996    168       ffffffff 00000000 S /system/bin/logwrapper
ccci      228   1     1536   720       ffffffff 00000000 S /system/bin/ccci_fsd
system    229   1     1572   608       ffffffff 00000000 S /system/bin/ccci_mdinit
root      231   2     0      0         ffffffff 00000000 S kworker/0:1H
root      232   1     1800   748       ffffffff 00000000 S /system/bin/debuggerd
shell     233   1     2444   588       ffffffff 00000000 S /system/bin/mobile_log_d
root      234   1     10040  1348      ffffffff 00000000 S /system/bin/netd
shell     235   1     3200   684       ffffffff 00000000 S /system/bin/netdiag
root      236   2     0      0         ffffffff 00000000 S kworker/2:1H
system    238   1     4768   884   fg  ffffffff 00000000 S /system/bin/nvram_agent_binder
system    240   1     41836  7816      ffffffff 00000000 S /system/bin/surfaceflinger
root      241   1     946272 53880     ffffffff 00000000 S zygote
drm       242   1     37188  10076 fg  ffffffff 00000000 S /system/bin/drmserver
media     243   1     120912 35780 fg  ffffffff 00000000 S /system/bin/mediaserver
system    244   1     5708   660   fg  ffffffff 00000000 S /system/bin/bwc
radio     245   1     37336  9596  fg  ffffffff 00000000 S /system/bin/vtservice
install   246   1     1168   556       ffffffff 00000000 S /system/bin/installd
keystore  248   1     4732   1268  fg  ffffffff 00000000 S /system/bin/keystore
gps       249   1     38924  1816      ffffffff 00000000 S /system/bin/mtk_agpsd
gps       250   1     3580   552       ffffffff 00000000 S /system/xbin/mnld
shell     251   1     1064   192       c008875c b6f78f48 S /system/bin/batterywarning
media     252   1     4756   700   fg  ffffffff 00000000 S /system/bin/MtkCodecService
system    254   1     14652  3432  fg  ffffffff 00000000 S /system/bin/guiext-server
system    255   1     2092   196       ffffffff 00000000 S /system/bin/fotabinder
system    257   1     4808   716   fg  ffffffff 00000000 S /system/bin/ppl_agent
bluetooth 258   1     14416  4176      ffffffff 00000000 S /system/bin/mtkbt
system    260   1     4808   716   fg  ffffffff 00000000 S /system/bin/GoogleOtaBinder
system    263   1     3156   440       ffffffff 00000000 S /system/bin/thermal
system    264   1     1060   192       ffffffff 00000000 S /system/bin/thermald
nvram     267   1     30152  8244      ffffffff 00000000 S /system/bin/em_svr
root      268   2     0      0         ffffffff 00000000 S kworker/3:1H
system    269   227   1080   440       ffffffff 00000000 S /system/bin/6620_launcher
system    278   1     2400   512       ffffffff 00000000 S /system/bin/st480d
root      470   2     0      0         ffffffff 00000000 S pvr_workqueue
root      471   2     0      0         ffffffff 00000000 S pvr_workqueue
root      472   2     0      0         ffffffff 00000000 S pvr_workqueue
root      580   2     0      0         ffffffff 00000000 S mtk_stp_psm
root      581   2     0      0         ffffffff 00000000 S mtk_stp_btm
root      582   2     0      0         ffffffff 00000000 S mtk_wmtd
root      752   2     0      0         ffffffff 00000000 S kworker/u17:2
shell     753   1     2760   816       ffffffff 00000000 S /system/bin/ecccimdlogger
radio     754   1     10352  436       ffffffff 00000000 S /system/bin/gsm0710muxd
system    759   241   1066288 82176 fg  ffffffff 00000000 S system_server
radio     790   1     18472  784       ffffffff 00000000 S /system/bin/rild
root      811   2     0      0         ffffffff 00000000 S ksdioirqd/mmc2
root      812   2     0      0         ffffffff 00000000 S stp_sdio_tx_rx
u0_a6     901   241   968064 38212 fg  ffffffff 00000000 S com.android.keyguard
root      982   2     0      0         ffffffff 00000000 S tx_thread
root      983   2     0      0         ffffffff 00000000 S hif_thread
root      984   2     0      0         ffffffff 00000000 S rx_thread
u0_a6     986   241   1003748 55844 fg  ffffffff 00000000 R com.android.systemui
wifi      1014  1     3932   2240      ffffffff 00000000 S /system/bin/wpa_supplicant
media_rw  1028  1     3680   444       ffffffff 00000000 S /system/bin/sdcard
root      1038  2     0      0         ffffffff 00000000 S kworker/3:2
root      1058  2     0      0         ffffffff 00000000 S kworker/4:2
u0_a18    1073  241   956336 32096 fg  ffffffff 00000000 S com.hicam.android.softkeyboard
u0_a30    1091  241   962804 24588 bg  ffffffff 00000000 S com.android.printspooler
radio     1106  241   992648 53920 fg  ffffffff 00000000 S com.android.phone
u0_a35    1119  241   1038612 58372 fg  ffffffff 00000000 S com.mediatek.voicecommand
bluetooth 1130  241   957716 27788 fg  ffffffff 00000000 S com.mediatek.bluetooth
u0_a37    1146  241   965768 31396 fg  ffffffff 00000000 S com.sioeye.iris.DataManagerService
u0_a39    1159  241   975836 38688 fg  ffffffff 00000000 S com.sioeye.iris.controller
u0_a26    1173  241   957992 24616 fg  ffffffff 00000000 S com.mediatek.nlpservice
root      1210  2     0      0         ffffffff 00000000 S hdmi_rdma_confi
root      1211  2     0      0         ffffffff 00000000 S mhl_irq_kthread
root      1212  2     0      0         ffffffff 00000000 S smartbook_kthre
root      1213  2     0      0         ffffffff 00000000 S sii8348drv
u0_a4     1227  241   979904 44644 bg  ffffffff 00000000 S android.process.media
u0_a40    1246  241   966640 41216 fg  ffffffff 00000000 S com.ckt.sioeye
media_rw  1322  1     3668   444       ffffffff 00000000 S /system/bin/sdcard
system    1396  241   981488 57732 bg  ffffffff 00000000 S com.android.settings
u0_a1     1439  241   964836 37988 bg  ffffffff 00000000 S com.android.contacts
system    1657  241   957036 24808 bg  ffffffff 00000000 S com.mediatek.atci.service
shell     1815  241   956364 24684 bg  ffffffff 00000000 S com.android.shell
u0_a31    1831  241   971136 34672 fg  ffffffff 00000000 S com.ckt.eirot.sioeyettsdemo
root      1870  2     0      0         ffffffff 00000000 S kworker/u16:7
u0_a20    1947  241   989220 44396 bg  ffffffff 00000000 S com.android.launcher3
root      2170  2     0      0         ffffffff 00000000 S kworker/1:2
root      2198  2     0      0         ffffffff 00000000 S kworker/2:2
shell     2424  1     4648   268       ffffffff 00000000 S /sbin/adbd
root      3254  2     0      0         ffffffff 00000000 S kworker/2:0
root      3407  2     0      0         ffffffff 00000000 S kworker/u16:1
root      3409  2     0      0         ffffffff 00000000 S kworker/u17:1
root      3411  2     0      0         ffffffff 00000000 S kworker/u16:4
root      3412  2     0      0         ffffffff 00000000 S kworker/0:1
root      3427  2     0      0         ffffffff 00000000 S kworker/u16:2
root      3699  2     0      0         ffffffff 00000000 S kworker/1:0
u0_a15    3709  241   966404 26232 bg  ffffffff 00000000 S com.android.documentsui
u0_a2     3722  241   955680 23696 bg  ffffffff 00000000 S com.android.defcontainer
u0_a5     3748  241   955688 24480 bg  ffffffff 00000000 S com.android.externalstorage
root      4200  2     0      0         ffffffff 00000000 S kworker/3:0
root      5009  2     0      0         ffffffff 00000000 S kworker/0:2
root      5011  2     0      0         ffffffff 00000000 S kworker/2:1
root      5012  2     0      0         ffffffff 00000000 S kworker/u16:0
shell     5506  2424  918188 37440     ffffffff 401243ac R uiautomator
root      6163  1     1000   396       ffffffff 00000000 S /system/bin/logwrapper
dhcp      6164  6163  1184   480       ffffffff 00000000 S /system/bin/dhcpcd
system    6323  241   1038168 63184     ffffffff 00000000 S com.hicam
root      6432  2     0      0         ffffffff 00000000 S kworker/0:0
shell     6464  5506  1064   436       c07f5298 4010e38c S /system/bin/bugreport
shell     6465  1     1168   620       ffffffff 00000000 S /system/bin/dumpstate
shell     6474  6465  1388   484       00000000 b6f1938c R ps
[ps: 0.1s elapsed]

------ PROCESSES AND THREADS (ps -t -p -P) ------
USER     PID   PPID  VSIZE  RSS   PRIO  NICE  RTPRI SCHED  PCY  WCHAN    PC         NAME
root      1     0     700    532   20    0     0     0         ffffffff 00000000 S /init
root      2     0     0      0     20    0     0     0         ffffffff 00000000 S kthreadd
root      3     2     0      0     20    0     0     0         ffffffff 00000000 S ksoftirqd/0
root      5     2     0      0     0     -20   0     0         ffffffff 00000000 S kworker/0:0H
root      7     2     0      0     -99   0     98    1         ffffffff 00000000 S migration/0
root      8     2     0      0     20    0     0     0         ffffffff 00000000 S rcu_preempt
root      9     2     0      0     20    0     0     0         ffffffff 00000000 S rcu_bh
root      10    2     0      0     20    0     0     0         ffffffff 00000000 S rcu_sched
root      11    2     0      0     -99   0     98    1         ffffffff 00000000 R migration/1
root      12    2     0      0     20    0     0     0         ffffffff 00000000 R ksoftirqd/1
root      14    2     0      0     0     -20   0     0         ffffffff 00000000 S kworker/1:0H
root      15    2     0      0     -99   0     98    1         ffffffff 00000000 R migration/2
root      16    2     0      0     20    0     0     0         ffffffff 00000000 R ksoftirqd/2
root      18    2     0      0     0     -20   0     0         ffffffff 00000000 S kworker/2:0H
root      19    2     0      0     -99   0     98    1         ffffffff 00000000 R migration/3
root      20    2     0      0     20    0     0     0         ffffffff 00000000 R ksoftirqd/3
root      22    2     0      0     0     -20   0     0         ffffffff 00000000 S kworker/3:0H
root      23    2     0      0     -99   0     98    1         ffffffff 00000000 R migration/4
root      24    2     0      0     20    0     0     0         ffffffff 00000000 R ksoftirqd/4
root      26    2     0      0     0     -20   0     0         ffffffff 00000000 S kworker/4:0H
root      27    2     0      0     -99   0     98    1         ffffffff 00000000 R migration/5
root      28    2     0      0     20    0     0     0         ffffffff 00000000 R ksoftirqd/5
root      29    2     0      0     20    0     0     0         ffffffff 00000000 S kworker/5:0
root      30    2     0      0     0     -20   0     0         ffffffff 00000000 S kworker/5:0H
root      31    2     0      0     -99   0     98    1         ffffffff 00000000 R migration/6
root      32    2     0      0     20    0     0     0         ffffffff 00000000 R ksoftirqd/6
root      33    2     0      0     20    0     0     0         ffffffff 00000000 S kworker/6:0
root      34    2     0      0     0     -20   0     0         ffffffff 00000000 S kworker/6:0H
root      35    2     0      0     -99   0     98    1         ffffffff 00000000 R migration/7
root      36    2     0      0     20    0     0     0         ffffffff 00000000 R ksoftirqd/7
root      37    2     0      0     20    0     0     0         ffffffff 00000000 S kworker/7:0
root      38    2     0      0     0     -20   0     0         ffffffff 00000000 S kworker/7:0H
root      39    2     0      0     0     -20   0     0         ffffffff 00000000 S khelper
root      40    2     0      0     0     -20   0     0         ffffffff 00000000 S fs_sync
root      41    2     0      0     0     -20   0     0         ffffffff 00000000 S suspend
root      42    2     0      0     0     -20   0     0         ffffffff 00000000 S writeback
root      43    2     0      0     0     -20   0     0         ffffffff 00000000 S bioset
root      44    2     0      0     0     -20   0     0         ffffffff 00000000 S kblockd
root      45    2     0      0     20    0     0     0         ffffffff 00000000 S khubd
root      47    2     0      0     0     -20   0     0         ffffffff 00000000 S pool_reload_wor
root      48    2     0      0     20    0     0     0         ffffffff 00000000 S kworker/5:1
root      49    2     0      0     0     -20   0     0         ffffffff 00000000 S cfg80211
root      50    2     0      0     -100  0     99    1         ffffffff 00000000 S cfinteractive
root      51    2     0      0     -99   0     98    1         ffffffff 00000000 S pmic_6331_threa
root      52    2     0      0     -99   0     98    1         ffffffff 00000000 S pmic_6332_threa
root      53    2     0      0     20    0     0     0         ffffffff 00000000 S bat_percent_not
root      54    2     0      0     20    0     0     0         ffffffff 00000000 S kworker/7:1
root      55    2     0      0     -98   0     97    1         ffffffff 00000000 D hps_main
root      56    2     0      0     0     -20   0     0         ffffffff 00000000 S emi_mpu
root      57    2     0      0     20    0     0     0         ffffffff 00000000 S kswapd0
root      58    2     0      0     20    0     0     0         ffffffff 00000000 S fsnotify_mark
root      59    2     0      0     0     -20   0     0         ffffffff 00000000 S crypto
root      78    2     0      0     0     -20   0     0         ffffffff 00000000 S uether
root      79    2     0      0     -100  0     99    1         ffffffff 00000000 D touch_freq_up_t
root      80    2     0      0     20    0     0     5         ffffffff 00000000 S ion_mm_heap
root      81    2     0      0     0     -20   0     0         ffffffff 00000000 S binder
root      88    2     0      0     20    0     0     0         ffffffff 00000000 S kworker/u16:5
root      90    2     0      0     -100  0     99    1         ffffffff 00000000 D hang_detect
root      91    2     0      0     20    0     0     0         ffffffff 00000000 S conn-md-thread
root      92    2     0      0     0     -20   0     0         ffffffff 00000000 S mtk_vibrator
root      93    2     0      0     -100  0     99    1         ffffffff 00000000 S vcorefs
root      94    2     0      0     0     -20   0     0         ffffffff 00000000 S MD32_REBOOT_WQ
root      95    2     0      0     0     -20   0     0         ffffffff 00000000 S MD32_WDT_WQ
root      96    2     0      0     0     -20   0     0         ffffffff 00000000 S MD32_ASSERT_WQ
root      97    2     0      0     -99   0     98    1         ffffffff 00000000 S kthermp
root      98    2     0      0     0     -20   0     0         ffffffff 00000000 S pvr_timer
root      99    2     0      0     20    0     0     0         ffffffff 00000000 S pvr_defer_free
root      100   2     0      0     20    0     0     0         ffffffff 00000000 S pvr_devices_wd_
root      101   2     0      0     0     -20   0     0         ffffffff 00000000 S pvr_sync_workqu
root      102   2     0      0     0     -20   0     0         ffffffff 00000000 S mwp
root      103   2     0      0     20    0     0     0         ffffffff 00000000 S mmcqd/0
root      104   2     0      0     20    0     0     0         ffffffff 00000000 S mmcqd/0boot0
root      105   2     0      0     20    0     0     0         ffffffff 00000000 S mmcqd/0boot1
root      106   2     0      0     20    0     0     0         ffffffff 00000000 S mmcqd/0rpmb
root      107   2     0      0     0     -20   0     0         ffffffff 00000000 S cmdq_auto_relea
root      108   2     0      0     0     -20   0     0         ffffffff 00000000 S cmdq_task
root      109   2     0      0     20    0     0     0         ffffffff 00000000 S ddp_irq_log_kth
root      110   2     0      0     -88   0     87    2         ffffffff 00000000 D display_esd_che
root      111   2     0      0     20    0     0     0         ffffffff 00000000 S display_check_a
root      112   2     0      0     -95   0     94    2         ffffffff 00000000 S fence_worker
root      113   2     0      0     20    0     0     0         ffffffff 00000000 D present_fence_w
root      114   2     0      0     -95   0     94    1         ffffffff 00000000 S update_HX8347D_
root      115   2     0      0     0     -20   0     0         ffffffff 00000000 S accdet
root      116   2     0      0     20    0     0     0         ffffffff 00000000 S keyEvent_send
root      117   2     0      0     0     -20   0     0         ffffffff 00000000 S accdet_disable
root      118   2     0      0     0     -20   0     0         ffffffff 00000000 S accdet_eint
root      119   2     0      0     0     -20   0     0         ffffffff 00000000 S sensor_polling
root      120   2     0      0     20    0     0     0         ffffffff 00000000 S kworker/6:1
root      121   2     0      0     20    0     0     0         ffffffff 00000000 D bat_thread_kthr
root      122   2     0      0     20    0     0     0         ffffffff 00000000 S mtk charger_hv_
root      124   2     0      0     20    0     0     0         ffffffff 00000000 S mmcqd/1
root      125   2     0      0     -5    0     4     2         ffffffff 00000000 S mtk-tpd
root      126   2     0      0     0     -20   0     0         ffffffff 00000000 S update_firmware
root      127   2     0      0     20    0     0     0         ffffffff 00000000 S kworker/4:1
root      128   2     0      0     -100  0     99    1         ffffffff 00000000 S mt_gpufreq_inpu
root      129   2     0      0     0     -20   0     0         ffffffff 00000000 S tx0_worker
root      130   2     0      0     0     -20   0     0         ffffffff 00000000 S tx1_worker
root      131   2     0      0     0     -20   0     0         ffffffff 00000000 S tx2_worker
root      132   2     0      0     0     -20   0     0         ffffffff 00000000 S tx3_worker
root      133   2     0      0     0     -20   0     0         ffffffff 00000000 S tx4_worker
root      134   2     0      0     0     -20   0     0         ffffffff 00000000 S tx5_worker
root      135   2     0      0     0     -20   0     0         ffffffff 00000000 S tx6_worker
root      136   2     0      0     0     -20   0     0         ffffffff 00000000 S tx7_worker
root      137   2     0      0     0     -20   0     0         ffffffff 00000000 S rx0_worker
root      138   2     0      0     0     -20   0     0         ffffffff 00000000 S rx1_worker
root      139   2     0      0     0     -20   0     0         ffffffff 00000000 S rx2_worker
root      140   2     0      0     0     -20   0     0         ffffffff 00000000 S rx3_worker
root      141   2     0      0     0     -20   0     0         ffffffff 00000000 S rx4_worker
root      142   2     0      0     0     -20   0     0         ffffffff 00000000 S rx5_worker
root      143   2     0      0     0     -20   0     0         ffffffff 00000000 S rx6_worker
root      144   2     0      0     0     -20   0     0         ffffffff 00000000 S rx7_worker
root      145   2     0      0     -2    0     1     1         ffffffff 00000000 S ccci_ctrl
root      146   2     0      0     -2    0     1     1         ffffffff 00000000 S ccci_sys
root      147   2     0      0     -2    0     1     1         ffffffff 00000000 S ccci_poll
root      148   2     0      0     -2    0     1     1         ffffffff 00000000 S ccci_rpc
root      149   2     0      0     20    0     0     0         ffffffff 00000000 S ccci_ipc_3
root      150   2     0      0     20    0     0     0         ffffffff 00000000 S PTP_CTRL_LITTLE
root      151   2     0      0     20    0     0     0         ffffffff 00000000 S PTP_CTRL_BIG
root      152   2     0      0     20    0     0     0         ffffffff 00000000 S PTP_CTRL_GPU
root      153   2     0      0     20    0     0     0         ffffffff 00000000 S PTP_CTRL_VCORE
root      154   2     0      0     0     -20   0     0         ffffffff 00000000 S deferwq
root      155   2     0      0     0     -20   0     0         ffffffff 00000000 S f_mtp
root      156   2     0      0     20    0     0     0         ffffffff 00000000 S file-storage
root      157   2     0      0     -100  0     99    1         ffffffff 00000000 D wdtk-0
root      158   2     0      0     -100  0     99    1         ffffffff 00000000 D wdtk-1
root      159   2     0      0     -100  0     99    1         ffffffff 00000000 D wdtk-2
root      160   2     0      0     -100  0     99    1         ffffffff 00000000 D wdtk-3
root      161   2     0      0     -100  0     99    1         ffffffff 00000000 D wdtk-4
root      162   2     0      0     20    0     0     0         ffffffff 00000000 S kworker/1:1
root      164   2     0      0     20    0     0     0         ffffffff 00000000 S kworker/3:1
root      165   2     0      0     -100  0     99    1         ffffffff 00000000 D wdtk-5
root      166   2     0      0     -100  0     99    1         ffffffff 00000000 D wdtk-6
root      167   2     0      0     -100  0     99    1         ffffffff 00000000 D wdtk-7
root      169   1     580    260   20    0     0     0         ffffffff 00000000 S /sbin/ueventd
root      170   2     0      0     0     -20   0     0         ffffffff 00000000 S kworker/5:1H
root      171   2     0      0     0     -20   0     0         ffffffff 00000000 S kworker/4:1H
root      172   2     0      0     20    0     0     0         ffffffff 00000000 S jbd2/mmcblk0p13
root      173   2     0      0     0     -20   0     0         ffffffff 00000000 S ext4-dio-unwrit
root      175   2     0      0     0     -20   0     0         ffffffff 00000000 S kworker/7:1H
root      178   2     0      0     20    0     0     0         ffffffff 00000000 S jbd2/mmcblk0p15
root      179   2     0      0     0     -20   0     0         ffffffff 00000000 S ext4-dio-unwrit
root      183   2     0      0     0     -20   0     0         ffffffff 00000000 S kworker/6:1H
root      185   2     0      0     20    0     0     0         ffffffff 00000000 S jbd2/mmcblk0p14
root      186   2     0      0     0     -20   0     0         ffffffff 00000000 S ext4-dio-unwrit
root      209   2     0      0     20    0     0     0         ffffffff 00000000 S jbd2/mmcblk0p3-
root      210   2     0      0     0     -20   0     0         ffffffff 00000000 S ext4-dio-unwrit
root      213   2     0      0     20    0     0     0         ffffffff 00000000 S jbd2/mmcblk0p4-
root      214   2     0      0     0     -20   0     0         ffffffff 00000000 S ext4-dio-unwrit
root      215   2     0      0     0     -20   0     0         ffffffff 00000000 S loop0
root      216   1     18508  3768  20    0     0     0         ffffffff 00000000 S /system/bin/atci_service
root      372   216   18508  3768  20    0     0     0     fg  ffffffff 00000000 S Binder_1
root      373   216   18508  3768  20    0     0     0         ffffffff 00000000 S atci_service
root      374   216   18508  3768  20    0     0     0         ffffffff 00000000 S atci_service
root      375   216   18508  3768  20    0     0     0         ffffffff 00000000 S atci_service
root      376   216   18508  3768  20    0     0     0         ffffffff 00000000 S atci_service
root      378   216   18508  3768  20    0     0     0     fg  ffffffff 00000000 S Binder_2
root      217   1     1284   540   20    0     0     0         ffffffff 00000000 S /system/bin/atcid
system    219   1     1396   296   20    0     0     0         ffffffff 00000000 S /system/bin/drvbd
root      220   2     0      0     0     -20   0     0         ffffffff 00000000 S kworker/1:1H
root      221   1     2480   4     20    0     0     0     fg  ffffffff 00000000 S /sbin/healthd
system    222   1     1144   180   20    0     0     0         ffffffff 00000000 S /system/bin/servicemanager
root      223   1     5092   1392  20    0     0     0         ffffffff 00000000 S /system/bin/vold
root      381   223   5092   1392  20    0     0     0         ffffffff 00000000 S vold
root      389   223   5092   1392  20    0     0     0         ffffffff 00000000 S vold
system    224   1     1456   604   20    0     0     0         ffffffff 00000000 S /system/bin/autokd
system    227   1     996    168   20    0     0     0         ffffffff 00000000 S /system/bin/logwrapper
ccci      228   1     1536   720   20    0     0     0         ffffffff 00000000 S /system/bin/ccci_fsd
system    229   1     1572   608   20    0     0     0         ffffffff 00000000 S /system/bin/ccci_mdinit
root      231   2     0      0     0     -20   0     0         ffffffff 00000000 S kworker/0:1H
root      232   1     1800   748   -29   0     28    2         ffffffff 00000000 S /system/bin/debuggerd
shell     233   1     2444   588   20    0     0     0         ffffffff 00000000 S /system/bin/mobile_log_d
shell     587   233   2444   588   20    0     0     0         ffffffff 00000000 S mobile_log_d
root      234   1     10040  1348  20    0     0     0         ffffffff 00000000 S /system/bin/netd
root      741   234   10040  1348  20    0     0     0         ffffffff 00000000 S netd
root      743   234   10040  1348  20    0     0     0         ffffffff 00000000 S netd
root      744   234   10040  1348  20    0     0     0         ffffffff 00000000 S netd
root      745   234   10040  1348  20    0     0     0         ffffffff 00000000 S netd
root      746   234   10040  1348  20    0     0     0         ffffffff 00000000 S netd
root      747   234   10040  1348  20    0     0     0         ffffffff 00000000 S netd
root      748   234   10040  1348  20    0     0     0         ffffffff 00000000 S netd
shell     235   1     3200   684   20    0     0     0         ffffffff 00000000 S /system/bin/netdiag
shell     298   235   3200   684   20    0     0     0         ffffffff 00000000 S netdiag
root      236   2     0      0     0     -20   0     0         ffffffff 00000000 S kworker/2:1H
system    238   1     4768   884   20    0     0     0     fg  ffffffff 00000000 S /system/bin/nvram_agent_binder
system    279   238   4768   884   20    0     0     0     fg  ffffffff 00000000 S Binder_1
system    240   1     41836  7816  12    -8    0     0         ffffffff 00000000 S /system/bin/surfaceflinger
system    391   240   41836  7816  20    0     0     0     fg  ffffffff 00000000 S Binder_1
system    392   240   41836  7816  11    -9    0     0         ffffffff 00000000 S DispSync
system    394   240   41836  7816  20    0     0     0     fg  ffffffff 00000000 S Binder_2
system    566   240   41836  7816  12    -8    0     0         ffffffff 00000000 S ged-swd
system    569   240   41836  7816  12    -8    0     0         ffffffff 00000000 S VSyncThreadHWC
system    570   240   41836  7816  12    -8    0     0         ffffffff 00000000 S UEventThreadHWC
system    571   240   41836  7816  12    -8    0     0         ffffffff 00000000 S UICompThread_0
system    572   240   41836  7816  12    -8    0     0         ffffffff 00000000 S MMCompThread_0
system    573   240   41836  7816  12    -8    0     0         ffffffff 00000000 S HWCDispatchThre
system    599   240   41836  7816  30    10    0     0     bg  ffffffff 00000000 S SFWatchDog
system    602   240   41836  7816  20    0     0     0     fg  ffffffff 00000000 S Binder_3
system    603   240   41836  7816  11    -9    0     0         ffffffff 00000000 S EventThread
system    604   240   41836  7816  11    -9    0     0         ffffffff 00000000 S EventThread
system    605   240   41836  7816  12    -8    0     0         ffffffff 00000000 S EventControl
system    826   240   41836  7816  20    0     0     0     fg  ffffffff 00000000 S Binder_4
system    1199  240   41836  7816  20    0     0     0     fg  ffffffff 00000000 S Binder_5
root      241   1     946272 53880 20    0     0     0         ffffffff 00000000 S zygote
root      6324  241   946272 53880 20    0     0     0         ffffffff 00000000 S ReferenceQueueD
root      6325  241   946272 53880 20    0     0     0         ffffffff 00000000 S FinalizerDaemon
root      6326  241   946272 53880 20    0     0     0         ffffffff 00000000 S FinalizerWatchd
drm       242   1     37188  10076 20    0     0     0     fg  ffffffff 00000000 S /system/bin/drmserver
drm       624   242   37188  10076 20    0     0     0     fg  ffffffff 00000000 S Binder_1
drm       1860  242   37188  10076 20    0     0     0     fg  ffffffff 00000000 S Binder_2
drm       1861  242   37188  10076 20    0     0     0     fg  ffffffff 00000000 S Binder_3
media     243   1     120912 35780 20    0     0     0     fg  ffffffff 00000000 S /system/bin/mediaserver
media     457   243   120912 35780 4     -16   0     0     fg  ffffffff 00000000 S ApmTone
media     458   243   120912 35780 4     -16   0     0     fg  ffffffff 00000000 S ApmAudio
media     459   243   120912 35780 4     -16   0     0     fg  ffffffff 00000000 S ApmOutput
media     669   243   120912 35780 -93   0     92    2         ffffffff 00000000 S CCCIReadThread
media     682   243   120912 35780 4     -16   0     0         ffffffff 00000000 S SpeakerMonitorT
media     706   243   120912 35780 1     -19   0     0         ffffffff 00000000 S AudioOut_2
media     710   243   120912 35780 20    0     0     0     fg  ffffffff 00000000 S Binder_1
media     882   243   120912 35780 20    0     0     0     fg  ffffffff 00000000 S Binder_2
media     941   243   120912 35780 20    0     0     0     fg  ffffffff 00000000 S FileSourceProxy
media     1305  243   120912 35780 20    0     0     0     fg  ffffffff 00000000 S NotifySender
media     1497  243   120912 35780 -76   0     75    2     fg  ffffffff 00000000 S MDP-0
media     1588  243   120912 35780 20    0     0     0     fg  ffffffff 00000000 S Binder_3
media     1589  243   120912 35780 20    0     0     0     fg  ffffffff 00000000 S Binder_4
system    244   1     5708   660   20    0     0     0     fg  ffffffff 00000000 S /system/bin/bwc
system    289   244   5708   660   30    10    0     0     bg  ffffffff 00000000 S BWCServiceMain
system    297   244   5708   660   20    0     0     0     fg  ffffffff 00000000 S Binder_1
radio     245   1     37336  9596  20    0     0     0     fg  ffffffff 00000000 S /system/bin/vtservice
radio     616   245   37336  9596  20    0     0     0     fg  ffffffff 00000000 S Binder_1
install   246   1     1168   556   20    0     0     0         ffffffff 00000000 S /system/bin/installd
keystore  248   1     4732   1268  20    0     0     0     fg  ffffffff 00000000 S /system/bin/keystore
gps       249   1     38924  1816  20    0     0     0         ffffffff 00000000 S /system/bin/mtk_agpsd
gps       321   249   38924  1816  20    0     0     0         ffffffff 00000000 S mtk_agpsd
gps       322   249   38924  1816  20    0     0     0         ffffffff 00000000 S mtk_agpsd
gps       323   249   38924  1816  20    0     0     0         ffffffff 00000000 S mtk_agpsd
gps       324   249   38924  1816  20    0     0     0         ffffffff 00000000 S mtk_agpsd
gps       325   249   38924  1816  20    0     0     0         ffffffff 00000000 S mtk_agpsd
gps       326   249   38924  1816  20    0     0     0         ffffffff 00000000 S mtk_agpsd
gps       327   249   38924  1816  20    0     0     0         ffffffff 00000000 S mtk_agpsd
gps       328   249   38924  1816  20    0     0     0         ffffffff 00000000 S mtk_agpsd
gps       329   249   38924  1816  20    0     0     0         ffffffff 00000000 S mtk_agpsd
gps       330   249   38924  1816  20    0     0     0         ffffffff 00000000 S mtk_agpsd
gps       331   249   38924  1816  20    0     0     0         ffffffff 00000000 S mtk_agpsd
gps       332   249   38924  1816  20    0     0     0         ffffffff 00000000 S mtk_agpsd
gps       333   249   38924  1816  20    0     0     0         ffffffff 00000000 S mtk_agpsd
gps       334   249   38924  1816  20    0     0     0         ffffffff 00000000 S mtk_agpsd
gps       335   249   38924  1816  20    0     0     0         ffffffff 00000000 S mtk_agpsd
gps       336   249   38924  1816  20    0     0     0         ffffffff 00000000 S mtk_agpsd
gps       337   249   38924  1816  20    0     0     0         ffffffff 00000000 S mtk_agpsd
gps       338   249   38924  1816  20    0     0     0         ffffffff 00000000 S mtk_agpsd
gps       339   249   38924  1816  20    0     0     0         ffffffff 00000000 S mtk_agpsd
gps       340   249   38924  1816  20    0     0     0         ffffffff 00000000 S mtk_agpsd
gps       341   249   38924  1816  20    0     0     0         ffffffff 00000000 S mtk_agpsd
gps       342   249   38924  1816  20    0     0     0         ffffffff 00000000 S mtk_agpsd
gps       343   249   38924  1816  20    0     0     0         ffffffff 00000000 S mtk_agpsd
gps       344   249   38924  1816  20    0     0     0         ffffffff 00000000 S mtk_agpsd
gps       345   249   38924  1816  20    0     0     0         ffffffff 00000000 S mtk_agpsd
gps       346   249   38924  1816  20    0     0     0         ffffffff 00000000 S mtk_agpsd
gps       347   249   38924  1816  20    0     0     0         ffffffff 00000000 S mtk_agpsd
gps       348   249   38924  1816  20    0     0     0         ffffffff 00000000 S mtk_agpsd
gps       349   249   38924  1816  20    0     0     0         ffffffff 00000000 S mtk_agpsd
gps       350   249   38924  1816  20    0     0     0         ffffffff 00000000 S mtk_agpsd
gps       351   249   38924  1816  20    0     0     0         ffffffff 00000000 S mtk_agpsd
gps       352   249   38924  1816  20    0     0     0         ffffffff 00000000 S mtk_agpsd
gps       353   249   38924  1816  20    0     0     0         ffffffff 00000000 S mtk_agpsd
gps       250   1     3580   552   20    0     0     0         ffffffff 00000000 S /system/xbin/mnld
shell     251   1     1064   192   20    0     0     0         c008875c b6f78f48 S /system/bin/batterywarning
media     252   1     4756   700   -77   0     76    2     fg  ffffffff 00000000 S /system/bin/MtkCodecService
media     282   252   4756   700   -77   0     76    2     fg  ffffffff 00000000 S Binder_1
system    254   1     14652  3432  20    0     0     0     fg  ffffffff 00000000 S /system/bin/guiext-server
system    393   254   14652  3432  20    0     0     0     fg  ffffffff 00000000 S Binder_1
system    255   1     2092   196   20    0     0     0         ffffffff 00000000 S /system/bin/fotabinder
system    277   255   2092   196   20    0     0     0         ffffffff 00000000 S fotabinder
system    257   1     4808   716   20    0     0     0     fg  ffffffff 00000000 S /system/bin/ppl_agent
system    283   257   4808   716   20    0     0     0     fg  ffffffff 00000000 S Binder_1
bluetooth 258   1     14416  4176  20    0     0     0         ffffffff 00000000 S /system/bin/mtkbt
bluetooth 535   258   14416  4176  20    0     0     0         ffffffff 00000000 S mtkbt
system    260   1     4808   716   20    0     0     0     fg  ffffffff 00000000 S /system/bin/GoogleOtaBinder
system    284   260   4808   716   20    0     0     0     fg  ffffffff 00000000 S Binder_1
system    263   1     3156   440   20    0     0     0         ffffffff 00000000 S /system/bin/thermal
system    272   263   3156   440   20    0     0     0         ffffffff 00000000 S thermal
system    273   263   3156   440   20    0     0     0         ffffffff 00000000 S thermal
system    264   1     1060   192   20    0     0     0         ffffffff 00000000 S /system/bin/thermald
nvram     267   1     30152  8244  20    0     0     0         ffffffff 00000000 S /system/bin/em_svr
nvram     615   267   30152  8244  20    0     0     0         ffffffff 00000000 S em_svr
root      268   2     0      0     0     -20   0     0         ffffffff 00000000 S kworker/3:1H
system    269   227   1080   440   20    0     0     0         ffffffff 00000000 S /system/bin/6620_launcher
system    278   1     2400   512   20    0     0     0         ffffffff 00000000 S /system/bin/st480d
system    280   278   2400   512   20    0     0     0         ffffffff 00000000 S st480d
root      470   2     0      0     0     -20   0     0         ffffffff 00000000 S pvr_workqueue
root      471   2     0      0     0     -20   0     0         ffffffff 00000000 S pvr_workqueue
root      472   2     0      0     0     -20   0     0         ffffffff 00000000 S pvr_workqueue
root      580   2     0      0     20    0     0     0         ffffffff 00000000 S mtk_stp_psm
root      581   2     0      0     20    0     0     0         ffffffff 00000000 S mtk_stp_btm
root      582   2     0      0     20    0     0     0         ffffffff 00000000 S mtk_wmtd
root      752   2     0      0     0     -20   0     0         ffffffff 00000000 S kworker/u17:2
shell     753   1     2760   816   20    0     0     0         ffffffff 00000000 S /system/bin/ecccimdlogger
shell     755   753   2760   816   20    0     0     0         ffffffff 00000000 S ecccimdlogger
radio     754   1     10352  436   20    0     0     0         ffffffff 00000000 S /system/bin/gsm0710muxd
radio     781   754   10352  436   20    0     0     0         ffffffff 00000000 S gsm0710muxd
radio     782   754   10352  436   20    0     0     0         ffffffff 00000000 S gsm0710muxd
radio     783   754   10352  436   20    0     0     0         ffffffff 00000000 S gsm0710muxd
radio     784   754   10352  436   20    0     0     0         ffffffff 00000000 S gsm0710muxd
radio     785   754   10352  436   20    0     0     0         ffffffff 00000000 S gsm0710muxd
radio     786   754   10352  436   20    0     0     0         ffffffff 00000000 S gsm0710muxd
radio     787   754   10352  436   20    0     0     0         ffffffff 00000000 S gsm0710muxd
radio     788   754   10352  436   20    0     0     0         ffffffff 00000000 S gsm0710muxd
radio     789   754   10352  436   20    0     0     0         ffffffff 00000000 S gsm0710muxd
system    759   241   1066288 82176 18    -2    0     0     fg  ffffffff 00000000 S system_server
system    761   759   1066288 82176 20    0     0     0     fg  ffffffff 00000000 S GC
system    762   759   1066288 82176 12    -8    0     0     fg  ffffffff 00000000 S Signal Catcher
system    764   759   1066288 82176 30    10    0     0     bg  ffffffff 00000000 S Compiler
system    766   759   1066288 82176 20    0     0     0     fg  ffffffff 00000000 S ReferenceQueueD
system    767   759   1066288 82176 20    0     0     0     fg  ffffffff 00000000 S FinalizerDaemon
system    768   759   1066288 82176 20    0     0     0     fg  ffffffff 00000000 S FinalizerWatchd
system    769   759   1066288 82176 20    0     0     0     fg  ffffffff 00000000 S Binder_1
system    770   759   1066288 82176 20    0     0     0     fg  ffffffff 00000000 S Binder_2
system    771   759   1066288 82176 12    -8    0     0     fg  ffffffff 00000000 S SensorService
system    772   759   1066288 82176 20    0     0     0     fg  ffffffff 00000000 S .ProcessManager
system    774   759   1066288 82176 20    0     0     0     fg  ffffffff 00000000 S Binder_3
system    775   759   1066288 82176 16    -4    0     0     fg  ffffffff 00000000 S WindowManager
system    776   759   1066288 82176 20    0     0     0     fg  ffffffff 00000000 S android.fg
system    777   759   1066288 82176 18    -2    0     0     fg  ffffffff 00000000 S android.ui
system    778   759   1066288 82176 20    0     0     0     fg  ffffffff 00000000 S android.io
system    779   759   1066288 82176 18    -2    0     0     fg  ffffffff 00000000 S ActivityManager
system    780   759   1066288 82176 30    10    0     0     bg  ffffffff 00000000 S android.bg
system    806   759   1066288 82176 20    0     0     0     fg  ffffffff 00000000 S CpuTracker
system    807   759   1066288 82176 20    0     0     0     fg  ffffffff 00000000 S FileObserver
system    808   759   1066288 82176 20    0     0     0     fg  ffffffff 00000000 S AnrMonitorThrea
system    809   759   1066288 82176 20    0     0     0     fg  ffffffff 00000000 S RecoveryManager
system    810   759   1066288 82176 30    10    0     0     bg  ffffffff 00000000 S PackageManager
system    815   759   1066288 82176 20    0     0     0     fg  ffffffff 00000000 S S.HandlerThread
system    817   759   1066288 82176 20    0     0     0     fg  ffffffff 00000000 S PowerManagerSer
system    818   759   1066288 82176 18    -2    0     0     fg  ffffffff 00000000 S system_server
system    819   759   1066288 82176 20    0     0     0     fg  ffffffff 00000000 S AlarmManager
system    820   759   1066288 82176 20    0     0     0     fg  ffffffff 00000000 S UEventObserver
system    821   759   1066288 82176 12    -8    0     0         ffffffff 00000000 S InputDispatcher
system    822   759   1066288 82176 12    -8    0     0         ffffffff 00000000 S InputReader
system    866   759   1066288 82176 20    0     0     0     fg  ffffffff 00000000 S MountService
system    867   759   1066288 82176 20    0     0     0     fg  ffffffff 00000000 S VoldConnector
system    869   759   1066288 82176 20    0     0     0     fg  ffffffff 00000000 S NetdConnector
system    870   759   1066288 82176 20    0     0     0     fg  ffffffff 00000000 S NetworkStats
system    871   759   1066288 82176 20    0     0     0     fg  ffffffff 00000000 S NetworkPolicy
system    872   759   1066288 82176 20    0     0     0     fg  ffffffff 00000000 S WifiP2pService
system    873   759   1066288 82176 20    0     0     0     fg  ffffffff 00000000 S WifiStateMachin
system    874   759   1066288 82176 20    0     0     0     fg  ffffffff 00000000 S WifiSMForObserv
system    875   759   1066288 82176 20    0     0     0     fg  ffffffff 00000000 S WifiService
system    876   759   1066288 82176 20    0     0     0     fg  ffffffff 00000000 S ConnectivitySer
system    877   759   1066288 82176 20    0     0     0     fg  ffffffff 00000000 S WifiManager
system    878   759   1066288 82176 20    0     0     0     fg  ffffffff 00000000 S WifiWatchdogSta
system    879   759   1066288 82176 20    0     0     0     fg  ffffffff 00000000 S NsdService
system    880   759   1066288 82176 20    0     0     0     fg  ffffffff 00000000 S mDnsConnector
system    881   759   1066288 82176 20    0     0     0     fg  ffffffff 00000000 S AudioService
system    883   759   1066288 82176 20    0     0     0     fg  ffffffff 00000000 S AudioProfileSer
system    887   759   1066288 82176 30    10    0     0     bg  ffffffff 00000000 S backup
system    888   759   1066288 82176 18    -2    0     0     fg  ffffffff 00000000 S PerfServiceMana
system    890   759   1066288 82176 20    0     0     0     fg  ffffffff 00000000 S HdmiService
system    913   759   1066288 82176 18    -2    0     0     fg  ffffffff 00000000 S AMPlus
system    981   759   1066288 82176 20    0     0     0     fg  ffffffff 00000000 S Binder_4
system    985   759   1066288 82176 20    0     0     0     fg  ffffffff 00000000 S Thread-72
system    1048  759   1066288 82176 20    0     0     0     fg  ffffffff 00000000 S CaptivePortalTr
system    1057  759   1066288 82176 20    0     0     0     fg  ffffffff 00000000 S UsbService host
system    1059  759   1066288 82176 20    0     0     0     fg  ffffffff 00000000 S watchdog
system    1085  759   1066288 82176 20    0     0     0     fg  ffffffff 00000000 S NetworkTimeUpda
system    1086  759   1066288 82176 20    0     0     0     fg  ffffffff 00000000 S Binder_5
system    1087  759   1066288 82176 20    0     0     0     fg  ffffffff 00000000 S Binder_6
system    1088  759   1066288 82176 20    0     0     0     fg  ffffffff 00000000 S NetworkTimeUpda
system    1102  759   1066288 82176 20    0     0     0     fg  ffffffff 00000000 S WifiMonitor
system    1144  759   1066288 82176 20    0     0     0     fg  ffffffff 00000000 S Binder_7
system    1145  759   1066288 82176 20    0     0     0     fg  ffffffff 00000000 S Binder_8
system    1169  759   1066288 82176 20    0     0     0     fg  ffffffff 00000000 S Binder_9
system    1170  759   1066288 82176 20    0     0     0     fg  ffffffff 00000000 S Binder_A
system    1185  759   1066288 82176 20    0     0     0     fg  ffffffff 00000000 S Binder_B
system    1186  759   1066288 82176 20    0     0     0     fg  ffffffff 00000000 S Binder_C
system    1222  759   1066288 82176 20    0     0     0     fg  ffffffff 00000000 S SyncHandler-0
system    1478  759   1066288 82176 20    0     0     0     fg  ffffffff 00000000 S DhcpStateMachin
system    1479  759   1066288 82176 20    0     0     0     fg  ffffffff 00000000 S DhcpStateMachin
system    1488  759   1066288 82176 20    0     0     0     fg  ffffffff 00000000 S SyncHandler-1
system    1577  759   1066288 82176 20    0     0     0     fg  ffffffff 00000000 S SoundPool
system    1578  759   1066288 82176 20    0     0     0     fg  ffffffff 00000000 S SoundPoolThread
system    1630  759   1066288 82176 20    0     0     0     fg  ffffffff 00000000 S pool-83-thread-
system    2425  759   1066288 82176 20    0     0     0     fg  ffffffff 00000000 S UsbDebuggingMan
system    3406  759   1066288 82176 29    9     0     0     bg  ffffffff 00000000 S AsyncTask #1
system    5549  759   1066288 82176 20    0     0     0     fg  ffffffff 00000000 S Binder_D
radio     790   1     18472  784   20    0     0     0         ffffffff 00000000 S /system/bin/rild
radio     792   790   18472  784   20    0     0     0         ffffffff 00000000 S rild
radio     793   790   18472  784   20    0     0     0         ffffffff 00000000 S rild
radio     794   790   18472  784   20    0     0     0         ffffffff 00000000 S rild
radio     795   790   18472  784   20    0     0     0         ffffffff 00000000 S rild
radio     796   790   18472  784   20    0     0     0         ffffffff 00000000 S rild
radio     797   790   18472  784   20    0     0     0         ffffffff 00000000 S rild
radio     798   790   18472  784   20    0     0     0         ffffffff 00000000 S rild
radio     799   790   18472  784   20    0     0     0         ffffffff 00000000 S rild
radio     800   790   18472  784   20    0     0     0         ffffffff 00000000 S rild
radio     801   790   18472  784   20    0     0     0         ffffffff 00000000 S rild
radio     802   790   18472  784   20    0     0     0         ffffffff 00000000 S rild
radio     803   790   18472  784   20    0     0     0         ffffffff 00000000 S rild
radio     804   790   18472  784   20    0     0     0         ffffffff 00000000 S rild
radio     805   790   18472  784   20    0     0     0         ffffffff 00000000 S rild
root      811   2     0      0     -2    0     1     1         ffffffff 00000000 S ksdioirqd/mmc2
root      812   2     0      0     20    0     0     0         ffffffff 00000000 S stp_sdio_tx_rx
u0_a6     901   241   968064 38212 20    0     0     0     fg  ffffffff 00000000 S com.android.keyguard
u0_a6     905   901   968064 38212 20    0     0     0     fg  ffffffff 00000000 S GC
u0_a6     906   901   968064 38212 12    -8    0     0     fg  ffffffff 00000000 S Signal Catcher
u0_a6     907   901   968064 38212 30    10    0     0     bg  ffffffff 00000000 S Compiler
u0_a6     908   901   968064 38212 20    0     0     0     fg  ffffffff 00000000 S ReferenceQueueD
u0_a6     909   901   968064 38212 20    0     0     0     fg  ffffffff 00000000 S FinalizerDaemon
u0_a6     910   901   968064 38212 20    0     0     0     fg  ffffffff 00000000 S FinalizerWatchd
u0_a6     911   901   968064 38212 20    0     0     0     fg  ffffffff 00000000 S Binder_1
u0_a6     912   901   968064 38212 20    0     0     0     fg  ffffffff 00000000 S Binder_2
