========================================================
== dumpstate: 2017-07-18 13:57:29
========================================================

Build: IRIS4G-S11A_Sioeye_L2SM_205_170713
Build fingerprint: 'alps/ckt95_lw_kk/ckt95_lw_kk:4.4.2/KOT49H/:user/release-keys'
Bootloader: unknown
Radio: unknown
Network: CU
Kernel: Linux version 3.10.35 (ckt@ckt-node-105) (gcc version 4.8 (GCC) ) #1 SMP PREEMPT Thu Jul 13 21:11:55 CST 2017
Command line: console=tty0 console=ttyMT0,921600n1 root=/dev/ram vmalloc=496M slub_max_order=0 slub_debug=O  lcm=0-nt35595_fhd_dsi_cmd_truly_tps65132_drv fps=6509 vram=2097152 androidboot.selinux=disabled printk.disable_uart=1 bootprof.pl_t=4863 bootprof.lk_t=2596 boot_reason=0

------ UPTIME (uptime) ------
up time: 00:07:56, idle time: 00:10:18, sleep time: 00:00:00
[uptime: 0.1s elapsed]

------ MEMORY INFO (/proc/meminfo) ------
MemTotal:        1976220 kB
MemFree:         1275780 kB
Buffers:           10092 kB
Cached:           256532 kB
SwapCached:            0 kB
Active:           294752 kB
Inactive:         202376 kB
Active(anon):     230540 kB
Inactive(anon):      336 kB
Active(file):      64212 kB
Inactive(file):   202040 kB
Unevictable:           0 kB
Mlocked:               0 kB
HighTotal:       1486836 kB
HighFree:        1109540 kB
LowTotal:         489384 kB
LowFree:          166240 kB
SwapTotal:        524284 kB
SwapFree:         524284 kB
Dirty:               276 kB
Writeback:             0 kB
AnonPages:        230540 kB
Mapped:           115128 kB
Shmem:               392 kB
Slab:              28448 kB
SReclaimable:      12604 kB
SUnreclaim:        15844 kB
KernelStack:        6840 kB
PageTables:        12776 kB
NFS_Unstable:          0 kB
Bounce:                0 kB
WritebackTmp:          0 kB
CommitLimit:     1512392 kB
Committed_AS:   26501784 kB
VmallocTotal:     499712 kB
VmallocUsed:      131340 kB
VmallocChunk:      81568 kB

------ CPU INFO (top -n 1 -d 1 -m 30 -t) ------



User 0%, System 0%, IOW 0%, IRQ 0%
User 56 + Nice 0 + Sys 63 + Idle -43095 + IOW 13 + IRQ 0 + SIRQ 0 = -42963

  PID   TID PR CPU% S     VSS     RSS PCY UID      Thread          Proc
  242  2012  1   0% R 200552K  27112K  fg media    3ATHREAD        /system/bin/mediaserver
  242  2095  0   0% S 200552K  27112K  fg media    FeaturePipeP2aN /system/bin/mediaserver
 2118  2118  4   0% R   1676K    752K     shell    top             top
  242  2019  0   0% R 200552K  27112K  fg media    F858THREAD      /system/bin/mediaserver
  114   114  1   0% R      0K      0K     root     update_HX8347D_ 
  242  2094  1   0% S 200552K  27112K  fg media    ISPDeQueueThrea /system/bin/mediaserver
  239   448  0   0% D  44936K   7740K     system   MMCompThread_0  /system/bin/surfaceflinger
  242  2091  4   0% S 200552K  27112K  fg media    pass2           /system/bin/mediaserver
  239   239  0   0% S  44936K   7740K     system   surfaceflinger  /system/bin/surfaceflinger
  242  2088  0   0% S 200552K  27112K  fg media    pass1           /system/bin/mediaserver
   82    82  4   0% S      0K      0K     root     kworker/u16:1   
  862   862  0   0% S 992196K  50132K  fg u0_a6    ndroid.systemui com.android.systemui
  242  1383  1   0% S 200552K  27112K  fg media    MDP-0           /system/bin/mediaserver
 1962  1962  0   0% S 1039700K  63504K     system   com.hicam       com.hicam
  103   103  0   0% S      0K      0K     root     mmcqd/0         
  242  2020  0   0% S 200552K  27112K  fg media    AFthread        /system/bin/mediaserver
  242  2085  0   0% S 200552K  27112K  fg media    Camera@Display  /system/bin/mediaserver
  239   358  0   0% S  44936K   7740K     system   DispSync        /system/bin/surfaceflinger
  239   467  1   0% S  44936K   7740K     system   EventThread     /system/bin/surfaceflinger
  759   771  1   0% S 1046600K  75392K  fg system   SensorService   system_server
 2084  2084  1   0% S      0K      0K     root     kworker/u16:0   
  239   468  0   0% S  44936K   7740K     system   EventThread     /system/bin/surfaceflinger
  239   469  0   0% S  44936K   7740K     system   EventControl    /system/bin/surfaceflinger
  112   112  0   0% S      0K      0K     root     fence_worker    
  239   447  0   0% S  44936K   7740K     system   UICompThread_0  /system/bin/surfaceflinger
 1276  1276  0   0% S      0K      0K     root     kworker/0:2     
 1134  1632  0   0% S 975940K  37568K  fg u0_a39   qtp1109032176-6 com.sioeye.iris.controller
  242  2096  1   0% S 200552K  27112K  fg media    EisoThreadLoop  /system/bin/mediaserver
   32    32  6   0% R      0K      0K     root     ksoftirqd/6     
   33    33  6   0% S      0K      0K     root     kworker/6:0     
[top: 1.3s elapsed]

------ PROCRANK (procrank) ------
*** exec(procrank): Permission denied
*** procrank: Exit code 255
[procrank: 0.1s elapsed]

------ VIRTUAL MEMORY STATS (/proc/vmstat) ------
nr_free_pages 122570
nr_inactive_anon 84
nr_active_anon 57662
nr_inactive_file 50502
nr_active_file 16063
nr_unevictable 0
nr_mlock 0
nr_anon_pages 57659
nr_mapped 28782
nr_file_pages 66660
nr_dirty 80
nr_writeback 0
nr_slab_reclaimable 3360
nr_slab_unreclaimable 4038
nr_page_table_pages 3195
nr_kernel_stack 856
nr_unstable 0
nr_bounce 0
nr_vmscan_write 0
nr_vmscan_immediate_reclaim 0
nr_writeback_temp 0
nr_isolated_anon 0
nr_isolated_file 0
nr_shmem 98
nr_dirtied 3231
nr_written 3147
nr_anon_transparent_hugepages 0
nr_free_cma 0
nr_dirty_threshold 18791
nr_dirty_background_threshold 4697
pgpgin 285837
pgpgout 17855
pswpin 0
pswpout 0
pgalloc_normal 238154
pgalloc_high 702140
pgalloc_movable 0
pgfree 1259293
pgactivate 16899
pgdeactivate 0
pgfault 1070489
pgmajfault 2495
pgfmfault 2495
pgrefill_normal 0
pgrefill_high 0
pgrefill_movable 0
pgsteal_kswapd_normal 0
pgsteal_kswapd_high 0
pgsteal_kswapd_movable 0
pgsteal_direct_normal 0
pgsteal_direct_high 0
pgsteal_direct_movable 0
pgscan_kswapd_normal 0
pgscan_kswapd_high 0
pgscan_kswapd_movable 0
pgscan_direct_normal 0
pgscan_direct_high 0
pgscan_direct_movable 0
pgscan_direct_throttle 0
pginodesteal 0
slabs_scanned 0
kswapd_inodesteal 0
kswapd_low_wmark_hit_quickly 0
kswapd_high_wmark_hit_quickly 0
pageoutrun 1
allocstall 0
pgrotated 5
pgmigrate_success 0
pgmigrate_fail 0
compact_migrate_scanned 0
compact_free_scanned 0
compact_isolated 0
compact_stall 0
compact_fail 0
compact_success 0
unevictable_pgs_culled 0
unevictable_pgs_scanned 0
unevictable_pgs_rescued 0
unevictable_pgs_mlocked 0
unevictable_pgs_munlocked 0
unevictable_pgs_cleared 0
unevictable_pgs_stranded 0

------ VMALLOC INFO (/proc/vmallocinfo) ------
0x00000000-0x00000000  266240 atomic_pool_init+0x0/0x120 phys=5fa00000 user
0x00000000-0x00000000   49152 zisofs_init+0x14/0x34 pages=11 vmalloc
0x00000000-0x00000000    8192 mrdump_mini_init+0x70/0x2cc vmap
0x00000000-0x00000000   12288 zs_cpu_notifier+0x5c/0xa4 ioremap
0x00000000-0x00000000    8192 PMRAcquireKernelMappingDataOSMem+0xd8/0x10c vmalloc vpages
0x00000000-0x00000000    8192 OSMMUPxMap+0x44/0x78 vmalloc vpages
0x00000000-0x00000000    8192 OSMMUPxMap+0x44/0x78 vmalloc vpages
0x00000000-0x00000000    8192 OSMMUPxMap+0x44/0x78 vmalloc vpages
0x00000000-0x00000000    8192 PMRAcquireKernelMappingDataOSMem+0xd8/0x10c vmalloc vpages
0x00000000-0x00000000    8192 PMRAcquireKernelMappingDataOSMem+0xd8/0x10c vmalloc vpages
0x00000000-0x00000000  266240 create_log.constprop.9+0x18/0x150 pages=64 vmalloc
0x00000000-0x00000000  266240 create_log.constprop.9+0x18/0x150 pages=64 vmalloc
0x00000000-0x00000000  266240 create_log.constprop.9+0x18/0x150 pages=64 vmalloc
0x00000000-0x00000000  266240 create_log.constprop.9+0x18/0x150 pages=64 vmalloc
0x00000000-0x00000000   28672 AudDrv_Allocate_mem_Buffer+0x1d0/0x1ec phys=5f2b0000 user
0x00000000-0x00000000  200704 mtk_afe_hdmi_probe+0x88/0xc0 phys=5f2c0000 user
0x00000000-0x00000000   69632 AudDrv_Allocate_mem_Buffer+0x184/0x1ec phys=5f290000 user
0x00000000-0x00000000   69632 mtk_afe_mrgrx_awb_probe+0xac/0xd0 phys=5f300000 user
0x00000000-0x00000000   28672 AudDrv_Allocate_mem_Buffer+0x184/0x1ec phys=5f2f0000 user
0x00000000-0x00000000   20480 AudDrv_Allocate_mem_Buffer+0x184/0x1ec phys=5f28c000 user
0x00000000-0x00000000   69632 mtk_afe_capture_probe+0x7c/0xb4 phys=5f310000 user
0x00000000-0x00000000   12288 AudDrv_Allocate_mem_Buffer+0x184/0x1ec phys=5f28a000 user
0x00000000-0x00000000   12288 AudDrv_Allocate_mem_Buffer+0x184/0x1ec phys=5f2f8000 user
0x00000000-0x00000000   16384 ged_init+0x20/0xec pages=3 vmalloc
0x00000000-0x00000000    8192 conn_md_dmp_init+0x1c/0x9c pages=1 vmalloc
0x00000000-0x00000000   20480 m4u_pgtable_init+0x48/0xdc phys=5f39c000 user
0x00000000-0x00000000  229376 OSAllocMem+0x34/0x40 pages=55 vmalloc
0x00000000-0x00000000    8192 MTKPP_Init+0x20/0x1b4 pages=1 vmalloc
0x00000000-0x00000000  266240 MTKPP_Init+0xac/0x1b4 pages=64 vmalloc
0x00000000-0x00000000    8192 msdc_drv_probe+0x4c4/0x12dc phys=5ec50000 user
0x00000000-0x00000000   20480 msdc_drv_probe+0x4e8/0x12dc phys=5ec84000 user
0x00000000-0x00000000    8192 msdc_drv_probe+0x4c4/0x12dc phys=5ec52000 user
0x00000000-0x00000000   20480 msdc_drv_probe+0x4e8/0x12dc phys=5ec88000 user
0x00000000-0x00000000    8192 msdc_drv_probe+0x4c4/0x12dc phys=5ec55000 user
0x00000000-0x00000000   20480 msdc_drv_probe+0x4e8/0x12dc phys=5ec8c000 user
0x00000000-0x00000000  266240 cmdqCoreInitialize+0x180/0x264 phys=5ed00000 user
0x00000000-0x00000000  266240 cmdqCoreInitialize+0x180/0x264 phys=5ed40000 user
0x00000000-0x00000000  266240 cmdqCoreInitialize+0x180/0x264 phys=5ed80000 user
0x00000000-0x00000000  266240 cmdqCoreInitialize+0x180/0x264 phys=5edc0000 user
0x00000000-0x00000000    8192 cmdq_core_task_realloc_buffer_size+0x7c/0x250 phys=5ecff000 user
0x00000000-0x00000000    8192 _ex_mu3d_hal_alloc_qmu_mem+0x60/0x238 phys=5ee57000 user
0x00000000-0x00000000    8192 _ex_mu3d_hal_alloc_qmu_mem+0x108/0x238 phys=5ee58000 user
0x00000000-0x00000000    8192 _ex_mu3d_hal_alloc_qmu_mem+0x60/0x238 phys=5ee59000 user
0x00000000-0x00000000    8192 _ex_mu3d_hal_alloc_qmu_mem+0x108/0x238 phys=5ee5a000 user
0x00000000-0x00000000    8192 _ex_mu3d_hal_alloc_qmu_mem+0x60/0x238 phys=5ee5b000 user
0x00000000-0x00000000    8192 _ex_mu3d_hal_alloc_qmu_mem+0x108/0x238 phys=5ee5c000 user
0x00000000-0x00000000    8192 _ex_mu3d_hal_alloc_qmu_mem+0x60/0x238 phys=5ee5d000 user
0x00000000-0x00000000    8192 _ex_mu3d_hal_alloc_qmu_mem+0x108/0x238 phys=5ee5e000 user
0x00000000-0x00000000    8192 _ex_mu3d_hal_alloc_qmu_mem+0x60/0x238 phys=5ee5f000 user
0x00000000-0x00000000    8192 _ex_mu3d_hal_alloc_qmu_mem+0x108/0x238 phys=5ee60000 user
0x00000000-0x00000000    8192 _ex_mu3d_hal_alloc_qmu_mem+0x60/0x238 phys=5ee61000 user
0x00000000-0x00000000    8192 _ex_mu3d_hal_alloc_qmu_mem+0x108/0x238 phys=5ee62000 user
0x00000000-0x00000000    8192 _ex_mu3d_hal_alloc_qmu_mem+0x60/0x238 phys=5ee63000 user
0x00000000-0x00000000    8192 _ex_mu3d_hal_alloc_qmu_mem+0x108/0x238 phys=5ee64000 user
0x00000000-0x00000000    8192 _ex_mu3d_hal_alloc_qmu_mem+0x60/0x238 phys=5ee65000 user
0x00000000-0x00000000    8192 _ex_mu3d_hal_alloc_qmu_mem+0x108/0x238 phys=5ee66000 user
0x00000000-0x00000000    8192 OSMMUPxMap+0x44/0x78 vmalloc vpages
0x00000000-0x00000000   16384 md_cd_init+0x5c/0xab0 phys=200f0000 ioremap
0x00000000-0x00000000   16384 md_cd_init+0x7c/0xab0 phys=200e0000 ioremap
0x00000000-0x00000000    8192 md_cd_init+0x9c/0xab0 phys=20190000 ioremap
0x00000000-0x00000000    8192 md_cd_init+0xbc/0xab0 phys=20193000 ioremap
0x00000000-0x00000000    8192 md_cd_init+0xdc/0xab0 phys=20195000 ioremap
0x00000000-0x00000000    8192 md_cd_init+0xfc/0xab0 phys=20050000 ioremap
0x00000000-0x00000000    8192 md_cd_init+0x11c/0xab0 phys=20000000 ioremap
0x00000000-0x00000000    8192 md_cd_init+0x138/0xab0 phys=20000000 ioremap
0x00000000-0x00000000    8192 md_cd_init+0x158/0xab0 phys=201f0000 ioremap
0x00000000-0x00000000    8192 md_cd_init+0x178/0xab0 phys=20030000 ioremap
0x00000000-0x00000000 2101248 disp_hal_allocate_framebuffer+0x3c/0xe8 phys=bfe00000 ioremap
0x00000000-0x00000000  311296 mtkfb_probe+0x2f0/0x374 pages=75 vmalloc
0x00000000-0x00000000    8192 md_cd_init+0x198/0xab0 phys=20040000 ioremap
0x00000000-0x00000000    8192 dma_pool_alloc+0xc8/0x1bc phys=5ee3e000 user
0x00000000-0x00000000    8192 dma_pool_alloc+0xc8/0x1bc phys=5ee42000 user
0x00000000-0x00000000    8192 ccci_config_modem+0x88/0x1a0 phys=6a000000 ioremap
0x00000000-0x00000000    8192 OSMMUPxMap+0x44/0x78 vmalloc vpages
0x00000000-0x00000000    8192 OSMMUPxMap+0x44/0x78 vmalloc vpages
0x00000000-0x00000000    8192 OSMMUPxMap+0x44/0x78 vmalloc vpages
0x00000000-0x00000000    8192 OSMMUPxMap+0x44/0x78 vmalloc vpages
0x00000000-0x00000000    8192 OSMMUPxMap+0x44/0x78 vmalloc vpages
0x00000000-0x00000000    8192 OSMMUPxMap+0x44/0x78 vmalloc vpages
0x00000000-0x00000000   69632 PMRAcquireKernelMappingDataOSMem+0xd8/0x10c vmalloc vpages
0x00000000-0x00000000    8192 PMRAcquireKernelMappingDataOSMem+0xd8/0x10c vmalloc vpages
0x00000000-0x00000000    8192 PMRAcquireKernelMappingDataOSMem+0xd8/0x10c vmalloc vpages
0x00000000-0x00000000    8192 OSMMUPxMap+0x44/0x78 vmalloc vpages
0x00000000-0x00000000    8192 OSMMUPxMap+0x44/0x78 vmalloc vpages
0x00000000-0x00000000    8192 OSMMUPxMap+0x44/0x78 vmalloc vpages
0x00000000-0x00000000    8192 PMRAcquireKernelMappingDataOSMem+0xd8/0x10c vmalloc vpages
0x00000000-0x00000000    8192 PMRAcquireKernelMappingDataOSMem+0xd8/0x10c vmalloc vpages
0x00000000-0x00000000   53248 PMRAcquireKernelMappingDataOSMem+0xd8/0x10c vmalloc vpages
0x00000000-0x00000000   69632 PMRAcquireKernelMappingDataOSMem+0xd8/0x10c vmalloc vpages
0x00000000-0x00000000   69632 PMRAcquireKernelMappingDataOSMem+0xd8/0x10c vmalloc vpages
0x00000000-0x00000000    8192 PMRAcquireKernelMappingDataOSMem+0xd8/0x10c vmalloc vpages
0x00000000-0x00000000    8192 PMRAcquireKernelMappingDataOSMem+0xd8/0x10c vmalloc vpages
0x00000000-0x00000000    8192 PMRAcquireKernelMappingDataOSMem+0xd8/0x10c vmalloc vpages
0x00000000-0x00000000    8192 OSMMUPxMap+0x44/0x78 vmalloc vpages
0x00000000-0x00000000    8192 OSMMUPxMap+0x44/0x78 vmalloc vpages
0x00000000-0x00000000    8192 PMRAcquireKernelMappingDataOSMem+0xd8/0x10c vmalloc vpages
0x00000000-0x00000000  270336 PMRAcquireKernelMappingDataOSMem+0xd8/0x10c vmalloc vpages
0x00000000-0x00000000   12288 PMRAcquireKernelMappingDataOSMem+0xd8/0x10c vmalloc vpages
0x00000000-0x00000000    8192 PMRAcquireKernelMappingDataOSMem+0xd8/0x10c vmalloc vpages
0x00000000-0x00000000    8192 PMRAcquireKernelMappingDataOSMem+0xd8/0x10c vmalloc vpages
0x00000000-0x00000000    8192 PMRAcquireKernelMappingDataOSMem+0xd8/0x10c vmalloc vpages
0x00000000-0x00000000    8192 PMRAcquireKernelMappingDataOSMem+0xd8/0x10c vmalloc vpages
0x00000000-0x00000000    8192 PMRAcquireKernelMappingDataOSMem+0xd8/0x10c vmalloc vpages
0x00000000-0x00000000    8192 PMRAcquireKernelMappingDataOSMem+0xd8/0x10c vmalloc vpages
0x00000000-0x00000000    8192 PMRAcquireKernelMappingDataOSMem+0xd8/0x10c vmalloc vpages
0x00000000-0x00000000   69632 PMRAcquireKernelMappingDataOSMem+0xd8/0x10c vmalloc vpages
0x00000000-0x00000000    8192 PMRAcquireKernelMappingDataOSMem+0xd8/0x10c vmalloc vpages
0x00000000-0x00000000    8192 OSMMUPxMap+0x44/0x78 vmalloc vpages
0x00000000-0x00000000    8192 OSMMUPxMap+0x44/0x78 vmalloc vpages
0x00000000-0x00000000 2101248 ccci_config_modem+0xd4/0x1a0 phys=6f000000 ioremap
0x00000000-0x00000000    8192 OSMMUPxMap+0x44/0x78 vmalloc vpages
0x00000000-0x00000000    8192 OSMMUPxMap+0x44/0x78 vmalloc vpages
0x00000000-0x00000000    8192 OSMMUPxMap+0x44/0x78 vmalloc vpages
0x00000000-0x00000000 2093056 binder_mmap+0xac/0x26c ioremap
0x00000000-0x00000000 2093056 binder_mmap+0xac/0x26c ioremap
0x00000000-0x00000000 2093056 binder_mmap+0xac/0x26c ioremap
0x00000000-0x00000000    8192 OSMMUPxMap+0x44/0x78 vmalloc vpages
0x00000000-0x00000000   16384 n_tty_open+0x20/0x128 pages=3 vmalloc
0x00000000-0x00000000   16384 n_tty_open+0x20/0x128 pages=3 vmalloc
0x00000000-0x00000000   16384 n_tty_open+0x20/0x128 pages=3 vmalloc
0x00000000-0x00000000   16384 n_tty_open+0x20/0x128 pages=3 vmalloc
0x00000000-0x00000000   16384 n_tty_open+0x20/0x128 pages=3 vmalloc
0x00000000-0x00000000   16384 n_tty_open+0x20/0x128 pages=3 vmalloc
0x00000000-0x00000000   16384 n_tty_open+0x20/0x128 pages=3 vmalloc
0x00000000-0x00000000   16384 n_tty_open+0x20/0x128 pages=3 vmalloc
0x00000000-0x00000000   16384 n_tty_open+0x20/0x128 pages=3 vmalloc
0x00000000-0x00000000   16384 n_tty_open+0x20/0x128 pages=3 vmalloc
0x00000000-0x00000000   16384 n_tty_open+0x20/0x128 pages=3 vmalloc
0x00000000-0x00000000   16384 n_tty_open+0x20/0x128 pages=3 vmalloc
0x00000000-0x00000000   16384 n_tty_open+0x20/0x128 pages=3 vmalloc
0x00000000-0x00000000   16384 n_tty_open+0x20/0x128 pages=3 vmalloc
0x00000000-0x00000000 2093056 binder_mmap+0xac/0x26c ioremap
0x00000000-0x00000000 1048576 vm_map_ram
0x00000000-0x00000000 1048576 vm_map_ram
0x00000000-0x00000000    8192 OSMMUPxMap+0x44/0x78 vmalloc vpages
0x00000000-0x00000000    8192 PMRAcquireKernelMappingDataOSMem+0xd8/0x10c vmalloc vpages
0x00000000-0x00000000    8192 OSMMUPxMap+0x44/0x78 vmalloc vpages
0x00000000-0x00000000    8192 OSMMUPxMap+0x44/0x78 vmalloc vpages
0x00000000-0x00000000    8192 OSMMUPxMap+0x44/0x78 vmalloc vpages
0x00000000-0x00000000 2093056 binder_mmap+0xac/0x26c ioremap
0x00000000-0x00000000 2093056 binder_mmap+0xac/0x26c ioremap
0x00000000-0x00000000    8192 OSMMUPxMap+0x44/0x78 vmalloc vpages
0x00000000-0x00000000    8192 PMRAcquireKernelMappingDataOSMem+0xd8/0x10c vmalloc vpages
0x00000000-0x00000000    8192 OSMMUPxMap+0x44/0x78 vmalloc vpages
0x00000000-0x00000000    8192 OSMMUPxMap+0x44/0x78 vmalloc vpages
0x00000000-0x00000000   12288 zs_cpu_notifier+0x5c/0xa4 ioremap
0x00000000-0x00000000  217088 wlanAdapterCreate+0x24/0x48 pages=52 vmalloc
0x00000000-0x00000000   61440 nicAllocateAdapterMemory+0x78/0xf8 pages=14 vmalloc
0x00000000-0x00000000  131072 nicAllocateAdapterMemory+0x98/0xf8 pages=31 vmalloc
0x00000000-0x00000000    8192 OSMMUPxMap+0x44/0x78 vmalloc vpages
0x00000000-0x00000000    8192 OSMMUPxMap+0x44/0x78 vmalloc vpages
0x00000000-0x00000000    8192 OSMMUPxMap+0x44/0x78 vmalloc vpages
0x00000000-0x00000000    8192 OSMMUPxMap+0x44/0x78 vmalloc vpages
0x00000000-0x00000000    8192 OSMMUPxMap+0x44/0x78 vmalloc vpages
0x00000000-0x00000000    8192 OSMMUPxMap+0x44/0x78 vmalloc vpages
0x00000000-0x00000000    8192 OSMMUPxMap+0x44/0x78 vmalloc vpages
0x00000000-0x00000000   69632 PMRAcquireKernelMappingDataOSMem+0xd8/0x10c vmalloc vpages
0x00000000-0x00000000    8192 PMRAcquireKernelMappingDataOSMem+0xd8/0x10c vmalloc vpages
0x00000000-0x00000000   69632 PMRAcquireKernelMappingDataOSMem+0xd8/0x10c vmalloc vpages
0x00000000-0x00000000    8192 PMRAcquireKernelMappingDataOSMem+0xd8/0x10c vmalloc vpages
0x00000000-0x00000000    8192 PMRAcquireKernelMappingDataOSMem+0xd8/0x10c vmalloc vpages
0x00000000-0x00000000 2093056 binder_mmap+0xac/0x26c ioremap
0x00000000-0x00000000 2093056 binder_mmap+0xac/0x26c ioremap
0x00000000-0x00000000 2093056 binder_mmap+0xac/0x26c ioremap
0x00000000-0x00000000   69632 PMRAcquireKernelMappingDataOSMem+0xd8/0x10c vmalloc vpages
0x00000000-0x00000000    8192 PMRAcquireKernelMappingDataOSMem+0xd8/0x10c vmalloc vpages
0x00000000-0x00000000   69632 PMRAcquireKernelMappingDataOSMem+0xd8/0x10c vmalloc vpages
0x00000000-0x00000000    8192 PMRAcquireKernelMappingDataOSMem+0xd8/0x10c vmalloc vpages
0x00000000-0x00000000    8192 PMRAcquireKernelMappingDataOSMem+0xd8/0x10c vmalloc vpages
0x00000000-0x00000000    8192 OSMMUPxMap+0x44/0x78 vmalloc vpages
0x00000000-0x00000000    8192 OSMMUPxMap+0x44/0x78 vmalloc vpages
0x00000000-0x00000000    8192 PMRAcquireKernelMappingDataOSMem+0xd8/0x10c vmalloc vpages
0x00000000-0x00000000    8192 PMRAcquireKernelMappingDataOSMem+0xd8/0x10c vmalloc vpages
0x00000000-0x00000000    8192 OSMMUPxMap+0x44/0x78 vmalloc vpages
0x00000000-0x00000000    8192 OSMMUPxMap+0x44/0x78 vmalloc vpages
0x00000000-0x00000000    8192 OSMMUPxMap+0x44/0x78 vmalloc vpages
0x00000000-0x00000000    8192 OSMMUPxMap+0x44/0x78 vmalloc vpages
0x00000000-0x00000000   12288 p2PAllocInfo+0x15c/0x1c8 pages=2 vmalloc
0x00000000-0x00000000   45056 p2PAllocInfo+0x16c/0x1c8 pages=10 vmalloc
0x00000000-0x00000000    8192 p2PAllocInfo+0x180/0x1c8 pages=1 vmalloc
0x00000000-0x00000000    8192 p2PAllocInfo+0x194/0x1c8 pages=1 vmalloc
0x00000000-0x00000000    8192 p2PAllocInfo+0x1a8/0x1c8 pages=1 vmalloc
0x00000000-0x00000000    8192 p2pRoleFsmInit+0x24/0x22c pages=1 vmalloc
0x00000000-0x00000000   16384 n_tty_open+0x20/0x128 pages=3 vmalloc
0x00000000-0x00000000   16384 n_tty_open+0x20/0x128 pages=3 vmalloc
0x00000000-0x00000000 2093056 binder_mmap+0xac/0x26c ioremap
0x00000000-0x00000000 2093056 binder_mmap+0xac/0x26c ioremap
0x00000000-0x00000000   16384 xt_alloc_table_info+0xc8/0xfc pages=3 vmalloc
0x00000000-0x00000000   16384 xt_alloc_table_info+0xc8/0xfc pages=3 vmalloc
0x00000000-0x00000000   16384 xt_alloc_table_info+0xc8/0xfc pages=3 vmalloc
0x00000000-0x00000000   16384 xt_alloc_table_info+0xc8/0xfc pages=3 vmalloc
0x00000000-0x00000000   16384 xt_alloc_table_info+0xc8/0xfc pages=3 vmalloc
0x00000000-0x00000000   16384 xt_alloc_table_info+0xc8/0xfc pages=3 vmalloc
0x00000000-0x00000000   16384 xt_alloc_table_info+0xc8/0xfc pages=3 vmalloc
0x00000000-0x00000000   16384 xt_alloc_table_info+0xc8/0xfc pages=3 vmalloc
0x00000000-0x00000000   20480 xt_alloc_table_info+0xc8/0xfc pages=4 vmalloc
0x00000000-0x00000000   20480 xt_alloc_table_info+0xc8/0xfc pages=4 vmalloc
0x00000000-0x00000000   20480 xt_alloc_table_info+0xc8/0xfc pages=4 vmalloc
0x00000000-0x00000000   20480 xt_alloc_table_info+0xc8/0xfc pages=4 vmalloc
0x00000000-0x00000000   20480 xt_alloc_table_info+0xc8/0xfc pages=4 vmalloc
0x00000000-0x00000000   20480 xt_alloc_table_info+0xc8/0xfc pages=4 vmalloc
0x00000000-0x00000000   20480 xt_alloc_table_info+0xc8/0xfc pages=4 vmalloc
0x00000000-0x00000000   20480 xt_alloc_table_info+0xc8/0xfc pages=4 vmalloc
0x00000000-0x00000000   12288 xt_alloc_table_info+0xc8/0xfc pages=2 vmalloc
0x00000000-0x00000000   12288 xt_alloc_table_info+0xc8/0xfc pages=2 vmalloc
0x00000000-0x00000000   12288 xt_alloc_table_info+0xc8/0xfc pages=2 vmalloc
0x00000000-0x00000000   12288 xt_alloc_table_info+0xc8/0xfc pages=2 vmalloc
0x00000000-0x00000000   12288 xt_alloc_table_info+0xc8/0xfc pages=2 vmalloc
0x00000000-0x00000000   12288 xt_alloc_table_info+0xc8/0xfc pages=2 vmalloc
0x00000000-0x00000000   12288 xt_alloc_table_info+0xc8/0xfc pages=2 vmalloc
0x00000000-0x00000000   12288 xt_alloc_table_info+0xc8/0xfc pages=2 vmalloc
0x00000000-0x00000000   12288 xt_alloc_table_info+0xc8/0xfc pages=2 vmalloc
0x00000000-0x00000000   12288 xt_alloc_table_info+0xc8/0xfc pages=2 vmalloc
0x00000000-0x00000000   12288 xt_alloc_table_info+0xc8/0xfc pages=2 vmalloc
0x00000000-0x00000000   12288 xt_alloc_table_info+0xc8/0xfc pages=2 vmalloc
0x00000000-0x00000000   12288 xt_alloc_table_info+0xc8/0xfc pages=2 vmalloc
0x00000000-0x00000000   12288 xt_alloc_table_info+0xc8/0xfc pages=2 vmalloc
0x00000000-0x00000000   12288 xt_alloc_table_info+0xc8/0xfc pages=2 vmalloc
0x00000000-0x00000000   12288 xt_alloc_table_info+0xc8/0xfc pages=2 vmalloc
0x00000000-0x00000000 2093056 binder_mmap+0xac/0x26c ioremap
0x00000000-0x00000000 2093056 binder_mmap+0xac/0x26c ioremap
0x00000000-0x00000000 2093056 binder_mmap+0xac/0x26c ioremap
0x00000000-0x00000000 2093056 binder_mmap+0xac/0x26c ioremap
0x00000000-0x00000000 2093056 binder_mmap+0xac/0x26c ioremap
0x00000000-0x00000000 2093056 binder_mmap+0xac/0x26c ioremap
0x00000000-0x00000000 2093056 binder_mmap+0xac/0x26c ioremap
0x00000000-0x00000000 2093056 binder_mmap+0xac/0x26c ioremap
0x00000000-0x00000000 2093056 binder_mmap+0xac/0x26c ioremap
0x00000000-0x00000000 2093056 binder_mmap+0xac/0x26c ioremap
0x00000000-0x00000000    8192 OSMMUPxMap+0x44/0x78 vmalloc vpages
0x00000000-0x00000000    8192 OSMMUPxMap+0x44/0x78 vmalloc vpages
0x00000000-0x00000000    8192 OSMMUPxMap+0x44/0x78 vmalloc vpages
0x00000000-0x00000000 2093056 binder_mmap+0xac/0x26c ioremap
0x00000000-0x00000000    8192 OSMMUPxMap+0x44/0x78 vmalloc vpages
0x00000000-0x00000000    8192 OSMMUPxMap+0x44/0x78 vmalloc vpages
0x00000000-0x00000000    8192 OSMMUPxMap+0x44/0x78 vmalloc vpages
0x00000000-0x00000000    8192 OSMMUPxMap+0x44/0x78 vmalloc vpages
0x00000000-0x00000000   69632 PMRAcquireKernelMappingDataOSMem+0xd8/0x10c vmalloc vpages
0x00000000-0x00000000    8192 PMRAcquireKernelMappingDataOSMem+0xd8/0x10c vmalloc vpages
0x00000000-0x00000000   69632 PMRAcquireKernelMappingDataOSMem+0xd8/0x10c vmalloc vpages
0x00000000-0x00000000    8192 PMRAcquireKernelMappingDataOSMem+0xd8/0x10c vmalloc vpages
0x00000000-0x00000000    8192 PMRAcquireKernelMappingDataOSMem+0xd8/0x10c vmalloc vpages
0x00000000-0x00000000   69632 PMRAcquireKernelMappingDataOSMem+0xd8/0x10c vmalloc vpages
0x00000000-0x00000000    8192 PMRAcquireKernelMappingDataOSMem+0xd8/0x10c vmalloc vpages
0x00000000-0x00000000   69632 PMRAcquireKernelMappingDataOSMem+0xd8/0x10c vmalloc vpages
0x00000000-0x00000000    8192 PMRAcquireKernelMappingDataOSMem+0xd8/0x10c vmalloc vpages
0x00000000-0x00000000    8192 PMRAcquireKernelMappingDataOSMem+0xd8/0x10c vmalloc vpages
0x00000000-0x00000000    8192 OSMMUPxMap+0x44/0x78 vmalloc vpages
0x00000000-0x00000000    8192 OSMMUPxMap+0x44/0x78 vmalloc vpages
0x00000000-0x00000000    8192 PMRAcquireKernelMappingDataOSMem+0xd8/0x10c vmalloc vpages
0x00000000-0x00000000    8192 PMRAcquireKernelMappingDataOSMem+0xd8/0x10c vmalloc vpages
0x00000000-0x00000000   16384 n_tty_open+0x20/0x128 pages=3 vmalloc
0x00000000-0x00000000   16384 n_tty_open+0x20/0x128 pages=3 vmalloc
0x00000000-0x00000000 1052672 zram_meta_alloc+0x80/0x108 pages=256 vmalloc
0x00000000-0x00000000   16384 n_tty_open+0x20/0x128 pages=3 vmalloc
0x00000000-0x00000000   16384 n_tty_open+0x20/0x128 pages=3 vmalloc
0x00000000-0x00000000 2093056 binder_mmap+0xac/0x26c ioremap
0x00000000-0x00000000  135168 binder_mmap+0xac/0x26c ioremap
0x00000000-0x00000000  135168 SyS_swapon+0x4d4/0x9fc pages=32 vmalloc
0x00000000-0x00000000    8192 adb_request_new.constprop.93+0x5c/0xb0 phys=5e001000 user
0x00000000-0x00000000    8192 adb_request_new.constprop.93+0x5c/0xb0 phys=5e000000 user
0x00000000-0x00000000    8192 adb_request_new.constprop.93+0x5c/0xb0 phys=5e0c1000 user
0x00000000-0x00000000    8192 adb_request_new.constprop.93+0x5c/0xb0 phys=5e0c0000 user
0x00000000-0x00000000    8192 adb_request_new.constprop.93+0x5c/0xb0 phys=5e15b000 user
0x00000000-0x00000000    8192 OSMMUPxMap+0x44/0x78 vmalloc vpages
0x00000000-0x00000000 2093056 binder_mmap+0xac/0x26c ioremap
0x00000000-0x00000000 2093056 binder_mmap+0xac/0x26c ioremap
0x00000000-0x00000000 2093056 binder_mmap+0xac/0x26c ioremap
0x00000000-0x00000000 2093056 binder_mmap+0xac/0x26c ioremap
0x00000000-0x00000000 2093056 binder_mmap+0xac/0x26c ioremap
0x00000000-0x00000000    8192 OSMMUPxMap+0x44/0x78 vmalloc vpages
0x00000000-0x00000000    8192 ion_sys_ioctl.isra.2+0x590/0x5fc vmalloc
0x00000000-0x00000000    8192 osal_kmalloc+0x18/0x1c pages=1 vmalloc
0x00000000-0x00000000    8192 osal_kmalloc+0x18/0x1c pages=1 vmalloc
0x00000000-0x00000000 2093056 binder_mmap+0xac/0x26c ioremap
0x00000000-0x00000000    8192 OSMMUPxMap+0x44/0x78 vmalloc vpages
0x00000000-0x00000000    8192 nicTxGenerateDescTemplate+0x178/0x278 pages=1 vmalloc
0x00000000-0x00000000    8192 nicTxGenerateDescTemplate+0x178/0x278 pages=1 vmalloc
0x00000000-0x00000000    8192 nicTxGenerateDescTemplate+0x178/0x278 pages=1 vmalloc
0x00000000-0x00000000    8192 nicTxGenerateDescTemplate+0x178/0x278 pages=1 vmalloc
0x00000000-0x00000000    8192 nicTxGenerateDescTemplate+0x178/0x278 pages=1 vmalloc
0x00000000-0x00000000    8192 nicTxGenerateDescTemplate+0x178/0x278 pages=1 vmalloc
0x00000000-0x00000000    8192 nicTxGenerateDescTemplate+0x178/0x278 pages=1 vmalloc
0x00000000-0x00000000    8192 nicTxGenerateDescTemplate+0x178/0x278 pages=1 vmalloc
0x00000000-0x00000000   16384 n_tty_open+0x20/0x128 pages=3 vmalloc
0x00000000-0x00000000   16384 n_tty_open+0x20/0x128 pages=3 vmalloc
0x00000000-0x00000000    8192 osal_malloc+0x10/0x14 pages=1 vmalloc
0x00000000-0x00000000    8192 osal_malloc+0x10/0x14 pages=1 vmalloc
0x00000000-0x00000000    8192 osal_malloc+0x10/0x14 pages=1 vmalloc
0x00000000-0x00000000  274432 osal_malloc+0x10/0x14 pages=66 vmalloc
0x00000000-0x00000000   36864 osal_malloc+0x10/0x14 pages=8 vmalloc
0x00000000-0x00000000    8192 osal_malloc+0x10/0x14 pages=1 vmalloc
0x00000000-0x00000000    8192 mtk_wcn_cmb_stub_reg+0x74/0xe4 pages=1 vmalloc
0x00000000-0x00000000 2113536 stp_dbg_init+0x5c/0x19c pages=515 vmalloc
0x00000000-0x00000000  528384 osal_malloc+0x10/0x14 pages=128 vmalloc
0x00000000-0x00000000 2093056 binder_mmap+0xac/0x26c ioremap
0x00000000-0x00000000 2093056 binder_mmap+0xac/0x26c ioremap
0x00000000-0x00000000 2093056 binder_mmap+0xac/0x26c ioremap
0x00000000-0x00000000 2093056 binder_mmap+0xac/0x26c ioremap
0x00000000-0x00000000 1048576 vm_map_ram
0x00000000-0x00000000 1048576 vm_map_ram
0x00000000-0x00000000 2093056 binder_mmap+0xac/0x26c ioremap
0x00000000-0x00000000 2093056 binder_mmap+0xac/0x26c ioremap
0x00000000-0x00000000 2093056 binder_mmap+0xac/0x26c ioremap
0x00000000-0x00000000 2093056 binder_mmap+0xac/0x26c ioremap
0x00000000-0x00000000 1048576 vm_map_ram
0x00000000-0x00000000 1048576 vm_map_ram
0x00000000-0x00000000 2093056 binder_mmap+0xac/0x26c ioremap
0x00000000-0x00000000 2093056 binder_mmap+0xac/0x26c ioremap
0x00000000-0x00000000 2093056 binder_mmap+0xac/0x26c ioremap
0x00000000-0x00000000 2093056 binder_mmap+0xac/0x26c ioremap
0x00000000-0x00000000    8192 seq_read+0x3e0/0x494 pages=1 vmalloc
0x00000000-0x00000000 2093056 binder_mmap+0xac/0x26c ioremap
0x00000000-0x00000000 2093056 binder_mmap+0xac/0x26c ioremap
0x00000000-0x00000000 2093056 binder_mmap+0xac/0x26c ioremap
0x00000000-0x00000000   77824 iotable_init+0x0/0xc4 phys=10000000 ioremap
0x00000000-0x00000000  262144 iotable_init+0x0/0xc4 phys=10020000 ioremap
0x00000000-0x00000000 1048576 iotable_init+0x0/0xc4 phys=10100000 ioremap
0x00000000-0x00000000  106496 iotable_init+0x0/0xc4 phys=10200000 ioremap
0x00000000-0x00000000   32768 iotable_init+0x0/0xc4 phys=10220000 ioremap
0x00000000-0x00000000   65536 iotable_init+0x0/0xc4 phys=10390000 ioremap
0x00000000-0x00000000   73728 iotable_init+0x0/0xc4 phys=11000000 ioremap
0x00000000-0x00000000  655360 iotable_init+0x0/0xc4 phys=11200000 ioremap
0x00000000-0x00000000 16777216 iotable_init+0x0/0xc4 phys=13000000 ioremap
0x00000000-0x00000000  147456 iotable_init+0x0/0xc4 phys=14000000 ioremap
0x00000000-0x00000000   65536 iotable_init+0x0/0xc4 phys=15000000 ioremap
0x00000000-0x00000000  196608 iotable_init+0x0/0xc4 phys=16000000 ioremap
0x00000000-0x00000000   12288 iotable_init+0x0/0xc4 phys=17000000 ioremap
0x00000000-0x00000000   20480 iotable_init+0x0/0xc4 phys=18000000 ioremap
0x00000000-0x00000000   65536 iotable_init+0x0/0xc4 phys=100000 ioremap
0x00000000-0x00000000   65536 iotable_init+0x0/0xc4 phys=8000000 ioremap
0x00000000-0x00000000  294912 pcpu_get_vm_areas+0x0/0x600 vmalloc

------ SLAB INFO (/proc/slabinfo) ------
*** /proc/slabinfo: No such file or directory

------ ZONEINFO (/proc/zoneinfo) ------
Node 0, zone   Normal
  pages free     41325
        min      698
        low      926
        high     1101
        scanned  0
        spanned  131072
        present  131072
        managed  121967
    nr_free_pages 41325
    nr_inactive_anon 0
    nr_active_anon 0
    nr_inactive_file 50188
    nr_active_file 15859
    nr_unevictable 0
    nr_mlock     0
    nr_anon_pages 0
    nr_mapped    28581
    nr_file_pages 66063
    nr_dirty     23
    nr_writeback 76
    nr_slab_reclaimable 3360
    nr_slab_unreclaimable 4038
    nr_page_table_pages 3195
    nr_kernel_stack 856
    nr_unstable  0
    nr_bounce    0
    nr_vmscan_write 0
    nr_vmscan_immediate_reclaim 0
    nr_writeback_temp 0
    nr_isolated_anon 0
    nr_isolated_file 0
    nr_shmem     0
    nr_dirtied   3231
    nr_written   3147
    nr_anon_transparent_hugepages 0
    nr_free_cma  0
        protection: (0, 11615, 11615)
  pagesets
    cpu: 0
              count: 55
              high:  186
              batch: 31
  vm stats threshold: 12
    cpu: 1
              count: 91
              high:  186
              batch: 31
  vm stats threshold: 12
  all_unreclaimable: 0
  start_pfn:         262144
  inactive_ratio:    1
Node 0, zone  HighMem
  pages free     81245
        min      128
        low      825
        high     1357
        scanned  0
        spanned  392704
        present  371710
        managed  371710
    nr_free_pages 81245
    nr_inactive_anon 84
    nr_active_anon 57662
    nr_inactive_file 314
    nr_active_file 204
    nr_unevictable 0
    nr_mlock     0
    nr_anon_pages 57659
    nr_mapped    201
    nr_file_pages 616
    nr_dirty     0
    nr_writeback 0
    nr_slab_reclaimable 0
    nr_slab_unreclaimable 0
    nr_page_table_pages 0
    nr_kernel_stack 0
    nr_unstable  0
    nr_bounce    0
    nr_vmscan_write 0
    nr_vmscan_immediate_reclaim 0
    nr_writeback_temp 0
    nr_isolated_anon 0
    nr_isolated_file 0
    nr_shmem     98
    nr_dirtied   0
    nr_written   0
    nr_anon_transparent_hugepages 0
    nr_free_cma  0
        protection: (0, 0, 0)
  pagesets
    cpu: 0
              count: 121
              high:  186
              batch: 31
  vm stats threshold: 20
    cpu: 1
              count: 47
              high:  186
              batch: 31
  vm stats threshold: 20
  all_unreclaimable: 0
  start_pfn:         393216
  inactive_ratio:    3

------ PAGETYPEINFO (/proc/pagetypeinfo) ------
Page block order: 10
Pages per block:  1024

Free pages count per migrate type at order       0      1      2      3      4      5      6      7      8      9     10 
Node    0, zone   Normal, type    Unmovable     43     15     22      2      4      0      0      0      0      0      0 
Node    0, zone   Normal, type  Reclaimable      2      2      1      3      0      1      0      1      0      1      0 
Node    0, zone   Normal, type      Movable      0      3      1      1      1      1      0      1      1      0     38 
Node    0, zone   Normal, type      Mtkpasr      0      0      0      0      0      0      0      0      0      0      0 
Node    0, zone   Normal, type      Reserve      0      0      0      0      0      0      0      0      0      0      1 
Node    0, zone  HighMem, type    Unmovable      7      1      6      2      2      0      1      0      1      0      0 
Node    0, zone  HighMem, type  Reclaimable      0      0      0      0      0      0      0      0      0      0      0 
Node    0, zone  HighMem, type      Movable     17     13      4      2      1      0      0      3      2      0     13 
Node    0, zone  HighMem, type      Mtkpasr      2      2      2      2      2      2      2      2      2      2     62 
Node    0, zone  HighMem, type      Reserve      0      0      0      0      0      0      0      0      0      0      1 

Number of blocks type     Unmovable  Reclaimable      Movable      Mtkpasr      Reserve 
Node 0, zone   Normal           12            4          111            0            1 
Node 0, zone  HighMem           36            0           70          255            1 

------ BUDDYINFO (/proc/buddyinfo) ------
Node 0, zone   Normal     45     20     24      6      5      2      0      2      1      1     39 
Node 0, zone  HighMem     26     16     12      6      5      2      3      5      5      2     76 

------ FRAGMENTATION INFO (/d/extfrag/unusable_index: 1970-01-01 08:00:00) ------
Node 0, zone   Normal 0.000 0.001 0.002 0.004 0.005 0.007 0.009 0.009 0.015 0.021 0.033 
Node 0, zone  HighMem 0.000 0.000 0.000 0.001 0.001 0.002 0.003 0.006 0.013 0.029 0.042 

------ KERNEL WAKELOCKS (/proc/wakelocks) ------
*** /proc/wakelocks: No such file or directory

------ KERNEL WAKE SOURCES (/d/wakeup_sources: 1970-01-01 08:00:00) ------
name		active_count	event_count	wakeup_count	expire_count	active_since	total_time	max_time	last_change	prevent_suspend_time
event7-759  	0		0		0		0		0		0		0		14149		0
WLAN tx_thread	1389		1389		0		0		0		53		0		476647		0
WLAN rx_thread	55		55		0		0		0		7		0		467500		0
WLAN hif_thread	1566		1566		0		0		0		3468		25		476647		0
WLAN Timer  	236		236		0		0		0		6295		1982		476632		0
WLAN timeout	279		1271		0		279		0		26638		966		476690		0
WLAN interrupt	1199		1199		0		0		0		1039		25		476647		0
PowerManagerService.WakeLocks	3		3		0		0		60709		463121		371241		417064		0
event1-759  	0		0		0		0		0		0		0		12276		0
event5-759  	1972		1974		0		0		0		480		215		417786		0
event6-759  	0		0		0		0		0		0		0		11975		0
event0-759  	0		0		0		0		0		0		0		11970		0
KeyEvents   	1995		1995		0		0		0		804		503		474480		0
PowerManagerService.Display	1		1		0		0		467206		467206		467206		10567		0
wmtFuncCtrl 	4		4		0		0		0		3975		2497		13483		0
MT662x      	24		24		0		0		0		34837		5037		473861		0
binder      	2		2		0		0		0		0		0		11816		0
[timerfd]   	0		0		0		0		0		0		0		6287		0
NETLINK     	382		382		0		0		0		495		22		474606		0
eventpoll   	384		386		0		0		0		32		12		474606		0
eemcs_lb_it 	0		0		0		0		0		0		0		3775		0
eemcs_it    	0		0		0		0		0		0		0		3775		0
ccci_ioctl4 	0		0		0		0		0		0		0		3775		0
ccci_ioctl3 	0		0		0		0		0		0		0		3775		0
ccci_ioctl2 	0		0		0		0		0		0		0		3775		0
ccci_ioctl1 	0		0		0		0		0		0		0		3775		0
ccci_ioctl0 	0		0		0		0		0		0		0		3775		0
ccci_imsdc  	0		0		0		0		0		0		0		3775		0
ccci_imsa   	0		0		0		0		0		0		0		3775		0
ccci_imsc   	0		0		0		0		0		0		0		3775		0
ccci_imsv   	0		0		0		0		0		0		0		3775		0
ccmni2      	0		0		0		0		0		0		0		3774		0
ccmni1      	0		0		0		0		0		0		0		3773		0
ccmni0      	0		0		0		0		0		0		0		3773		0
ttyC1       	0		0		0		0		0		0		0		3773		0
ccci_ipc_3  	8		25		0		8		0		8405		1441		469820		0
ccci_ipc_2  	0		0		0		0		0		0		0		3772		0
ccci_ipc_1220_0	0		0		0		0		0		0		0		3772		0
ccci_rpc    	2		14		0		2		0		2151		1149		12210		0
ttyC3       	0		0		0		0		0		0		0		3772		0
ttyC2       	1		1		0		1		0		994		994		11470		0
ccci_fs     	8		875		0		8		0		13731		4225		49460		0
ttyC0       	145		829		0		145		0		178104		6783		477570		0
ccci_md_log_ctrl	0		0		0		0		0		0		0		3772		0
ccci_poll   	0		0		0		0		0		0		0		3772		0
ccci_sys    	0		0		0		0		0		0		0		3772		0
ccci_ctrl   	1		2		0		1		0		1345		1345		9070		0
ccci_aud    	1		5		0		1		0		1006		1006		9110		0
ccci_monitor	2		3		0		2		0		2337		1345		9070		0
ccci0_peer  	147		1370		0		147		0		184946		7873		477570		0
ccci0_trm   	0		0		0		0		0		0		0		3767		0
battery     	57		57		0		0		0		48		2		474581		0
wireless    	57		57		0		0		0		63		3		474578		0
usb         	57		57		0		0		0		61		2		474581		0
ac          	57		57		0		0		0		58		3		474581		0
battery suspend wakelock	1		56		0		0		476920		476920		476920		853		0
USB.lock    	1		1		0		0		476402		476402		476402		1371		0
read_data_wake_lock	0		0		0		0		0		0		0		793		0
read_data_wake_lock	0		0		0		0		0		0		0		792		0
accdet timer wakelock	0		0		0		0		0		0		0		786		0
accdet key wakelock	0		0		0		0		0		0		0		786		0
accdet irq wakelock	1		1		0		0		0		0		0		787		0
accdet wakelock	0		0		0		0		0		0		0		786		0
spi_wakelock	10560		10560		0		0		7		303429		29		477766		0
MSDC Transfer Lock	11899		11899		0		0		0		331		7		476647		0
mmc2_detect 	3		5		0		2		0		2110		869		11150		0
mmc1_detect 	1		2		0		1		0		1029		1029		1750		0
mmc0_detect 	1		2		0		1		0		589		589		1260		0
vcorefs     	0		0		0		0		0		0		0		483		0
leds wakelock	0		0		0		0		0		0		0		477		0
alarm       	18		18		0		0		0		89		18		446479		0
xhci.wakelock	0		0		0		0		0		0		0		358		0
alarmtimer  	0		0		0		0		0		0		0		336		0
pmicAuxadc irq wakelock	3845		3845		0		0		0		1320		15		477440		0
bat_percent_notify_lock wakelock	46		46		0		0		0		2		0		470226		0
pmicThread_lock_mt6332 wakelock	0		0		0		0		0		0		0		211		0
pmicThread_lock_mt6331 wakelock	0		0		0		0		0		0		0		211		0
EINT wakelock	219		3495		0		219		0		288463		14058		477140		0
sys_sync    	0		0		0		0		0		0		0		120		0
autosleep   	0		0		0		0		0		0		0		120		0

------ KERNEL CPUFREQ (/sys/devices/system/cpu/cpu0/cpufreq/stats/time_in_state) ------
1690000 3492
1495000 284
1365000 211
1248000 881
1144000 4530
1001000 5467
806000 32538

------ KERNEL SYNC (/d/sync: 2017-07-18 13:49:37) ------
fences:
--------------
[de221980] com.hicam/com.hicam.applicat:1: active
  timeline-primary-0-1_pt active: 13383 / 13382
[d03bf100] ovl_fence-0x10000-0-13550: active
  timeline-primary-0-0_pt active: 13550 / 13549

------ PROCESSES (ps -P) ------
USER     PID   PPID  VSIZE  RSS    PCY  WCHAN    PC         NAME
root      1     0     700    532       ffffffff 00000000 S /init
root      2     0     0      0         ffffffff 00000000 S kthreadd
root      3     2     0      0         ffffffff 00000000 S ksoftirqd/0
root      4     2     0      0         ffffffff 00000000 S kworker/0:0
root      5     2     0      0         ffffffff 00000000 S kworker/0:0H
root      7     2     0      0         ffffffff 00000000 S migration/0
root      8     2     0      0         ffffffff 00000000 S rcu_preempt
root      9     2     0      0         ffffffff 00000000 S rcu_bh
root      10    2     0      0         ffffffff 00000000 S rcu_sched
root      11    2     0      0         ffffffff 00000000 S migration/1
root      12    2     0      0         ffffffff 00000000 S ksoftirqd/1
root      13    2     0      0         ffffffff 00000000 S kworker/1:0
root      14    2     0      0         ffffffff 00000000 S kworker/1:0H
root      15    2     0      0         ffffffff 00000000 R migration/2
root      16    2     0      0         ffffffff 00000000 R ksoftirqd/2
root      18    2     0      0         ffffffff 00000000 S kworker/2:0H
root      19    2     0      0         ffffffff 00000000 R migration/3
root      20    2     0      0         ffffffff 00000000 R ksoftirqd/3
root      21    2     0      0         ffffffff 00000000 S kworker/3:0
root      22    2     0      0         ffffffff 00000000 S kworker/3:0H
root      23    2     0      0         ffffffff 00000000 R migration/4
root      24    2     0      0         ffffffff 00000000 R ksoftirqd/4
root      25    2     0      0         ffffffff 00000000 S kworker/4:0
root      26    2     0      0         ffffffff 00000000 S kworker/4:0H
root      27    2     0      0         ffffffff 00000000 R migration/5
root      28    2     0      0         ffffffff 00000000 R ksoftirqd/5
root      30    2     0      0         ffffffff 00000000 S kworker/5:0H
root      31    2     0      0         ffffffff 00000000 R migration/6
root      32    2     0      0         ffffffff 00000000 R ksoftirqd/6
root      33    2     0      0         ffffffff 00000000 S kworker/6:0
root      34    2     0      0         ffffffff 00000000 S kworker/6:0H
root      35    2     0      0         ffffffff 00000000 R migration/7
root      36    2     0      0         ffffffff 00000000 R ksoftirqd/7
root      37    2     0      0         ffffffff 00000000 S kworker/7:0
root      38    2     0      0         ffffffff 00000000 S kworker/7:0H
root      39    2     0      0         ffffffff 00000000 S khelper
root      40    2     0      0         ffffffff 00000000 S fs_sync
root      41    2     0      0         ffffffff 00000000 S suspend
root      42    2     0      0         ffffffff 00000000 S writeback
root      43    2     0      0         ffffffff 00000000 S bioset
root      44    2     0      0         ffffffff 00000000 S kblockd
root      45    2     0      0         ffffffff 00000000 S khubd
root      47    2     0      0         ffffffff 00000000 S pool_reload_wor
root      48    2     0      0         ffffffff 00000000 S kworker/5:1
root      49    2     0      0         ffffffff 00000000 S cfg80211
root      50    2     0      0         ffffffff 00000000 S cfinteractive
root      51    2     0      0         ffffffff 00000000 S pmic_6331_threa
root      52    2     0      0         ffffffff 00000000 S pmic_6332_threa
root      53    2     0      0         ffffffff 00000000 S bat_percent_not
root      54    2     0      0         ffffffff 00000000 S kworker/7:1
root      55    2     0      0         ffffffff 00000000 D hps_main
root      56    2     0      0         ffffffff 00000000 S emi_mpu
root      57    2     0      0         ffffffff 00000000 S kswapd0
root      58    2     0      0         ffffffff 00000000 S fsnotify_mark
root      59    2     0      0         ffffffff 00000000 S crypto
root      78    2     0      0         ffffffff 00000000 S uether
root      79    2     0      0         ffffffff 00000000 D touch_freq_up_t
root      80    2     0      0         ffffffff 00000000 S ion_mm_heap
root      81    2     0      0         ffffffff 00000000 S binder
root      82    2     0      0         ffffffff 00000000 S kworker/u16:1
root      85    2     0      0         ffffffff 00000000 S kworker/u16:2
root      88    2     0      0         ffffffff 00000000 S kworker/u16:5
root      89    2     0      0         ffffffff 00000000 S kworker/u16:6
root      90    2     0      0         ffffffff 00000000 D hang_detect
root      91    2     0      0         ffffffff 00000000 S conn-md-thread
root      92    2     0      0         ffffffff 00000000 S mtk_vibrator
root      93    2     0      0         ffffffff 00000000 S vcorefs
root      94    2     0      0         ffffffff 00000000 S MD32_REBOOT_WQ
root      95    2     0      0         ffffffff 00000000 S MD32_WDT_WQ
root      96    2     0      0         ffffffff 00000000 S MD32_ASSERT_WQ
root      97    2     0      0         ffffffff 00000000 S kthermp
root      98    2     0      0         ffffffff 00000000 S pvr_timer
root      99    2     0      0         ffffffff 00000000 S pvr_defer_free
root      100   2     0      0         ffffffff 00000000 S pvr_devices_wd_
root      101   2     0      0         ffffffff 00000000 S pvr_sync_workqu
root      102   2     0      0         ffffffff 00000000 S mwp
root      103   2     0      0         ffffffff 00000000 R mmcqd/0
root      104   2     0      0         ffffffff 00000000 S mmcqd/0boot0
root      105   2     0      0         ffffffff 00000000 S mmcqd/0boot1
root      106   2     0      0         ffffffff 00000000 S mmcqd/0rpmb
root      107   2     0      0         ffffffff 00000000 S cmdq_auto_relea
root      108   2     0      0         ffffffff 00000000 S cmdq_task
root      109   2     0      0         ffffffff 00000000 S ddp_irq_log_kth
root      110   2     0      0         ffffffff 00000000 D display_esd_che
root      111   2     0      0         ffffffff 00000000 S display_check_a
root      112   2     0      0         ffffffff 00000000 S fence_worker
root      113   2     0      0         ffffffff 00000000 D present_fence_w
root      114   2     0      0         ffffffff 00000000 D update_HX8347D_
root      115   2     0      0         ffffffff 00000000 S accdet
root      116   2     0      0         ffffffff 00000000 S keyEvent_send
root      117   2     0      0         ffffffff 00000000 S accdet_disable
root      118   2     0      0         ffffffff 00000000 S accdet_eint
root      119   2     0      0         ffffffff 00000000 S sensor_polling
root      120   2     0      0         ffffffff 00000000 S kworker/4:1
root      121   2     0      0         ffffffff 00000000 D bat_thread_kthr
root      122   2     0      0         ffffffff 00000000 S mtk charger_hv_
root      123   2     0      0         ffffffff 00000000 S mmcqd/1
root      125   2     0      0         ffffffff 00000000 S mtk-tpd
root      126   2     0      0         ffffffff 00000000 S update_firmware
root      127   2     0      0         ffffffff 00000000 D mt_gpufreq_inpu
root      128   2     0      0         ffffffff 00000000 S tx0_worker
root      129   2     0      0         ffffffff 00000000 S tx1_worker
root      130   2     0      0         ffffffff 00000000 S tx2_worker
root      131   2     0      0         ffffffff 00000000 S tx3_worker
root      132   2     0      0         ffffffff 00000000 S tx4_worker
root      133   2     0      0         ffffffff 00000000 S tx5_worker
root      134   2     0      0         ffffffff 00000000 S tx6_worker
root      135   2     0      0         ffffffff 00000000 S tx7_worker
root      136   2     0      0         ffffffff 00000000 S rx0_worker
root      137   2     0      0         ffffffff 00000000 S rx1_worker
root      138   2     0      0         ffffffff 00000000 S rx2_worker
root      139   2     0      0         ffffffff 00000000 S rx3_worker
root      140   2     0      0         ffffffff 00000000 S rx4_worker
root      141   2     0      0         ffffffff 00000000 S rx5_worker
root      142   2     0      0         ffffffff 00000000 S rx6_worker
root      143   2     0      0         ffffffff 00000000 S rx7_worker
root      144   2     0      0         ffffffff 00000000 S ccci_ctrl
root      145   2     0      0         ffffffff 00000000 S ccci_sys
root      146   2     0      0         ffffffff 00000000 S ccci_poll
root      147   2     0      0         ffffffff 00000000 S ccci_rpc
root      148   2     0      0         ffffffff 00000000 S ccci_ipc_3
root      149   2     0      0         ffffffff 00000000 S PTP_CTRL_LITTLE
root      150   2     0      0         ffffffff 00000000 S PTP_CTRL_BIG
root      151   2     0      0         ffffffff 00000000 S PTP_CTRL_GPU
root      152   2     0      0         ffffffff 00000000 S PTP_CTRL_VCORE
root      153   2     0      0         ffffffff 00000000 S deferwq
root      154   2     0      0         ffffffff 00000000 S f_mtp
root      155   2     0      0         ffffffff 00000000 S file-storage
root      156   2     0      0         ffffffff 00000000 D wdtk-0
root      157   2     0      0         ffffffff 00000000 D wdtk-1
root      158   2     0      0         ffffffff 00000000 D wdtk-2
root      159   2     0      0         ffffffff 00000000 D wdtk-3
root      160   2     0      0         ffffffff 00000000 D wdtk-4
root      161   2     0      0         ffffffff 00000000 D wdtk-5
root      162   2     0      0         ffffffff 00000000 D wdtk-6
root      163   2     0      0         ffffffff 00000000 D wdtk-7
root      165   2     0      0         ffffffff 00000000 S kworker/2:1
root      166   2     0      0         ffffffff 00000000 S kworker/1:1
root      167   2     0      0         ffffffff 00000000 S kworker/6:1
root      168   2     0      0         ffffffff 00000000 S kworker/3:1
root      169   2     0      0         ffffffff 00000000 S kworker/7:1H
root      170   1     580    260       ffffffff 00000000 S /sbin/ueventd
root      171   2     0      0         ffffffff 00000000 S kworker/4:1H
root      172   2     0      0         ffffffff 00000000 S kworker/5:1H
root      173   2     0      0         ffffffff 00000000 S jbd2/mmcblk0p13
root      174   2     0      0         ffffffff 00000000 S ext4-dio-unwrit
root      178   2     0      0         ffffffff 00000000 S jbd2/mmcblk0p15
root      179   2     0      0         ffffffff 00000000 S ext4-dio-unwrit
root      183   2     0      0         ffffffff 00000000 S kworker/6:1H
root      185   2     0      0         ffffffff 00000000 S jbd2/mmcblk0p14
root      186   2     0      0         ffffffff 00000000 S ext4-dio-unwrit
root      209   2     0      0         ffffffff 00000000 S jbd2/mmcblk0p3-
root      210   2     0      0         ffffffff 00000000 S ext4-dio-unwrit
root      213   2     0      0         ffffffff 00000000 S jbd2/mmcblk0p4-
root      214   2     0      0         ffffffff 00000000 S ext4-dio-unwrit
root      215   2     0      0         ffffffff 00000000 S loop0
root      216   1     18508  3720      ffffffff 00000000 S /system/bin/atci_service
root      217   1     1284   540       ffffffff 00000000 S /system/bin/atcid
system    219   1     1396   296       ffffffff 00000000 S /system/bin/drvbd
root      220   1     2480   4     fg  ffffffff 00000000 S /sbin/healthd
system    221   1     1144   180       ffffffff 00000000 S /system/bin/servicemanager
root      222   1     5092   1304      ffffffff 00000000 S /system/bin/vold
root      223   2     0      0         ffffffff 00000000 S kworker/0:1H
system    224   1     1456   604       ffffffff 00000000 S /system/bin/autokd
system    227   1     996    168       ffffffff 00000000 S /system/bin/logwrapper
ccci      228   1     1536   564       ffffffff 00000000 S /system/bin/ccci_fsd
system    229   1     1572   604       ffffffff 00000000 S /system/bin/ccci_mdinit
root      232   1     1800   748       ffffffff 00000000 S /system/bin/debuggerd
shell     233   1     2448   588       ffffffff 00000000 S /system/bin/mobile_log_d
root      234   1     10004  1248      ffffffff 00000000 S /system/bin/netd
shell     235   1     3200   668       ffffffff 00000000 S /system/bin/netdiag
system    237   1     4768   704   fg  ffffffff 00000000 S /system/bin/nvram_agent_binder
system    239   1     44936  7740      ffffffff 00000000 S /system/bin/surfaceflinger
root      240   1     946136 53644     ffffffff 00000000 S zygote
drm       241   1     35136  10008 fg  ffffffff 00000000 S /system/bin/drmserver
media     242   1     200552 27112 fg  ffffffff 00000000 S /system/bin/mediaserver
system    243   1     5708   660   fg  ffffffff 00000000 S /system/bin/bwc
radio     244   1     37336  9456  fg  ffffffff 00000000 S /system/bin/vtservice
install   245   1     1144   476       ffffffff 00000000 S /system/bin/installd
root      246   2     0      0         ffffffff 00000000 S kworker/3:1H
keystore  248   1     4732   1272  fg  ffffffff 00000000 S /system/bin/keystore
gps       249   1     38924  1832      ffffffff 00000000 S /system/bin/mtk_agpsd
system    252   227   1080   440       ffffffff 00000000 S /system/bin/6620_launcher
root      256   2     0      0         ffffffff 00000000 S kworker/1:1H
gps       261   1     3580   552       ffffffff 00000000 S /system/xbin/mnld
shell     262   1     1064   192       c008875c b6ef0f48 S /system/bin/batterywarning
media     263   1     4756   700   fg  ffffffff 00000000 S /system/bin/MtkCodecService
system    265   1     14648  3432  fg  ffffffff 00000000 S /system/bin/guiext-server
system    266   1     2096   196       ffffffff 00000000 S /system/bin/fotabinder
system    276   1     4808   716   fg  ffffffff 00000000 S /system/bin/ppl_agent
bluetooth 277   1     14416  3964      ffffffff 00000000 S /system/bin/mtkbt
system    279   1     4808   716   fg  ffffffff 00000000 S /system/bin/GoogleOtaBinder
system    283   1     3156   224       ffffffff 00000000 S /system/bin/thermal
system    284   1     1060   192       ffffffff 00000000 S /system/bin/thermald
root      294   2     0      0         ffffffff 00000000 S kworker/2:1H
system    300   1     2400   516       ffffffff 00000000 S /system/bin/st480d
nvram     301   1     30152  8232      ffffffff 00000000 S /system/bin/em_svr
shell     303   1     4644   264       ffffffff 00000000 S /sbin/adbd
root      363   2     0      0         ffffffff 00000000 S pvr_workqueue
root      364   2     0      0         ffffffff 00000000 S pvr_workqueue
root      366   2     0      0         ffffffff 00000000 S pvr_workqueue
root      528   2     0      0         ffffffff 00000000 S mtk_stp_psm
root      529   2     0      0         ffffffff 00000000 S mtk_stp_btm
root      530   2     0      0         ffffffff 00000000 S mtk_wmtd
root      736   2     0      0         ffffffff 00000000 S kworker/2:2
root      753   2     0      0         ffffffff 00000000 S kworker/u17:1
root      754   2     0      0         ffffffff 00000000 S kworker/u17:2
shell     755   1     2760   816       ffffffff 00000000 S /system/bin/ecccimdlogger
radio     756   1     10352  440       ffffffff 00000000 S /system/bin/gsm0710muxd
system    759   240   1046600 75392 fg  ffffffff 00000000 S system_server
radio     784   1     18468  780       ffffffff 00000000 S /system/bin/rild
root      806   2     0      0         ffffffff 00000000 S ksdioirqd/mmc2
root      807   2     0      0         ffffffff 00000000 S stp_sdio_tx_rx
u0_a6     848   240   962476 30968 fg  ffffffff 00000000 S com.android.keyguard
u0_a6     862   240   992196 50132 fg  ffffffff 00000000 S com.android.systemui
system    904   240   963392 27556 bg  ffffffff 00000000 S com.android.settings
u0_a40    934   240   963576 34804 fg  ffffffff 00000000 S com.ckt.sioeye
u0_a1     972   240   973800 38468 bg  ffffffff 00000000 S android.process.acore
root      991   2     0      0         ffffffff 00000000 S tx_thread
root      992   2     0      0         ffffffff 00000000 S hif_thread
root      993   2     0      0         ffffffff 00000000 S rx_thread
media_rw  994   1     3688   444       ffffffff 00000000 S /system/bin/sdcard
wifi      1027  1     3916   2024      ffffffff 00000000 S /system/bin/wpa_supplicant
u0_a4     1028  240   969560 38932 bg  ffffffff 00000000 S android.process.media
root      1052  2     0      0         ffffffff 00000000 S kworker/5:2
u0_a18    1053  240   956260 29944 fg  ffffffff 00000000 S com.hicam.android.softkeyboard
u0_a30    1071  240   956936 22764 bg  ffffffff 00000000 S com.android.printspooler
radio     1083  240   992860 54536 fg  ffffffff 00000000 S com.android.phone
u0_a35    1095  240   1038552 56680 fg  ffffffff 00000000 S com.mediatek.voicecommand
bluetooth 1107  240   957596 25180 fg  ffffffff 00000000 S com.mediatek.bluetooth
u0_a37    1119  240   964540 30136 fg  ffffffff 00000000 S com.sioeye.iris.DataManagerService
u0_a39    1134  240   975940 37568 fg  ffffffff 00000000 S com.sioeye.iris.controller
u0_a26    1148  240   957920 22276 fg  ffffffff 00000000 S com.mediatek.nlpservice
root      1171  2     0      0         ffffffff 00000000 S hdmi_rdma_confi
root      1172  2     0      0         ffffffff 00000000 S mhl_irq_kthread
root      1174  2     0      0         ffffffff 00000000 S smartbook_kthre
root      1175  2     0      0         ffffffff 00000000 S sii8348drv
root      1276  2     0      0         ffffffff 00000000 S kworker/0:2
media_rw  1293  1     3664   444       ffffffff 00000000 S /system/bin/sdcard
u0_a34    1297  240   955812 23428 bg  ffffffff 00000000 S com.mediatek.systemupdate
u0_a1     1317  240   964748 36420 bg  ffffffff 00000000 S com.android.contacts
root      1385  1     1000   396       ffffffff 00000000 S /system/bin/logwrapper
dhcp      1387  1385  1184   480       ffffffff 00000000 S /system/bin/dhcpcd
u0_a3     1402  240   964664 27876 bg  ffffffff 00000000 S com.android.dialer
u0_a7     1487  240   956892 22668 bg  ffffffff 00000000 S com.android.onetimeinitializer
system    1505  240   955588 21860 bg  ffffffff 00000000 S com.android.advancereset
system    1520  240   956964 23000 bg  ffffffff 00000000 S com.mediatek.atci.service
system    1539  240   956768 22444 bg  ffffffff 00000000 S com.mediatek.batterywarning
u0_a27    1602  240   955896 24192 bg  ffffffff 00000000 S com.mediatek.omacp
system    1618  240   956928 24660 bg  ffffffff 00000000 S com.mediatek.schpwronoff
u0_a12    1645  240   964772 25852 bg  ffffffff 00000000 S com.android.browser
system    1672  240   956932 21796 bg  ffffffff 00000000 S com.livecamera
shell     1696  240   956288 22656 bg  ffffffff 00000000 S com.android.shell
u0_a31    1714  240   969976 34436 fg  ffffffff 00000000 S com.ckt.eirot.sioeyettsdemo
root      1788  2     0      0         ffffffff 00000000 S kworker/0:1
shell     1790  303   918116 40088     ffffffff 4006d38c S uiautomator
system    1962  240   1039700 63512     ffffffff 00000000 S com.hicam
root      2084  2     0      0         ffffffff 00000000 S kworker/u16:0
shell     2110  1790  1064   192       c07f5298 400a138c S /system/bin/bugreport
shell     2111  1     1168   616       ffffffff 00000000 S /system/bin/dumpstate
shell     2120  2111  1388   484       00000000 b6f0438c R ps
[ps: 0.1s elapsed]

------ PROCESSES AND THREADS (ps -t -p -P) ------
USER     PID   PPID  VSIZE  RSS   PRIO  NICE  RTPRI SCHED  PCY  WCHAN    PC         NAME
root      1     0     700    532   20    0     0     0         ffffffff 00000000 S /init
root      2     0     0      0     20    0     0     0         ffffffff 00000000 S kthreadd
root      3     2     0      0     20    0     0     0         ffffffff 00000000 S ksoftirqd/0
root      4     2     0      0     20    0     0     0         ffffffff 00000000 S kworker/0:0
root      5     2     0      0     0     -20   0     0         ffffffff 00000000 S kworker/0:0H
root      7     2     0      0     -99   0     98    1         ffffffff 00000000 S migration/0
root      8     2     0      0     20    0     0     0         ffffffff 00000000 S rcu_preempt
root      9     2     0      0     20    0     0     0         ffffffff 00000000 S rcu_bh
root      10    2     0      0     20    0     0     0         ffffffff 00000000 S rcu_sched
root      11    2     0      0     -99   0     98    1         ffffffff 00000000 S migration/1
root      12    2     0      0     20    0     0     0         ffffffff 00000000 S ksoftirqd/1
root      13    2     0      0     20    0     0     0         ffffffff 00000000 S kworker/1:0
root      14    2     0      0     0     -20   0     0         ffffffff 00000000 S kworker/1:0H
root      15    2     0      0     -99   0     98    1         ffffffff 00000000 R migration/2
root      16    2     0      0     20    0     0     0         ffffffff 00000000 R ksoftirqd/2
root      18    2     0      0     0     -20   0     0         ffffffff 00000000 S kworker/2:0H
root      19    2     0      0     -99   0     98    1         ffffffff 00000000 R migration/3
root      20    2     0      0     20    0     0     0         ffffffff 00000000 R ksoftirqd/3
root      21    2     0      0     20    0     0     0         ffffffff 00000000 S kworker/3:0
root      22    2     0      0     0     -20   0     0         ffffffff 00000000 S kworker/3:0H
root      23    2     0      0     -99   0     98    1         ffffffff 00000000 R migration/4
root      24    2     0      0     20    0     0     0         ffffffff 00000000 R ksoftirqd/4
root      25    2     0      0     20    0     0     0         ffffffff 00000000 S kworker/4:0
root      26    2     0      0     0     -20   0     0         ffffffff 00000000 S kworker/4:0H
root      27    2     0      0     -99   0     98    1         ffffffff 00000000 R migration/5
root      28    2     0      0     20    0     0     0         ffffffff 00000000 R ksoftirqd/5
root      30    2     0      0     0     -20   0     0         ffffffff 00000000 S kworker/5:0H
root      31    2     0      0     -99   0     98    1         ffffffff 00000000 R migration/6
root      32    2     0      0     20    0     0     0         ffffffff 00000000 R ksoftirqd/6
root      33    2     0      0     20    0     0     0         ffffffff 00000000 S kworker/6:0
root      34    2     0      0     0     -20   0     0         ffffffff 00000000 S kworker/6:0H
root      35    2     0      0     -99   0     98    1         ffffffff 00000000 R migration/7
root      36    2     0      0     20    0     0     0         ffffffff 00000000 R ksoftirqd/7
root      37    2     0      0     20    0     0     0         ffffffff 00000000 S kworker/7:0
root      38    2     0      0     0     -20   0     0         ffffffff 00000000 S kworker/7:0H
root      39    2     0      0     0     -20   0     0         ffffffff 00000000 S khelper
root      40    2     0      0     0     -20   0     0         ffffffff 00000000 S fs_sync
root      41    2     0      0     0     -20   0     0         ffffffff 00000000 S suspend
root      42    2     0      0     0     -20   0     0         ffffffff 00000000 S writeback
root      43    2     0      0     0     -20   0     0         ffffffff 00000000 S bioset
root      44    2     0      0     0     -20   0     0         ffffffff 00000000 S kblockd
root      45    2     0      0     20    0     0     0         ffffffff 00000000 S khubd
root      47    2     0      0     0     -20   0     0         ffffffff 00000000 S pool_reload_wor
root      48    2     0      0     20    0     0     0         ffffffff 00000000 S kworker/5:1
root      49    2     0      0     0     -20   0     0         ffffffff 00000000 S cfg80211
root      50    2     0      0     -100  0     99    1         ffffffff 00000000 S cfinteractive
root      51    2     0      0     -99   0     98    1         ffffffff 00000000 S pmic_6331_threa
root      52    2     0      0     -99   0     98    1         ffffffff 00000000 S pmic_6332_threa
root      53    2     0      0     20    0     0     0         ffffffff 00000000 S bat_percent_not
root      54    2     0      0     20    0     0     0         ffffffff 00000000 S kworker/7:1
root      55    2     0      0     -98   0     97    1         ffffffff 00000000 D hps_main
root      56    2     0      0     0     -20   0     0         ffffffff 00000000 S emi_mpu
root      57    2     0      0     20    0     0     0         ffffffff 00000000 S kswapd0
root      58    2     0      0     20    0     0     0         ffffffff 00000000 S fsnotify_mark
root      59    2     0      0     0     -20   0     0         ffffffff 00000000 S crypto
root      78    2     0      0     0     -20   0     0         ffffffff 00000000 S uether
root      79    2     0      0     -100  0     99    1         ffffffff 00000000 D touch_freq_up_t
root      80    2     0      0     20    0     0     5         ffffffff 00000000 S ion_mm_heap
root      81    2     0      0     0     -20   0     0         ffffffff 00000000 S binder
root      82    2     0      0     20    0     0     0         ffffffff 00000000 S kworker/u16:1
root      85    2     0      0     20    0     0     0         ffffffff 00000000 S kworker/u16:2
root      88    2     0      0     20    0     0     0         ffffffff 00000000 S kworker/u16:5
root      89    2     0      0     20    0     0     0         ffffffff 00000000 S kworker/u16:6
root      90    2     0      0     -100  0     99    1         ffffffff 00000000 D hang_detect
root      91    2     0      0     20    0     0     0         ffffffff 00000000 S conn-md-thread
root      92    2     0      0     0     -20   0     0         ffffffff 00000000 S mtk_vibrator
root      93    2     0      0     -100  0     99    1         ffffffff 00000000 S vcorefs
root      94    2     0      0     0     -20   0     0         ffffffff 00000000 S MD32_REBOOT_WQ
root      95    2     0      0     0     -20   0     0         ffffffff 00000000 S MD32_WDT_WQ
root      96    2     0      0     0     -20   0     0         ffffffff 00000000 S MD32_ASSERT_WQ
root      97    2     0      0     -99   0     98    1         ffffffff 00000000 S kthermp
root      98    2     0      0     0     -20   0     0         ffffffff 00000000 S pvr_timer
root      99    2     0      0     20    0     0     0         ffffffff 00000000 S pvr_defer_free
root      100   2     0      0     20    0     0     0         ffffffff 00000000 S pvr_devices_wd_
root      101   2     0      0     0     -20   0     0         ffffffff 00000000 S pvr_sync_workqu
root      102   2     0      0     0     -20   0     0         ffffffff 00000000 S mwp
root      103   2     0      0     20    0     0     0         ffffffff 00000000 S mmcqd/0
root      104   2     0      0     20    0     0     0         ffffffff 00000000 S mmcqd/0boot0
root      105   2     0      0     20    0     0     0         ffffffff 00000000 S mmcqd/0boot1
root      106   2     0      0     20    0     0     0         ffffffff 00000000 S mmcqd/0rpmb
root      107   2     0      0     0     -20   0     0         ffffffff 00000000 S cmdq_auto_relea
root      108   2     0      0     0     -20   0     0         ffffffff 00000000 S cmdq_task
root      109   2     0      0     20    0     0     0         ffffffff 00000000 S ddp_irq_log_kth
root      110   2     0      0     -88   0     87    2         ffffffff 00000000 D display_esd_che
root      111   2     0      0     20    0     0     0         ffffffff 00000000 S display_check_a
root      112   2     0      0     -95   0     94    2         ffffffff 00000000 S fence_worker
root      113   2     0      0     20    0     0     0         ffffffff 00000000 D present_fence_w
root      114   2     0      0     -95   0     94    1         ffffffff 00000000 D update_HX8347D_
root      115   2     0      0     0     -20   0     0         ffffffff 00000000 S accdet
root      116   2     0      0     20    0     0     0         ffffffff 00000000 S keyEvent_send
root      117   2     0      0     0     -20   0     0         ffffffff 00000000 S accdet_disable
root      118   2     0      0     0     -20   0     0         ffffffff 00000000 S accdet_eint
root      119   2     0      0     0     -20   0     0         ffffffff 00000000 S sensor_polling
root      120   2     0      0     20    0     0     0         ffffffff 00000000 S kworker/4:1
root      121   2     0      0     20    0     0     0         ffffffff 00000000 D bat_thread_kthr
root      122   2     0      0     20    0     0     0         ffffffff 00000000 S mtk charger_hv_
root      123   2     0      0     20    0     0     0         ffffffff 00000000 S mmcqd/1
root      125   2     0      0     -5    0     4     2         ffffffff 00000000 S mtk-tpd
root      126   2     0      0     0     -20   0     0         ffffffff 00000000 S update_firmware
root      127   2     0      0     -100  0     99    1         ffffffff 00000000 D mt_gpufreq_inpu
root      128   2     0      0     0     -20   0     0         ffffffff 00000000 S tx0_worker
root      129   2     0      0     0     -20   0     0         ffffffff 00000000 S tx1_worker
root      130   2     0      0     0     -20   0     0         ffffffff 00000000 S tx2_worker
root      131   2     0      0     0     -20   0     0         ffffffff 00000000 S tx3_worker
root      132   2     0      0     0     -20   0     0         ffffffff 00000000 S tx4_worker
root      133   2     0      0     0     -20   0     0         ffffffff 00000000 S tx5_worker
root      134   2     0      0     0     -20   0     0         ffffffff 00000000 S tx6_worker
root      135   2     0      0     0     -20   0     0         ffffffff 00000000 S tx7_worker
root      136   2     0      0     0     -20   0     0         ffffffff 00000000 S rx0_worker
root      137   2     0      0     0     -20   0     0         ffffffff 00000000 S rx1_worker
root      138   2     0      0     0     -20   0     0         ffffffff 00000000 S rx2_worker
root      139   2     0      0     0     -20   0     0         ffffffff 00000000 S rx3_worker
root      140   2     0      0     0     -20   0     0         ffffffff 00000000 S rx4_worker
root      141   2     0      0     0     -20   0     0         ffffffff 00000000 S rx5_worker
root      142   2     0      0     0     -20   0     0         ffffffff 00000000 S rx6_worker
root      143   2     0      0     0     -20   0     0         ffffffff 00000000 S rx7_worker
root      144   2     0      0     -2    0     1     1         ffffffff 00000000 S ccci_ctrl
root      145   2     0      0     -2    0     1     1         ffffffff 00000000 S ccci_sys
root      146   2     0      0     -2    0     1     1         ffffffff 00000000 S ccci_poll
root      147   2     0      0     -2    0     1     1         ffffffff 00000000 S ccci_rpc
root      148   2     0      0     20    0     0     0         ffffffff 00000000 S ccci_ipc_3
root      149   2     0      0     20    0     0     0         ffffffff 00000000 S PTP_CTRL_LITTLE
root      150   2     0      0     20    0     0     0         ffffffff 00000000 S PTP_CTRL_BIG
root      151   2     0      0     20    0     0     0         ffffffff 00000000 S PTP_CTRL_GPU
root      152   2     0      0     20    0     0     0         ffffffff 00000000 S PTP_CTRL_VCORE
root      153   2     0      0     0     -20   0     0         ffffffff 00000000 S deferwq
root      154   2     0      0     0     -20   0     0         ffffffff 00000000 S f_mtp
root      155   2     0      0     20    0     0     0         ffffffff 00000000 S file-storage
root      156   2     0      0     -100  0     99    1         ffffffff 00000000 D wdtk-0
root      157   2     0      0     -100  0     99    1         ffffffff 00000000 D wdtk-1
root      158   2     0      0     -100  0     99    1         ffffffff 00000000 D wdtk-2
root      159   2     0      0     -100  0     99    1         ffffffff 00000000 D wdtk-3
root      160   2     0      0     -100  0     99    1         ffffffff 00000000 D wdtk-4
root      161   2     0      0     -100  0     99    1         ffffffff 00000000 D wdtk-5
root      162   2     0      0     -100  0     99    1         ffffffff 00000000 D wdtk-6
root      163   2     0      0     -100  0     99    1         ffffffff 00000000 D wdtk-7
root      165   2     0      0     20    0     0     0         ffffffff 00000000 S kworker/2:1
root      166   2     0      0     20    0     0     0         ffffffff 00000000 S kworker/1:1
root      167   2     0      0     20    0     0     0         ffffffff 00000000 S kworker/6:1
root      168   2     0      0     20    0     0     0         ffffffff 00000000 S kworker/3:1
root      169   2     0      0     0     -20   0     0         ffffffff 00000000 S kworker/7:1H
root      170   1     580    260   20    0     0     0         ffffffff 00000000 S /sbin/ueventd
root      171   2     0      0     0     -20   0     0         ffffffff 00000000 S kworker/4:1H
root      172   2     0      0     0     -20   0     0         ffffffff 00000000 S kworker/5:1H
root      173   2     0      0     20    0     0     0         ffffffff 00000000 S jbd2/mmcblk0p13
root      174   2     0      0     0     -20   0     0         ffffffff 00000000 S ext4-dio-unwrit
root      178   2     0      0     20    0     0     0         ffffffff 00000000 S jbd2/mmcblk0p15
root      179   2     0      0     0     -20   0     0         ffffffff 00000000 S ext4-dio-unwrit
root      183   2     0      0     0     -20   0     0         ffffffff 00000000 S kworker/6:1H
root      185   2     0      0     20    0     0     0         ffffffff 00000000 S jbd2/mmcblk0p14
root      186   2     0      0     0     -20   0     0         ffffffff 00000000 S ext4-dio-unwrit
root      209   2     0      0     20    0     0     0         ffffffff 00000000 S jbd2/mmcblk0p3-
root      210   2     0      0     0     -20   0     0         ffffffff 00000000 S ext4-dio-unwrit
root      213   2     0      0     20    0     0     0         ffffffff 00000000 S jbd2/mmcblk0p4-
root      214   2     0      0     0     -20   0     0         ffffffff 00000000 S ext4-dio-unwrit
root      215   2     0      0     0     -20   0     0         ffffffff 00000000 S loop0
root      216   1     18508  3720  20    0     0     0         ffffffff 00000000 S /system/bin/atci_service
root      369   216   18508  3720  20    0     0     0     fg  ffffffff 00000000 S Binder_1
root      370   216   18508  3720  20    0     0     0         ffffffff 00000000 S atci_service
root      371   216   18508  3720  20    0     0     0         ffffffff 00000000 S atci_service
root      372   216   18508  3720  20    0     0     0         ffffffff 00000000 S atci_service
root      373   216   18508  3720  20    0     0     0         ffffffff 00000000 S atci_service
root      374   216   18508  3720  20    0     0     0     fg  ffffffff 00000000 S Binder_2
root      217   1     1284   540   20    0     0     0         ffffffff 00000000 S /system/bin/atcid
system    219   1     1396   296   20    0     0     0         ffffffff 00000000 S /system/bin/drvbd
root      220   1     2480   4     20    0     0     0     fg  ffffffff 00000000 S /sbin/healthd
system    221   1     1144   180   20    0     0     0         ffffffff 00000000 S /system/bin/servicemanager
root      222   1     5092   1304  20    0     0     0         ffffffff 00000000 S /system/bin/vold
root      463   222   5092   1304  20    0     0     0         ffffffff 00000000 S vold
root      472   222   5092   1304  20    0     0     0         ffffffff 00000000 S vold
root      223   2     0      0     0     -20   0     0         ffffffff 00000000 S kworker/0:1H
system    224   1     1456   604   20    0     0     0         ffffffff 00000000 S /system/bin/autokd
system    227   1     996    168   20    0     0     0         ffffffff 00000000 S /system/bin/logwrapper
ccci      228   1     1536   564   20    0     0     0         ffffffff 00000000 S /system/bin/ccci_fsd
system    229   1     1572   604   20    0     0     0         ffffffff 00000000 S /system/bin/ccci_mdinit
root      232   1     1800   748   -29   0     28    2         ffffffff 00000000 S /system/bin/debuggerd
shell     233   1     2448   588   20    0     0     0         ffffffff 00000000 S /system/bin/mobile_log_d
shell     512   233   2448   588   20    0     0     0         ffffffff 00000000 S mobile_log_d
root      234   1     10004  1248  20    0     0     0         ffffffff 00000000 S /system/bin/netd
root      746   234   10004  1248  20    0     0     0         ffffffff 00000000 S netd
root      747   234   10004  1248  20    0     0     0         ffffffff 00000000 S netd
root      748   234   10004  1248  20    0     0     0         ffffffff 00000000 S netd
root      749   234   10004  1248  20    0     0     0         ffffffff 00000000 S netd
root      750   234   10004  1248  20    0     0     0         ffffffff 00000000 S netd
root      751   234   10004  1248  20    0     0     0         ffffffff 00000000 S netd
root      752   234   10004  1248  20    0     0     0         ffffffff 00000000 S netd
shell     235   1     3200   668   20    0     0     0         ffffffff 00000000 S /system/bin/netdiag
shell     298   235   3200   668   20    0     0     0         ffffffff 00000000 S netdiag
system    237   1     4768   704   20    0     0     0     fg  ffffffff 00000000 S /system/bin/nvram_agent_binder
system    251   237   4768   704   20    0     0     0     fg  ffffffff 00000000 S Binder_1
system    239   1     44936  7740  12    -8    0     0         ffffffff 00000000 S /system/bin/surfaceflinger
system    357   239   44936  7740  20    0     0     0     fg  ffffffff 00000000 S Binder_1
system    358   239   44936  7740  11    -9    0     0         ffffffff 00000000 S DispSync
system    359   239   44936  7740  20    0     0     0     fg  ffffffff 00000000 S Binder_2
system    425   239   44936  7740  12    -8    0     0         ffffffff 00000000 S ged-swd
system    445   239   44936  7740  12    -8    0     0         ffffffff 00000000 S VSyncThreadHWC
system    446   239   44936  7740  12    -8    0     0         ffffffff 00000000 S UEventThreadHWC
system    447   239   44936  7740  12    -8    0     0         ffffffff 00000000 S UICompThread_0
system    448   239   44936  7740  12    -8    0     0         ffffffff 00000000 S MMCompThread_0
system    450   239   44936  7740  12    -8    0     0         ffffffff 00000000 S HWCDispatchThre
system    465   239   44936  7740  30    10    0     0     bg  ffffffff 00000000 S SFWatchDog
system    467   239   44936  7740  11    -9    0     0         ffffffff 00000000 S EventThread
system    468   239   44936  7740  11    -9    0     0         ffffffff 00000000 S EventThread
system    469   239   44936  7740  12    -8    0     0         ffffffff 00000000 S EventControl
system    990   239   44936  7740  20    0     0     0     fg  ffffffff 00000000 S Binder_3
system    1519  239   44936  7740  20    0     0     0     fg  ffffffff 00000000 S Binder_4
system    1778  239   44936  7740  20    0     0     0     fg  ffffffff 00000000 S Binder_5
root      240   1     946136 53644 20    0     0     0         ffffffff 00000000 S zygote
root      1963  240   946136 53644 20    0     0     0         ffffffff 00000000 S ReferenceQueueD
root      1964  240   946136 53644 20    0     0     0         ffffffff 00000000 S FinalizerDaemon
root      1965  240   946136 53644 20    0     0     0         ffffffff 00000000 S FinalizerWatchd
drm       241   1     35136  10008 20    0     0     0     fg  ffffffff 00000000 S /system/bin/drmserver
drm       515   241   35136  10008 20    0     0     0     fg  ffffffff 00000000 S Binder_1
media     242   1     200552 27112 20    0     0     0     fg  ffffffff 00000000 S /system/bin/mediaserver
media     449   242   200552 27112 4     -16   0     0     fg  ffffffff 00000000 S ApmTone
media     451   242   200552 27112 4     -16   0     0     fg  ffffffff 00000000 S ApmAudio
media     452   242   200552 27112 4     -16   0     0     fg  ffffffff 00000000 S ApmOutput
media     559   242   200552 27112 -93   0     92    2         ffffffff 00000000 S CCCIReadThread
media     573   242   200552 27112 4     -16   0     0         ffffffff 00000000 S SpeakerMonitorT
media     600   242   200552 27112 1     -19   0     0         ffffffff 00000000 S AudioOut_2
media     605   242   200552 27112 20    0     0     0     fg  ffffffff 00000000 S Binder_1
media     837   242   200552 27112 20    0     0     0     fg  ffffffff 00000000 S Binder_2
media     900   242   200552 27112 20    0     0     0     fg  ffffffff 00000000 S FileSourceProxy
media     1233  242   200552 27112 20    0     0     0     fg  ffffffff 00000000 S NotifySender
media     1383  242   200552 27112 -76   0     75    2     fg  ffffffff 00000000 S MDP-0
media     1827  242   200552 27112 20    0     0     0     fg  ffffffff 00000000 S Binder_3
media     1995  242   200552 27112 18    -2    0     0     fg  ffffffff 00000000 S TimedEventQueue
media     1998  242   200552 27112 4     -16   0     0     fg  ffffffff 00000000 S MtkOmxAudioCmd
media     1999  242   200552 27112 4     -16   0     0     fg  ffffffff 00000000 S MtkOmxAudioDec
media     2000  242   200552 27112 4     -16   0     0     fg  ffffffff 00000000 S OMXCallbackDisp
media     2002  242   200552 27112 18    -2    0     0     fg  ffffffff 00000000 S TimedEventQueue
media     2004  242   200552 27112 4     -16   0     0     fg  ffffffff 00000000 S MtkOmxAudioCmd
media     2005  242   200552 27112 4     -16   0     0     fg  ffffffff 00000000 S MtkOmxAudioDec
media     2006  242   200552 27112 4     -16   0     0     fg  ffffffff 00000000 S OMXCallbackDisp
media     2012  242   200552 27112 16    -4    0     0     fg  ffffffff 00000000 S 3ATHREAD
media     2019  242   200552 27112 17    -3    0     0     fg  ffffffff 00000000 S F858THREAD
media     2020  242   200552 27112 17    -3    0     0     fg  ffffffff 00000000 S AFthread
media     2022  242   200552 27112 20    0     0     0     fg  ffffffff 00000000 S CamClient@Previ
media     2023  242   200552 27112 20    0     0     0     fg  ffffffff 00000000 S CamClient@Recor
media     2024  242   200552 27112 20    0     0     0     fg  ffffffff 00000000 S CamClient@SdkCl
media     2085  242   200552 27112 20    0     0     0     fg  ffffffff 00000000 S Camera@Display
media     2086  242   200552 27112 20    0     0     0     fg  ffffffff 00000000 S Binder_1
media     2087  242   200552 27112 20    0     0     0     fg  ffffffff 00000000 S Capture@CmdQue
media     2088  242   200552 27112 18    -2    0     0     fg  ffffffff 00000000 S pass1
media     2091  242   200552 27112 18    -2    0     0     fg  ffffffff 00000000 S pass2
media     2092  242   200552 27112 20    0     0     0     fg  ffffffff 00000000 S RecBufSnapshotl
media     2094  242   200552 27112 18    -2    0     0     fg  ffffffff 00000000 S ISPDeQueueThrea
media     2095  242   200552 27112 20    0     0     0     fg  ffffffff 00000000 S FeaturePipeP2aN
media     2096  242   200552 27112 16    -4    0     0     fg  ffffffff 00000000 S EisoThreadLoop
media     2097  242   200552 27112 20    0     0     0     fg  ffffffff 00000000 S Mtkcam@SensorLi
system    243   1     5708   660   20    0     0     0     fg  ffffffff 00000000 S /system/bin/bwc
system    257   243   5708   660   30    10    0     0     bg  ffffffff 00000000 S BWCServiceMain
system    258   243   5708   660   20    0     0     0     fg  ffffffff 00000000 S Binder_1
radio     244   1     37336  9456  20    0     0     0     fg  ffffffff 00000000 S /system/bin/vtservice
radio     517   244   37336  9456  20    0     0     0     fg  ffffffff 00000000 S Binder_1
install   245   1     1144   476   20    0     0     0         ffffffff 00000000 S /system/bin/installd
root      246   2     0      0     0     -20   0     0         ffffffff 00000000 S kworker/3:1H
keystore  248   1     4732   1272  20    0     0     0     fg  ffffffff 00000000 S /system/bin/keystore
gps       249   1     38924  1832  20    0     0     0         ffffffff 00000000 S /system/bin/mtk_agpsd
gps       314   249   38924  1832  20    0     0     0         ffffffff 00000000 S mtk_agpsd
gps       315   249   38924  1832  20    0     0     0         ffffffff 00000000 S mtk_agpsd
gps       316   249   38924  1832  20    0     0     0         ffffffff 00000000 S mtk_agpsd
gps       317   249   38924  1832  20    0     0     0         ffffffff 00000000 S mtk_agpsd
gps       318   249   38924  1832  20    0     0     0         ffffffff 00000000 S mtk_agpsd
gps       319   249   38924  1832  20    0     0     0         ffffffff 00000000 S mtk_agpsd
gps       320   249   38924  1832  20    0     0     0         ffffffff 00000000 S mtk_agpsd
gps       321   249   38924  1832  20    0     0     0         ffffffff 00000000 S mtk_agpsd
gps       322   249   38924  1832  20    0     0     0         ffffffff 00000000 S mtk_agpsd
gps       323   249   38924  1832  20    0     0     0         ffffffff 00000000 S mtk_agpsd
gps       324   249   38924  1832  20    0     0     0         ffffffff 00000000 S mtk_agpsd
gps       325   249   38924  1832  20    0     0     0         ffffffff 00000000 S mtk_agpsd
gps       326   249   38924  1832  20    0     0     0         ffffffff 00000000 S mtk_agpsd
gps       327   249   38924  1832  20    0     0     0         ffffffff 00000000 S mtk_agpsd
gps       328   249   38924  1832  20    0     0     0         ffffffff 00000000 S mtk_agpsd
gps       329   249   38924  1832  20    0     0     0         ffffffff 00000000 S mtk_agpsd
gps       330   249   38924  1832  20    0     0     0         ffffffff 00000000 S mtk_agpsd
gps       331   249   38924  1832  20    0     0     0         ffffffff 00000000 S mtk_agpsd
gps       332   249   38924  1832  20    0     0     0         ffffffff 00000000 S mtk_agpsd
gps       333   249   38924  1832  20    0     0     0         ffffffff 00000000 S mtk_agpsd
gps       334   249   38924  1832  20    0     0     0         ffffffff 00000000 S mtk_agpsd
gps       335   249   38924  1832  20    0     0     0         ffffffff 00000000 S mtk_agpsd
gps       336   249   38924  1832  20    0     0     0         ffffffff 00000000 S mtk_agpsd
gps       337   249   38924  1832  20    0     0     0         ffffffff 00000000 S mtk_agpsd
gps       338   249   38924  1832  20    0     0     0         ffffffff 00000000 S mtk_agpsd
gps       339   249   38924  1832  20    0     0     0         ffffffff 00000000 S mtk_agpsd
gps       340   249   38924  1832  20    0     0     0         ffffffff 00000000 S mtk_agpsd
gps       342   249   38924  1832  20    0     0     0         ffffffff 00000000 S mtk_agpsd
gps       343   249   38924  1832  20    0     0     0         ffffffff 00000000 S mtk_agpsd
gps       344   249   38924  1832  20    0     0     0         ffffffff 00000000 S mtk_agpsd
gps       345   249   38924  1832  20    0     0     0         ffffffff 00000000 S mtk_agpsd
gps       346   249   38924  1832  20    0     0     0         ffffffff 00000000 S mtk_agpsd
gps       347   249   38924  1832  20    0     0     0         ffffffff 00000000 S mtk_agpsd
system    252   227   1080   440   20    0     0     0         ffffffff 00000000 S /system/bin/6620_launcher
root      256   2     0      0     0     -20   0     0         ffffffff 00000000 S kworker/1:1H
gps       261   1     3580   552   20    0     0     0         ffffffff 00000000 S /system/xbin/mnld
shell     262   1     1064   192   20    0     0     0         c008875c b6ef0f48 S /system/bin/batterywarning
media     263   1     4756   700   -77   0     76    2     fg  ffffffff 00000000 S /system/bin/MtkCodecService
media     295   263   4756   700   -77   0     76    2     fg  ffffffff 00000000 S Binder_1
system    265   1     14648  3432  20    0     0     0     fg  ffffffff 00000000 S /system/bin/guiext-server
system    360   265   14648  3432  20    0     0     0     fg  ffffffff 00000000 S Binder_1
system    266   1     2096   196   20    0     0     0         ffffffff 00000000 S /system/bin/fotabinder
system    312   266   2096   196   20    0     0     0         ffffffff 00000000 S fotabinder
system    276   1     4808   716   20    0     0     0     fg  ffffffff 00000000 S /system/bin/ppl_agent
system    293   276   4808   716   20    0     0     0     fg  ffffffff 00000000 S Binder_1
bluetooth 277   1     14416  3964  20    0     0     0         ffffffff 00000000 S /system/bin/mtkbt
bluetooth 421   277   14416  3964  20    0     0     0         ffffffff 00000000 S mtkbt
system    279   1     4808   716   20    0     0     0     fg  ffffffff 00000000 S /system/bin/GoogleOtaBinder
system    296   279   4808   716   20    0     0     0     fg  ffffffff 00000000 S Binder_1
system    283   1     3156   224   20    0     0     0         ffffffff 00000000 S /system/bin/thermal
system    291   283   3156   224   20    0     0     0         ffffffff 00000000 S thermal
system    292   283   3156   224   20    0     0     0         ffffffff 00000000 S thermal
system    284   1     1060   192   20    0     0     0         ffffffff 00000000 S /system/bin/thermald
root      294   2     0      0     0     -20   0     0         ffffffff 00000000 S kworker/2:1H
system    300   1     2400   516   20    0     0     0         ffffffff 00000000 S /system/bin/st480d
system    341   300   2400   516   20    0     0     0         ffffffff 00000000 S st480d
nvram     301   1     30152  8232  20    0     0     0         ffffffff 00000000 S /system/bin/em_svr
nvram     516   301   30152  8232  20    0     0     0         ffffffff 00000000 S em_svr
shell     303   1     4644   264   20    0     0     0         ffffffff 00000000 S /sbin/adbd
shell     305   303   4644   264   20    0     0     0         ffffffff 00000000 S adbd
shell     1218  303   4644   264   20    0     0     0         ffffffff 00000000 S adbd
shell     1219  303   4644   264   20    0     0     0         ffffffff 00000000 S adbd
shell     1791  303   4644   264   20    0     0     0         ffffffff 00000000 S adbd
root      363   2     0      0     0     -20   0     0         ffffffff 00000000 S pvr_workqueue
root      364   2     0      0     0     -20   0     0         ffffffff 00000000 S pvr_workqueue
root      366   2     0      0     0     -20   0     0         ffffffff 00000000 S pvr_workqueue
root      528   2     0      0     20    0     0     0         ffffffff 00000000 S mtk_stp_psm
root      529   2     0      0     20    0     0     0         ffffffff 00000000 S mtk_stp_btm
root      530   2     0      0     20    0     0     0         ffffffff 00000000 S mtk_wmtd
root      736   2     0      0     20    0     0     0         ffffffff 00000000 S kworker/2:2
root      753   2     0      0     0     -20   0     0         ffffffff 00000000 S kworker/u17:1
root      754   2     0      0     0     -20   0     0         ffffffff 00000000 S kworker/u17:2
shell     755   1     2760   816   20    0     0     0         ffffffff 00000000 S /system/bin/ecccimdlogger
shell     757   755   2760   816   20    0     0     0         ffffffff 00000000 S ecccimdlogger
radio     756   1     10352  440   20    0     0     0         ffffffff 00000000 S /system/bin/gsm0710muxd
radio     775   756   10352  440   20    0     0     0         ffffffff 00000000 S gsm0710muxd
radio     776   756   10352  440   20    0     0     0         ffffffff 00000000 S gsm0710muxd
radio     777   756   10352  440   20    0     0     0         ffffffff 00000000 S gsm0710muxd
radio     778   756   10352  440   20    0     0     0         ffffffff 00000000 S gsm0710muxd
radio     779   756   10352  440   20    0     0     0         ffffffff 00000000 S gsm0710muxd
radio     780   756   10352  440   20    0     0     0         ffffffff 00000000 S gsm0710muxd
radio     781   756   10352  440   20    0     0     0         ffffffff 00000000 S gsm0710muxd
radio     782   756   10352  440   20    0     0     0         ffffffff 00000000 S gsm0710muxd
radio     783   756   10352  440   20    0     0     0         ffffffff 00000000 S gsm0710muxd
system    759   240   1046600 75392 18    -2    0     0     fg  ffffffff 00000000 S system_server
system    762   759   1046600 75392 20    0     0     0     fg  ffffffff 00000000 S GC
system    763   759   1046600 75392 12    -8    0     0     fg  ffffffff 00000000 S Signal Catcher
system    765   759   1046600 75392 30    10    0     0     bg  ffffffff 00000000 S Compiler
system    766   759   1046600 75392 20    0     0     0     fg  ffffffff 00000000 S ReferenceQueueD
system    767   759   1046600 75392 20    0     0     0     fg  ffffffff 00000000 S FinalizerDaemon
system    768   759   1046600 75392 20    0     0     0     fg  ffffffff 00000000 S FinalizerWatchd
system    769   759   1046600 75392 20    0     0     0     fg  ffffffff 00000000 S Binder_1
system    770   759   1046600 75392 20    0     0     0     fg  ffffffff 00000000 S Binder_2
system    771   759   1046600 75392 12    -8    0     0     fg  ffffffff 00000000 S SensorService
system    772   759   1046600 75392 20    0     0     0     fg  ffffffff 00000000 S .ProcessManager
system    774   759   1046600 75392 20    0     0     0     fg  ffffffff 00000000 S Binder_3
system    799   759   1046600 75392 16    -4    0     0     fg  ffffffff 00000000 S WindowManager
system    800   759   1046600 75392 20    0     0     0     fg  ffffffff 00000000 S android.fg
system    801   759   1046600 75392 18    -2    0     0     fg  ffffffff 00000000 S android.ui
system    802   759   1046600 75392 20    0     0     0     fg  ffffffff 00000000 S android.io
system    803   759   1046600 75392 18    -2    0     0     fg  ffffffff 00000000 S ActivityManager
system    804   759   1046600 75392 30    10    0     0     bg  ffffffff 00000000 S android.bg
system    808   759   1046600 75392 20    0     0     0     fg  ffffffff 00000000 S CpuTracker
system    809   759   1046600 75392 20    0     0     0     fg  ffffffff 00000000 S FileObserver
system    810   759   1046600 75392 20    0     0     0     fg  ffffffff 00000000 S AnrMonitorThrea
system    811   759   1046600 75392 20    0     0     0     fg  ffffffff 00000000 S RecoveryManager
system    812   759   1046600 75392 30    10    0     0     bg  ffffffff 00000000 S PackageManager
system    813   759   1046600 75392 20    0     0     0     fg  ffffffff 00000000 S S.HandlerThread
system    815   759   1046600 75392 20    0     0     0     fg  ffffffff 00000000 S PowerManagerSer
system    816   759   1046600 75392 18    -2    0     0     fg  ffffffff 00000000 S system_server
system    817   759   1046600 75392 20    0     0     0     fg  ffffffff 00000000 S AlarmManager
system    818   759   1046600 75392 20    0     0     0     fg  ffffffff 00000000 S UEventObserver
system    819   759   1046600 75392 12    -8    0     0         ffffffff 00000000 S InputDispatcher
system    820   759   1046600 75392 12    -8    0     0         ffffffff 00000000 S InputReader
system    821   759   1046600 75392 20    0     0     0     fg  ffffffff 00000000 S MountService
system    822   759   1046600 75392 20    0     0     0     fg  ffffffff 00000000 S VoldConnector
system    824   759   1046600 75392 20    0     0     0     fg  ffffffff 00000000 S NetdConnector
system    825   759   1046600 75392 20    0     0     0     fg  ffffffff 00000000 S NetworkStats
system    826   759   1046600 75392 20    0     0     0     fg  ffffffff 00000000 S NetworkPolicy
system    827   759   1046600 75392 20    0     0     0     fg  ffffffff 00000000 S WifiP2pService
system    828   759   1046600 75392 20    0     0     0     fg  ffffffff 00000000 S WifiStateMachin
system    829   759   1046600 75392 20    0     0     0     fg  ffffffff 00000000 S WifiSMForObserv
system    830   759   1046600 75392 20    0     0     0     fg  ffffffff 00000000 S WifiService
system    831   759   1046600 75392 20    0     0     0     fg  ffffffff 00000000 S ConnectivitySer
system    832   759   1046600 75392 20    0     0     0     fg  ffffffff 00000000 S WifiManager
system    833   759   1046600 75392 20    0     0     0     fg  ffffffff 00000000 S WifiWatchdogSta
system    834   759   1046600 75392 20    0     0     0     fg  ffffffff 00000000 S NsdService
system    835   759   1046600 75392 20    0     0     0     fg  ffffffff 00000000 S mDnsConnector
system    836   759   1046600 75392 20    0     0     0     fg  ffffffff 00000000 S AudioService
system    838   759   1046600 75392 20    0     0     0     fg  ffffffff 00000000 S AudioProfileSer
system    842   759   1046600 75392 30    10    0     0     bg  ffffffff 00000000 S backup
system    843   759   1046600 75392 18    -2    0     0     fg  ffffffff 00000000 S PerfServiceMana
system    845   759   1046600 75392 20    0     0     0     fg  ffffffff 00000000 S HdmiService
system    860   759   1046600 75392 18    -2    0     0     fg  ffffffff 00000000 S AMPlus
system    861   759   1046600 75392 20    0     0     0     fg  ffffffff 00000000 S Thread-63
system    884   759   1046600 75392 20    0     0     0     fg  ffffffff 00000000 S Binder_4
system    886   759   1046600 75392 20    0     0     0     fg  ffffffff 00000000 S Binder_5
system    1022  759   1046600 75392 20    0     0     0     fg  ffffffff 00000000 S Binder_6
system    1039  759   1046600 75392 20    0     0     0     fg  ffffffff 00000000 S CaptivePortalTr
system    1049  759   1046600 75392 20    0     0     0     fg  ffffffff 00000000 S UsbService host
system    1050  759   1046600 75392 20    0     0     0     fg  ffffffff 00000000 S watchdog
system    1067  759   1046600 75392 20    0     0     0     fg  ffffffff 00000000 S NetworkTimeUpda
system    1068  759   1046600 75392 20    0     0     0     fg  ffffffff 00000000 S NetworkTimeUpda
system    1125  759   1046600 75392 20    0     0     0     fg  ffffffff 00000000 S Binder_7
system    1127  759   1046600 75392 20    0     0     0     fg  ffffffff 00000000 S Binder_8
system    1146  759   1046600 75392 20    0     0     0     fg  ffffffff 00000000 S Binder_9
system    1147  759   1046600 75392 20    0     0     0     fg  ffffffff 00000000 S Binder_A
system    1194  759   1046600 75392 20    0     0     0     fg  ffffffff 00000000 S WifiMonitor
system    1203  759   1046600 75392 20    0     0     0     fg  ffffffff 00000000 S SyncHandler-0
system    1373  759   1046600 75392 20    0     0     0     fg  ffffffff 00000000 S DhcpStateMachin
system    1375  759   1046600 75392 20    0     0     0     fg  ffffffff 00000000 S DhcpStateMachin
system    1386  759   1046600 75392 20    0     0     0     fg  ffffffff 00000000 S SyncHandler-1
system    1425  759   1046600 75392 20    0     0     0     fg  ffffffff 00000000 S SoundPool
system    1426  759   1046600 75392 20    0     0     0     fg  ffffffff 00000000 S SoundPoolThread
system    1434  759   1046600 75392 20    0     0     0     fg  ffffffff 00000000 S UsbDebuggingMan
radio     784   1     18468  780   20    0     0     0         ffffffff 00000000 S /system/bin/rild
radio     785   784   18468  780   20    0     0     0         ffffffff 00000000 S rild
radio     786   784   18468  780   20    0     0     0         ffffffff 00000000 S rild
