========================================================
== dumpstate: 2017-07-17 18:47:29
========================================================

Build: IRIS4G-S11A_Sioeye_L2SM_205_170713
Build fingerprint: 'alps/ckt95_lw_kk/ckt95_lw_kk:4.4.2/KOT49H/:user/release-keys'
Bootloader: unknown
Radio: unknown
Network: CU
Kernel: Linux version 3.10.35 (ckt@ckt-node-105) (gcc version 4.8 (GCC) ) #1 SMP PREEMPT Thu Jul 13 21:11:55 CST 2017
Command line: console=tty0 console=ttyMT0,921600n1 root=/dev/ram vmalloc=496M slub_max_order=0 slub_debug=O  lcm=0-nt35595_fhd_dsi_cmd_truly_tps65132_drv fps=6508 vram=2097152 androidboot.selinux=disabled printk.disable_uart=1 bootprof.pl_t=1149 bootprof.lk_t=2593 boot_reason=4

------ UPTIME (uptime) ------
up time: 01:31:35, idle time: 01:29:15, sleep time: 00:14:21
[uptime: 0.1s elapsed]

------ MEMORY INFO (/proc/meminfo) ------
MemTotal:        1976220 kB
MemFree:         1190088 kB
Buffers:           20108 kB
Cached:           242436 kB
SwapCached:            0 kB
Active:           345152 kB
Inactive:         199188 kB
Active(anon):     235088 kB
Inactive(anon):    47036 kB
Active(file):     110064 kB
Inactive(file):   152152 kB
Unevictable:           0 kB
Mlocked:               0 kB
HighTotal:       1486836 kB
HighFree:        1023616 kB
LowTotal:         489384 kB
LowFree:          166472 kB
SwapTotal:        524284 kB
SwapFree:         524284 kB
Dirty:               396 kB
Writeback:             0 kB
AnonPages:        281796 kB
Mapped:           116232 kB
Shmem:               328 kB
Slab:              33148 kB
SReclaimable:      17148 kB
SUnreclaim:        16000 kB
KernelStack:        6672 kB
PageTables:        11088 kB
NFS_Unstable:          0 kB
Bounce:                0 kB
WritebackTmp:          0 kB
CommitLimit:     1512392 kB
Committed_AS:   21746608 kB
VmallocTotal:     499712 kB
VmallocUsed:      116492 kB
VmallocChunk:      81568 kB

------ CPU INFO (top -n 1 -d 1 -m 30 -t) ------



User 0%, System 0%, IOW 0%, IRQ 0%
User 56 + Nice 0 + Sys 40 + Idle -413218 + IOW 43 + IRQ 0 + SIRQ 0 = -413079

  PID   TID PR CPU% S     VSS     RSS PCY UID      Thread          Proc
  243  8890  0   0% S 247460K  38664K  fg media    3ATHREAD        /system/bin/mediaserver
 8967  8967  1   0% R   1672K    752K     shell    top             top
  243  8922  0   0% S 247460K  38664K  fg media    FeaturePipeP2aN /system/bin/mediaserver
  243  8918  0   0% S 247460K  38664K  fg media    pass2           /system/bin/mediaserver
  243  8895  0   0% S 247460K  38664K  fg media    F858THREAD      /system/bin/mediaserver
  243  8915  0   0% S 247460K  38664K  fg media    pass1           /system/bin/mediaserver
  240   240  0   0% S  45480K   7828K     system   surfaceflinger  /system/bin/surfaceflinger
  243  8921  0   0% S 247460K  38664K  fg media    ISPDeQueueThrea /system/bin/mediaserver
  243  1497  0   0% S 247460K  38664K  fg media    MDP-0           /system/bin/mediaserver
  243  8897  0   0% S 247460K  38664K  fg media    AFthread        /system/bin/mediaserver
   88    88  1   0% R      0K      0K     root     kworker/u16:5   
  243  8912  0   0% S 247460K  38664K  fg media    Camera@Display  /system/bin/mediaserver
 6432  6432  0   0% S      0K      0K     root     kworker/0:0     
  240   394  0   0% S  45480K   7828K  fg system   Binder_2        /system/bin/surfaceflinger
 8843  8843  0   0% S 1039684K  58584K     system   com.hicam       com.hicam
 3427  3427  0   0% S      0K      0K     root     kworker/u16:2   
  240   569  0   0% S  45480K   7828K     system   VSyncThreadHWC  /system/bin/surfaceflinger
   50    50  0   0% S      0K      0K     root     cfinteractive   
   55    55  1   0% D      0K      0K     root     hps_main        
  240   391  0   0% S  45480K   7828K  fg system   Binder_1        /system/bin/surfaceflinger
  243  8923  0   0% S 247460K  38664K  fg media    EisoThreadLoop  /system/bin/mediaserver
  122   122  0   0% S      0K      0K     root     mtk charger_hv_ 
   29    29  5   0% S      0K      0K     root     kworker/5:0     
   30    30  5   0% S      0K      0K     root     kworker/5:0H    
   31    31  6   0% R      0K      0K     root     migration/6     
   32    32  6   0% R      0K      0K     root     ksoftirqd/6     
   33    33  6   0% S      0K      0K     root     kworker/6:0     
   34    34  6   0% S      0K      0K     root     kworker/6:0H    
   35    35  7   0% R      0K      0K     root     migration/7     
   36    36  7   0% R      0K      0K     root     ksoftirqd/7     
[top: 1.4s elapsed]

------ PROCRANK (procrank) ------
*** exec(procrank): Permission denied
*** procrank: Exit code 255
[procrank: 0.1s elapsed]

------ VIRTUAL MEMORY STATS (/proc/vmstat) ------
nr_free_pages 101421
nr_inactive_anon 11759
nr_active_anon 58748
nr_inactive_file 38041
nr_active_file 27516
nr_unevictable 0
nr_mlock 0
nr_anon_pages 70430
nr_mapped 29070
nr_file_pages 65639
nr_dirty 6
nr_writeback 0
nr_slab_reclaimable 4287
nr_slab_unreclaimable 4032
nr_page_table_pages 2775
nr_kernel_stack 834
nr_unstable 0
nr_bounce 0
nr_vmscan_write 0
nr_vmscan_immediate_reclaim 0
nr_writeback_temp 0
nr_isolated_anon 0
nr_isolated_file 0
nr_shmem 82
nr_dirtied 80128
nr_written 78093
nr_anon_transparent_hugepages 0
nr_free_cma 0
nr_dirty_threshold 18651
nr_dirty_background_threshold 4662
pgpgin 366654
pgpgout 334979
pswpin 0
pswpout 0
pgalloc_normal 1216903
pgalloc_high 4692353
pgalloc_movable 0
pgfree 6207228
pgactivate 46321
pgdeactivate 11986
pgfault 6303905
pgmajfault 3399
pgfmfault 3399
pgrefill_normal 0
pgrefill_high 11808
pgrefill_movable 0
pgsteal_kswapd_normal 16638
pgsteal_kswapd_high 0
pgsteal_kswapd_movable 0
pgsteal_direct_normal 0
pgsteal_direct_high 0
pgsteal_direct_movable 0
pgscan_kswapd_normal 27356
pgscan_kswapd_high 0
pgscan_kswapd_movable 0
pgscan_direct_normal 0
pgscan_direct_high 0
pgscan_direct_movable 0
pgscan_direct_throttle 0
pginodesteal 0
slabs_scanned 11008
kswapd_inodesteal 0
kswapd_low_wmark_hit_quickly 49
kswapd_high_wmark_hit_quickly 14
pageoutrun 336
allocstall 0
pgrotated 916
pgmigrate_success 0
pgmigrate_fail 0
compact_migrate_scanned 0
compact_free_scanned 0
compact_isolated 0
compact_stall 0
compact_fail 0
compact_success 0
unevictable_pgs_culled 0
unevictable_pgs_scanned 0
unevictable_pgs_rescued 0
unevictable_pgs_mlocked 0
unevictable_pgs_munlocked 0
unevictable_pgs_cleared 0
unevictable_pgs_stranded 0

------ VMALLOC INFO (/proc/vmallocinfo) ------
0x00000000-0x00000000  266240 atomic_pool_init+0x0/0x120 phys=5fa00000 user
0x00000000-0x00000000   49152 zisofs_init+0x14/0x34 pages=11 vmalloc
0x00000000-0x00000000    8192 mrdump_mini_init+0x70/0x2cc vmap
0x00000000-0x00000000   12288 zs_cpu_notifier+0x5c/0xa4 ioremap
0x00000000-0x00000000  266240 create_log.constprop.9+0x18/0x150 pages=64 vmalloc
0x00000000-0x00000000  266240 create_log.constprop.9+0x18/0x150 pages=64 vmalloc
0x00000000-0x00000000  266240 create_log.constprop.9+0x18/0x150 pages=64 vmalloc
0x00000000-0x00000000  266240 create_log.constprop.9+0x18/0x150 pages=64 vmalloc
0x00000000-0x00000000   28672 AudDrv_Allocate_mem_Buffer+0x1d0/0x1ec phys=5f2b0000 user
0x00000000-0x00000000  200704 mtk_afe_hdmi_probe+0x88/0xc0 phys=5f2c0000 user
0x00000000-0x00000000   69632 AudDrv_Allocate_mem_Buffer+0x184/0x1ec phys=5f290000 user
0x00000000-0x00000000   69632 mtk_afe_mrgrx_awb_probe+0xac/0xd0 phys=5f300000 user
0x00000000-0x00000000   28672 AudDrv_Allocate_mem_Buffer+0x184/0x1ec phys=5f2f0000 user
0x00000000-0x00000000   20480 AudDrv_Allocate_mem_Buffer+0x184/0x1ec phys=5f2f8000 user
0x00000000-0x00000000   69632 mtk_afe_capture_probe+0x7c/0xb4 phys=5f310000 user
0x00000000-0x00000000   12288 AudDrv_Allocate_mem_Buffer+0x184/0x1ec phys=5f28e000 user
0x00000000-0x00000000   12288 AudDrv_Allocate_mem_Buffer+0x184/0x1ec phys=5f2b8000 user
0x00000000-0x00000000   16384 ged_init+0x20/0xec pages=3 vmalloc
0x00000000-0x00000000    8192 conn_md_dmp_init+0x1c/0x9c pages=1 vmalloc
0x00000000-0x00000000   20480 m4u_pgtable_init+0x48/0xdc phys=5f3a0000 user
0x00000000-0x00000000  229376 OSAllocMem+0x34/0x40 pages=55 vmalloc
0x00000000-0x00000000    8192 MTKPP_Init+0x20/0x1b4 pages=1 vmalloc
0x00000000-0x00000000  266240 MTKPP_Init+0xac/0x1b4 pages=64 vmalloc
0x00000000-0x00000000    8192 msdc_drv_probe+0x4c4/0x12dc phys=5ec8c000 user
0x00000000-0x00000000   20480 msdc_drv_probe+0x4e8/0x12dc phys=5eca4000 user
0x00000000-0x00000000    8192 msdc_drv_probe+0x4c4/0x12dc phys=5f034000 user
0x00000000-0x00000000   20480 msdc_drv_probe+0x4e8/0x12dc phys=5eca8000 user
0x00000000-0x00000000    8192 msdc_drv_probe+0x4c4/0x12dc phys=5f037000 user
0x00000000-0x00000000   20480 msdc_drv_probe+0x4e8/0x12dc phys=5ecac000 user
0x00000000-0x00000000    8192 OSMMUPxMap+0x44/0x78 vmalloc vpages
0x00000000-0x00000000    8192 OSMMUPxMap+0x44/0x78 vmalloc vpages
0x00000000-0x00000000    8192 OSMMUPxMap+0x44/0x78 vmalloc vpages
0x00000000-0x00000000    8192 OSMMUPxMap+0x44/0x78 vmalloc vpages
0x00000000-0x00000000  266240 cmdqCoreInitialize+0x180/0x264 phys=5ed40000 user
0x00000000-0x00000000  266240 cmdqCoreInitialize+0x180/0x264 phys=5ed80000 user
0x00000000-0x00000000  266240 cmdqCoreInitialize+0x180/0x264 phys=5edc0000 user
0x00000000-0x00000000  266240 cmdqCoreInitialize+0x180/0x264 phys=5ee00000 user
0x00000000-0x00000000    8192 OSMMUPxMap+0x44/0x78 vmalloc vpages
0x00000000-0x00000000    8192 OSMMUPxMap+0x44/0x78 vmalloc vpages
0x00000000-0x00000000    8192 OSMMUPxMap+0x44/0x78 vmalloc vpages
0x00000000-0x00000000    8192 _ex_mu3d_hal_alloc_qmu_mem+0x60/0x238 phys=5ee60000 user
0x00000000-0x00000000    8192 _ex_mu3d_hal_alloc_qmu_mem+0x108/0x238 phys=5ee61000 user
0x00000000-0x00000000    8192 _ex_mu3d_hal_alloc_qmu_mem+0x60/0x238 phys=5ee62000 user
0x00000000-0x00000000    8192 _ex_mu3d_hal_alloc_qmu_mem+0x108/0x238 phys=5ee63000 user
0x00000000-0x00000000    8192 _ex_mu3d_hal_alloc_qmu_mem+0x60/0x238 phys=5ee64000 user
0x00000000-0x00000000    8192 _ex_mu3d_hal_alloc_qmu_mem+0x108/0x238 phys=5ee65000 user
0x00000000-0x00000000    8192 _ex_mu3d_hal_alloc_qmu_mem+0x60/0x238 phys=5ee66000 user
0x00000000-0x00000000    8192 _ex_mu3d_hal_alloc_qmu_mem+0x108/0x238 phys=5ee67000 user
0x00000000-0x00000000    8192 _ex_mu3d_hal_alloc_qmu_mem+0x60/0x238 phys=5ee68000 user
0x00000000-0x00000000    8192 _ex_mu3d_hal_alloc_qmu_mem+0x108/0x238 phys=5ee69000 user
0x00000000-0x00000000    8192 _ex_mu3d_hal_alloc_qmu_mem+0x60/0x238 phys=5ee6a000 user
0x00000000-0x00000000    8192 _ex_mu3d_hal_alloc_qmu_mem+0x108/0x238 phys=5ee6b000 user
0x00000000-0x00000000    8192 _ex_mu3d_hal_alloc_qmu_mem+0x60/0x238 phys=5ee6d000 user
0x00000000-0x00000000    8192 _ex_mu3d_hal_alloc_qmu_mem+0x108/0x238 phys=5ee6e000 user
0x00000000-0x00000000    8192 _ex_mu3d_hal_alloc_qmu_mem+0x60/0x238 phys=5ee6f000 user
0x00000000-0x00000000    8192 _ex_mu3d_hal_alloc_qmu_mem+0x108/0x238 phys=5ee70000 user
0x00000000-0x00000000    8192 PMRAcquireKernelMappingDataOSMem+0xd8/0x10c vmalloc vpages
0x00000000-0x00000000    8192 PMRAcquireKernelMappingDataOSMem+0xd8/0x10c vmalloc vpages
0x00000000-0x00000000   16384 md_cd_init+0x5c/0xab0 phys=200f0000 ioremap
0x00000000-0x00000000   16384 md_cd_init+0x7c/0xab0 phys=200e0000 ioremap
0x00000000-0x00000000    8192 md_cd_init+0x9c/0xab0 phys=20190000 ioremap
0x00000000-0x00000000    8192 md_cd_init+0xbc/0xab0 phys=20193000 ioremap
0x00000000-0x00000000    8192 md_cd_init+0xdc/0xab0 phys=20195000 ioremap
0x00000000-0x00000000    8192 md_cd_init+0xfc/0xab0 phys=20050000 ioremap
0x00000000-0x00000000    8192 md_cd_init+0x11c/0xab0 phys=20000000 ioremap
0x00000000-0x00000000    8192 md_cd_init+0x138/0xab0 phys=20000000 ioremap
0x00000000-0x00000000    8192 md_cd_init+0x158/0xab0 phys=201f0000 ioremap
0x00000000-0x00000000    8192 md_cd_init+0x178/0xab0 phys=20030000 ioremap
0x00000000-0x00000000 2101248 disp_hal_allocate_framebuffer+0x3c/0xe8 phys=bfe00000 ioremap
0x00000000-0x00000000  311296 mtkfb_probe+0x2f0/0x374 pages=75 vmalloc
0x00000000-0x00000000    8192 md_cd_init+0x198/0xab0 phys=20040000 ioremap
0x00000000-0x00000000    8192 dma_pool_alloc+0xc8/0x1bc phys=5ef11000 user
0x00000000-0x00000000    8192 dma_pool_alloc+0xc8/0x1bc phys=5ef14000 user
0x00000000-0x00000000    8192 ccci_config_modem+0x88/0x1a0 phys=6a000000 ioremap
0x00000000-0x00000000    8192 OSMMUPxMap+0x44/0x78 vmalloc vpages
0x00000000-0x00000000    8192 OSMMUPxMap+0x44/0x78 vmalloc vpages
0x00000000-0x00000000    8192 OSMMUPxMap+0x44/0x78 vmalloc vpages
0x00000000-0x00000000    8192 PMRAcquireKernelMappingDataOSMem+0xd8/0x10c vmalloc vpages
0x00000000-0x00000000    8192 OSMMUPxMap+0x44/0x78 vmalloc vpages
0x00000000-0x00000000    8192 OSMMUPxMap+0x44/0x78 vmalloc vpages
0x00000000-0x00000000    8192 OSMMUPxMap+0x44/0x78 vmalloc vpages
0x00000000-0x00000000    8192 OSMMUPxMap+0x44/0x78 vmalloc vpages
0x00000000-0x00000000   69632 PMRAcquireKernelMappingDataOSMem+0xd8/0x10c vmalloc vpages
0x00000000-0x00000000    8192 PMRAcquireKernelMappingDataOSMem+0xd8/0x10c vmalloc vpages
0x00000000-0x00000000   69632 PMRAcquireKernelMappingDataOSMem+0xd8/0x10c vmalloc vpages
0x00000000-0x00000000    8192 PMRAcquireKernelMappingDataOSMem+0xd8/0x10c vmalloc vpages
0x00000000-0x00000000    8192 PMRAcquireKernelMappingDataOSMem+0xd8/0x10c vmalloc vpages
0x00000000-0x00000000    8192 PMRAcquireKernelMappingDataOSMem+0xd8/0x10c vmalloc vpages
0x00000000-0x00000000    8192 PMRAcquireKernelMappingDataOSMem+0xd8/0x10c vmalloc vpages
0x00000000-0x00000000    8192 PMRAcquireKernelMappingDataOSMem+0xd8/0x10c vmalloc vpages
0x00000000-0x00000000   69632 PMRAcquireKernelMappingDataOSMem+0xd8/0x10c vmalloc vpages
0x00000000-0x00000000    8192 OSMMUPxMap+0x44/0x78 vmalloc vpages
0x00000000-0x00000000    8192 OSMMUPxMap+0x44/0x78 vmalloc vpages
0x00000000-0x00000000    8192 PMRAcquireKernelMappingDataOSMem+0xd8/0x10c vmalloc vpages
0x00000000-0x00000000   69632 PMRAcquireKernelMappingDataOSMem+0xd8/0x10c vmalloc vpages
0x00000000-0x00000000    8192 PMRAcquireKernelMappingDataOSMem+0xd8/0x10c vmalloc vpages
0x00000000-0x00000000    8192 OSMMUPxMap+0x44/0x78 vmalloc vpages
0x00000000-0x00000000    8192 PMRAcquireKernelMappingDataOSMem+0xd8/0x10c vmalloc vpages
0x00000000-0x00000000    8192 PMRAcquireKernelMappingDataOSMem+0xd8/0x10c vmalloc vpages
0x00000000-0x00000000    8192 OSMMUPxMap+0x44/0x78 vmalloc vpages
0x00000000-0x00000000    8192 OSMMUPxMap+0x44/0x78 vmalloc vpages
0x00000000-0x00000000    8192 PMRAcquireKernelMappingDataOSMem+0xd8/0x10c vmalloc vpages
0x00000000-0x00000000    8192 PMRAcquireKernelMappingDataOSMem+0xd8/0x10c vmalloc vpages
0x00000000-0x00000000   69632 PMRAcquireKernelMappingDataOSMem+0xd8/0x10c vmalloc vpages
0x00000000-0x00000000   69632 PMRAcquireKernelMappingDataOSMem+0xd8/0x10c vmalloc vpages
0x00000000-0x00000000   69632 PMRAcquireKernelMappingDataOSMem+0xd8/0x10c vmalloc vpages
0x00000000-0x00000000    8192 PMRAcquireKernelMappingDataOSMem+0xd8/0x10c vmalloc vpages
0x00000000-0x00000000    8192 OSMMUPxMap+0x44/0x78 vmalloc vpages
0x00000000-0x00000000    8192 OSMMUPxMap+0x44/0x78 vmalloc vpages
0x00000000-0x00000000    8192 OSMMUPxMap+0x44/0x78 vmalloc vpages
0x00000000-0x00000000    8192 OSMMUPxMap+0x44/0x78 vmalloc vpages
0x00000000-0x00000000    8192 OSMMUPxMap+0x44/0x78 vmalloc vpages
0x00000000-0x00000000    8192 PMRAcquireKernelMappingDataOSMem+0xd8/0x10c vmalloc vpages
0x00000000-0x00000000    8192 OSMMUPxMap+0x44/0x78 vmalloc vpages
0x00000000-0x00000000    8192 OSMMUPxMap+0x44/0x78 vmalloc vpages
0x00000000-0x00000000    8192 OSMMUPxMap+0x44/0x78 vmalloc vpages
0x00000000-0x00000000    8192 OSMMUPxMap+0x44/0x78 vmalloc vpages
0x00000000-0x00000000    8192 OSMMUPxMap+0x44/0x78 vmalloc vpages
0x00000000-0x00000000    8192 OSMMUPxMap+0x44/0x78 vmalloc vpages
0x00000000-0x00000000 2101248 ccci_config_modem+0xd4/0x1a0 phys=6f000000 ioremap
0x00000000-0x00000000   69632 PMRAcquireKernelMappingDataOSMem+0xd8/0x10c vmalloc vpages
0x00000000-0x00000000    8192 PMRAcquireKernelMappingDataOSMem+0xd8/0x10c vmalloc vpages
0x00000000-0x00000000    8192 PMRAcquireKernelMappingDataOSMem+0xd8/0x10c vmalloc vpages
0x00000000-0x00000000    8192 OSMMUPxMap+0x44/0x78 vmalloc vpages
0x00000000-0x00000000    8192 OSMMUPxMap+0x44/0x78 vmalloc vpages
0x00000000-0x00000000 2093056 binder_mmap+0xac/0x26c ioremap
0x00000000-0x00000000 2093056 binder_mmap+0xac/0x26c ioremap
0x00000000-0x00000000 2093056 binder_mmap+0xac/0x26c ioremap
0x00000000-0x00000000 2093056 binder_mmap+0xac/0x26c ioremap
0x00000000-0x00000000 2093056 binder_mmap+0xac/0x26c ioremap
0x00000000-0x00000000 2093056 binder_mmap+0xac/0x26c ioremap
0x00000000-0x00000000 2093056 binder_mmap+0xac/0x26c ioremap
0x00000000-0x00000000 2093056 binder_mmap+0xac/0x26c ioremap
0x00000000-0x00000000    8192 OSMMUPxMap+0x44/0x78 vmalloc vpages
0x00000000-0x00000000    8192 OSMMUPxMap+0x44/0x78 vmalloc vpages
0x00000000-0x00000000    8192 OSMMUPxMap+0x44/0x78 vmalloc vpages
0x00000000-0x00000000   16384 n_tty_open+0x20/0x128 pages=3 vmalloc
0x00000000-0x00000000   16384 n_tty_open+0x20/0x128 pages=3 vmalloc
0x00000000-0x00000000   16384 n_tty_open+0x20/0x128 pages=3 vmalloc
0x00000000-0x00000000   16384 n_tty_open+0x20/0x128 pages=3 vmalloc
0x00000000-0x00000000   16384 n_tty_open+0x20/0x128 pages=3 vmalloc
0x00000000-0x00000000   16384 n_tty_open+0x20/0x128 pages=3 vmalloc
0x00000000-0x00000000   16384 n_tty_open+0x20/0x128 pages=3 vmalloc
0x00000000-0x00000000   16384 n_tty_open+0x20/0x128 pages=3 vmalloc
0x00000000-0x00000000   16384 n_tty_open+0x20/0x128 pages=3 vmalloc
0x00000000-0x00000000   16384 n_tty_open+0x20/0x128 pages=3 vmalloc
0x00000000-0x00000000   16384 n_tty_open+0x20/0x128 pages=3 vmalloc
0x00000000-0x00000000   16384 n_tty_open+0x20/0x128 pages=3 vmalloc
0x00000000-0x00000000   16384 n_tty_open+0x20/0x128 pages=3 vmalloc
0x00000000-0x00000000   16384 n_tty_open+0x20/0x128 pages=3 vmalloc
0x00000000-0x00000000    8192 PMRAcquireKernelMappingDataOSMem+0xd8/0x10c vmalloc vpages
0x00000000-0x00000000    8192 OSMMUPxMap+0x44/0x78 vmalloc vpages
0x00000000-0x00000000    8192 OSMMUPxMap+0x44/0x78 vmalloc vpages
0x00000000-0x00000000    8192 osal_kmalloc+0x18/0x1c pages=1 vmalloc
0x00000000-0x00000000    8192 osal_kmalloc+0x18/0x1c pages=1 vmalloc
0x00000000-0x00000000 2093056 binder_mmap+0xac/0x26c ioremap
0x00000000-0x00000000   12288 zs_cpu_notifier+0x5c/0xa4 ioremap
0x00000000-0x00000000    8192 OSMMUPxMap+0x44/0x78 vmalloc vpages
0x00000000-0x00000000    8192 OSMMUPxMap+0x44/0x78 vmalloc vpages
0x00000000-0x00000000    8192 OSMMUPxMap+0x44/0x78 vmalloc vpages
0x00000000-0x00000000    8192 PMRAcquireKernelMappingDataOSMem+0xd8/0x10c vmalloc vpages
0x00000000-0x00000000   53248 PMRAcquireKernelMappingDataOSMem+0xd8/0x10c vmalloc vpages
0x00000000-0x00000000   12288 PMRAcquireKernelMappingDataOSMem+0xd8/0x10c vmalloc vpages
0x00000000-0x00000000    8192 PMRAcquireKernelMappingDataOSMem+0xd8/0x10c vmalloc vpages
0x00000000-0x00000000    8192 PMRAcquireKernelMappingDataOSMem+0xd8/0x10c vmalloc vpages
0x00000000-0x00000000    8192 PMRAcquireKernelMappingDataOSMem+0xd8/0x10c vmalloc vpages
0x00000000-0x00000000    8192 PMRAcquireKernelMappingDataOSMem+0xd8/0x10c vmalloc vpages
0x00000000-0x00000000    8192 PMRAcquireKernelMappingDataOSMem+0xd8/0x10c vmalloc vpages
0x00000000-0x00000000    8192 PMRAcquireKernelMappingDataOSMem+0xd8/0x10c vmalloc vpages
0x00000000-0x00000000    8192 PMRAcquireKernelMappingDataOSMem+0xd8/0x10c vmalloc vpages
0x00000000-0x00000000  270336 PMRAcquireKernelMappingDataOSMem+0xd8/0x10c vmalloc vpages
0x00000000-0x00000000 2093056 binder_mmap+0xac/0x26c ioremap
0x00000000-0x00000000    8192 OSMMUPxMap+0x44/0x78 vmalloc vpages
0x00000000-0x00000000    8192 PMRAcquireKernelMappingDataOSMem+0xd8/0x10c vmalloc vpages
0x00000000-0x00000000    8192 OSMMUPxMap+0x44/0x78 vmalloc vpages
0x00000000-0x00000000    8192 OSMMUPxMap+0x44/0x78 vmalloc vpages
0x00000000-0x00000000    8192 OSMMUPxMap+0x44/0x78 vmalloc vpages
0x00000000-0x00000000 2093056 binder_mmap+0xac/0x26c ioremap
0x00000000-0x00000000 2093056 binder_mmap+0xac/0x26c ioremap
0x00000000-0x00000000 2093056 binder_mmap+0xac/0x26c ioremap
0x00000000-0x00000000   16384 n_tty_open+0x20/0x128 pages=3 vmalloc
0x00000000-0x00000000   16384 n_tty_open+0x20/0x128 pages=3 vmalloc
0x00000000-0x00000000    8192 OSMMUPxMap+0x44/0x78 vmalloc vpages
0x00000000-0x00000000    8192 adb_request_new.constprop.93+0x5c/0xb0 phys=42c50000 user
0x00000000-0x00000000    8192 adb_request_new.constprop.93+0x5c/0xb0 phys=42d62000 user
0x00000000-0x00000000    8192 adb_request_new.constprop.93+0x5c/0xb0 phys=42df5000 user
0x00000000-0x00000000    8192 adb_request_new.constprop.93+0x5c/0xb0 phys=42c3d000 user
0x00000000-0x00000000    8192 adb_request_new.constprop.93+0x5c/0xb0 phys=42d6e000 user
0x00000000-0x00000000  217088 wlanAdapterCreate+0x24/0x48 pages=52 vmalloc
0x00000000-0x00000000   61440 nicAllocateAdapterMemory+0x78/0xf8 pages=14 vmalloc
0x00000000-0x00000000  131072 nicAllocateAdapterMemory+0x98/0xf8 pages=31 vmalloc
0x00000000-0x00000000 2093056 binder_mmap+0xac/0x26c ioremap
0x00000000-0x00000000 2093056 binder_mmap+0xac/0x26c ioremap
0x00000000-0x00000000 1048576 vm_map_ram
0x00000000-0x00000000 2093056 binder_mmap+0xac/0x26c ioremap
0x00000000-0x00000000    8192 OSMMUPxMap+0x44/0x78 vmalloc vpages
0x00000000-0x00000000 1048576 vm_map_ram
0x00000000-0x00000000   16384 n_tty_open+0x20/0x128 pages=3 vmalloc
0x00000000-0x00000000   16384 n_tty_open+0x20/0x128 pages=3 vmalloc
0x00000000-0x00000000    8192 wlanoidSetNetworkAddress+0x108/0x230 pages=1 vmalloc
0x00000000-0x00000000   12288 p2PAllocInfo+0x15c/0x1c8 pages=2 vmalloc
0x00000000-0x00000000   45056 p2PAllocInfo+0x16c/0x1c8 pages=10 vmalloc
0x00000000-0x00000000    8192 p2PAllocInfo+0x180/0x1c8 pages=1 vmalloc
0x00000000-0x00000000    8192 p2PAllocInfo+0x194/0x1c8 pages=1 vmalloc
0x00000000-0x00000000    8192 p2PAllocInfo+0x1a8/0x1c8 pages=1 vmalloc
0x00000000-0x00000000    8192 p2pRoleFsmInit+0x24/0x22c pages=1 vmalloc
0x00000000-0x00000000 2093056 binder_mmap+0xac/0x26c ioremap
0x00000000-0x00000000 2093056 binder_mmap+0xac/0x26c ioremap
0x00000000-0x00000000   16384 n_tty_open+0x20/0x128 pages=3 vmalloc
0x00000000-0x00000000   16384 n_tty_open+0x20/0x128 pages=3 vmalloc
0x00000000-0x00000000   16384 n_tty_open+0x20/0x128 pages=3 vmalloc
0x00000000-0x00000000   16384 n_tty_open+0x20/0x128 pages=3 vmalloc
0x00000000-0x00000000  135168 binder_mmap+0xac/0x26c ioremap
0x00000000-0x00000000  135168 SyS_swapon+0x4d4/0x9fc pages=32 vmalloc
0x00000000-0x00000000 2093056 binder_mmap+0xac/0x26c ioremap
0x00000000-0x00000000 1052672 zram_meta_alloc+0x80/0x108 pages=256 vmalloc
0x00000000-0x00000000 2093056 binder_mmap+0xac/0x26c ioremap
0x00000000-0x00000000 2093056 binder_mmap+0xac/0x26c ioremap
0x00000000-0x00000000   16384 xt_alloc_table_info+0xc8/0xfc pages=3 vmalloc
0x00000000-0x00000000   16384 xt_alloc_table_info+0xc8/0xfc pages=3 vmalloc
0x00000000-0x00000000   16384 xt_alloc_table_info+0xc8/0xfc pages=3 vmalloc
0x00000000-0x00000000   16384 xt_alloc_table_info+0xc8/0xfc pages=3 vmalloc
0x00000000-0x00000000   16384 xt_alloc_table_info+0xc8/0xfc pages=3 vmalloc
0x00000000-0x00000000   16384 xt_alloc_table_info+0xc8/0xfc pages=3 vmalloc
0x00000000-0x00000000   16384 xt_alloc_table_info+0xc8/0xfc pages=3 vmalloc
0x00000000-0x00000000   16384 xt_alloc_table_info+0xc8/0xfc pages=3 vmalloc
0x00000000-0x00000000   20480 xt_alloc_table_info+0xc8/0xfc pages=4 vmalloc
0x00000000-0x00000000   20480 xt_alloc_table_info+0xc8/0xfc pages=4 vmalloc
0x00000000-0x00000000   20480 xt_alloc_table_info+0xc8/0xfc pages=4 vmalloc
0x00000000-0x00000000   20480 xt_alloc_table_info+0xc8/0xfc pages=4 vmalloc
0x00000000-0x00000000   20480 xt_alloc_table_info+0xc8/0xfc pages=4 vmalloc
0x00000000-0x00000000   20480 xt_alloc_table_info+0xc8/0xfc pages=4 vmalloc
0x00000000-0x00000000   20480 xt_alloc_table_info+0xc8/0xfc pages=4 vmalloc
0x00000000-0x00000000   20480 xt_alloc_table_info+0xc8/0xfc pages=4 vmalloc
0x00000000-0x00000000   12288 xt_alloc_table_info+0xc8/0xfc pages=2 vmalloc
0x00000000-0x00000000   12288 xt_alloc_table_info+0xc8/0xfc pages=2 vmalloc
0x00000000-0x00000000   12288 xt_alloc_table_info+0xc8/0xfc pages=2 vmalloc
0x00000000-0x00000000   12288 xt_alloc_table_info+0xc8/0xfc pages=2 vmalloc
0x00000000-0x00000000   12288 xt_alloc_table_info+0xc8/0xfc pages=2 vmalloc
0x00000000-0x00000000   12288 xt_alloc_table_info+0xc8/0xfc pages=2 vmalloc
0x00000000-0x00000000   12288 xt_alloc_table_info+0xc8/0xfc pages=2 vmalloc
0x00000000-0x00000000   12288 xt_alloc_table_info+0xc8/0xfc pages=2 vmalloc
0x00000000-0x00000000   12288 xt_alloc_table_info+0xc8/0xfc pages=2 vmalloc
0x00000000-0x00000000   12288 xt_alloc_table_info+0xc8/0xfc pages=2 vmalloc
0x00000000-0x00000000   12288 xt_alloc_table_info+0xc8/0xfc pages=2 vmalloc
0x00000000-0x00000000   12288 xt_alloc_table_info+0xc8/0xfc pages=2 vmalloc
0x00000000-0x00000000   12288 xt_alloc_table_info+0xc8/0xfc pages=2 vmalloc
0x00000000-0x00000000   12288 xt_alloc_table_info+0xc8/0xfc pages=2 vmalloc
0x00000000-0x00000000   12288 xt_alloc_table_info+0xc8/0xfc pages=2 vmalloc
0x00000000-0x00000000   12288 xt_alloc_table_info+0xc8/0xfc pages=2 vmalloc
0x00000000-0x00000000    8192 OSMMUPxMap+0x44/0x78 vmalloc vpages
0x00000000-0x00000000    8192 OSMMUPxMap+0x44/0x78 vmalloc vpages
0x00000000-0x00000000    8192 OSMMUPxMap+0x44/0x78 vmalloc vpages
0x00000000-0x00000000    8192 OSMMUPxMap+0x44/0x78 vmalloc vpages
0x00000000-0x00000000    8192 OSMMUPxMap+0x44/0x78 vmalloc vpages
0x00000000-0x00000000    8192 OSMMUPxMap+0x44/0x78 vmalloc vpages
0x00000000-0x00000000    8192 OSMMUPxMap+0x44/0x78 vmalloc vpages
0x00000000-0x00000000   69632 PMRAcquireKernelMappingDataOSMem+0xd8/0x10c vmalloc vpages
0x00000000-0x00000000    8192 PMRAcquireKernelMappingDataOSMem+0xd8/0x10c vmalloc vpages
0x00000000-0x00000000   69632 PMRAcquireKernelMappingDataOSMem+0xd8/0x10c vmalloc vpages
0x00000000-0x00000000    8192 PMRAcquireKernelMappingDataOSMem+0xd8/0x10c vmalloc vpages
0x00000000-0x00000000    8192 PMRAcquireKernelMappingDataOSMem+0xd8/0x10c vmalloc vpages
0x00000000-0x00000000   69632 PMRAcquireKernelMappingDataOSMem+0xd8/0x10c vmalloc vpages
0x00000000-0x00000000    8192 PMRAcquireKernelMappingDataOSMem+0xd8/0x10c vmalloc vpages
0x00000000-0x00000000    8192 PMRAcquireKernelMappingDataOSMem+0xd8/0x10c vmalloc vpages
0x00000000-0x00000000    8192 PMRAcquireKernelMappingDataOSMem+0xd8/0x10c vmalloc vpages
0x00000000-0x00000000    8192 OSMMUPxMap+0x44/0x78 vmalloc vpages
0x00000000-0x00000000    8192 OSMMUPxMap+0x44/0x78 vmalloc vpages
0x00000000-0x00000000    8192 PMRAcquireKernelMappingDataOSMem+0xd8/0x10c vmalloc vpages
0x00000000-0x00000000 2093056 binder_mmap+0xac/0x26c ioremap
0x00000000-0x00000000 2093056 binder_mmap+0xac/0x26c ioremap
0x00000000-0x00000000 2093056 binder_mmap+0xac/0x26c ioremap
0x00000000-0x00000000   69632 PMRAcquireKernelMappingDataOSMem+0xd8/0x10c vmalloc vpages
0x00000000-0x00000000    8192 PMRAcquireKernelMappingDataOSMem+0xd8/0x10c vmalloc vpages
0x00000000-0x00000000    8192 OSMMUPxMap+0x44/0x78 vmalloc vpages
0x00000000-0x00000000    8192 OSMMUPxMap+0x44/0x78 vmalloc vpages
0x00000000-0x00000000    8192 OSMMUPxMap+0x44/0x78 vmalloc vpages
0x00000000-0x00000000    8192 OSMMUPxMap+0x44/0x78 vmalloc vpages
0x00000000-0x00000000 1048576 vm_map_ram
0x00000000-0x00000000 2093056 binder_mmap+0xac/0x26c ioremap
0x00000000-0x00000000 2093056 binder_mmap+0xac/0x26c ioremap
0x00000000-0x00000000    8192 ion_sys_ioctl.isra.2+0x590/0x5fc vmalloc
0x00000000-0x00000000    8192 OSMMUPxMap+0x44/0x78 vmalloc vpages
0x00000000-0x00000000    8192 OSMMUPxMap+0x44/0x78 vmalloc vpages
0x00000000-0x00000000    8192 OSMMUPxMap+0x44/0x78 vmalloc vpages
0x00000000-0x00000000    8192 OSMMUPxMap+0x44/0x78 vmalloc vpages
0x00000000-0x00000000    8192 OSMMUPxMap+0x44/0x78 vmalloc vpages
0x00000000-0x00000000    8192 OSMMUPxMap+0x44/0x78 vmalloc vpages
0x00000000-0x00000000    8192 OSMMUPxMap+0x44/0x78 vmalloc vpages
0x00000000-0x00000000   69632 PMRAcquireKernelMappingDataOSMem+0xd8/0x10c vmalloc vpages
0x00000000-0x00000000    8192 PMRAcquireKernelMappingDataOSMem+0xd8/0x10c vmalloc vpages
0x00000000-0x00000000   69632 PMRAcquireKernelMappingDataOSMem+0xd8/0x10c vmalloc vpages
0x00000000-0x00000000    8192 PMRAcquireKernelMappingDataOSMem+0xd8/0x10c vmalloc vpages
0x00000000-0x00000000    8192 PMRAcquireKernelMappingDataOSMem+0xd8/0x10c vmalloc vpages
0x00000000-0x00000000   69632 PMRAcquireKernelMappingDataOSMem+0xd8/0x10c vmalloc vpages
0x00000000-0x00000000    8192 PMRAcquireKernelMappingDataOSMem+0xd8/0x10c vmalloc vpages
0x00000000-0x00000000    8192 seq_read+0x3e0/0x494 pages=1 vmalloc
0x00000000-0x00000000   69632 PMRAcquireKernelMappingDataOSMem+0xd8/0x10c vmalloc vpages
0x00000000-0x00000000    8192 PMRAcquireKernelMappingDataOSMem+0xd8/0x10c vmalloc vpages
0x00000000-0x00000000    8192 PMRAcquireKernelMappingDataOSMem+0xd8/0x10c vmalloc vpages
0x00000000-0x00000000    8192 OSMMUPxMap+0x44/0x78 vmalloc vpages
0x00000000-0x00000000    8192 OSMMUPxMap+0x44/0x78 vmalloc vpages
0x00000000-0x00000000    8192 PMRAcquireKernelMappingDataOSMem+0xd8/0x10c vmalloc vpages
0x00000000-0x00000000    8192 OSMMUPxMap+0x44/0x78 vmalloc vpages
0x00000000-0x00000000    8192 osal_malloc+0x10/0x14 pages=1 vmalloc
0x00000000-0x00000000    8192 osal_malloc+0x10/0x14 pages=1 vmalloc
0x00000000-0x00000000    8192 osal_malloc+0x10/0x14 pages=1 vmalloc
0x00000000-0x00000000  274432 osal_malloc+0x10/0x14 pages=66 vmalloc
0x00000000-0x00000000   36864 osal_malloc+0x10/0x14 pages=8 vmalloc
0x00000000-0x00000000    8192 osal_malloc+0x10/0x14 pages=1 vmalloc
0x00000000-0x00000000    8192 nicTxGenerateDescTemplate+0x178/0x278 pages=1 vmalloc
0x00000000-0x00000000    8192 nicTxGenerateDescTemplate+0x178/0x278 pages=1 vmalloc
0x00000000-0x00000000    8192 nicTxGenerateDescTemplate+0x178/0x278 pages=1 vmalloc
0x00000000-0x00000000    8192 nicTxGenerateDescTemplate+0x178/0x278 pages=1 vmalloc
0x00000000-0x00000000    8192 mtk_wcn_cmb_stub_reg+0x74/0xe4 pages=1 vmalloc
0x00000000-0x00000000    8192 nicTxGenerateDescTemplate+0x178/0x278 pages=1 vmalloc
0x00000000-0x00000000    8192 nicTxGenerateDescTemplate+0x178/0x278 pages=1 vmalloc
0x00000000-0x00000000    8192 nicTxGenerateDescTemplate+0x178/0x278 pages=1 vmalloc
0x00000000-0x00000000    8192 nicTxGenerateDescTemplate+0x178/0x278 pages=1 vmalloc
0x00000000-0x00000000 2113536 stp_dbg_init+0x5c/0x19c pages=515 vmalloc
0x00000000-0x00000000  528384 osal_malloc+0x10/0x14 pages=128 vmalloc
0x00000000-0x00000000    8192 PMRAcquireKernelMappingDataOSMem+0xd8/0x10c vmalloc vpages
0x00000000-0x00000000 2093056 binder_mmap+0xac/0x26c ioremap
0x00000000-0x00000000 2093056 binder_mmap+0xac/0x26c ioremap
0x00000000-0x00000000 2093056 binder_mmap+0xac/0x26c ioremap
0x00000000-0x00000000    8192 OSMMUPxMap+0x44/0x78 vmalloc vpages
0x00000000-0x00000000 2093056 binder_mmap+0xac/0x26c ioremap
0x00000000-0x00000000    8192 OSMMUPxMap+0x44/0x78 vmalloc vpages
0x00000000-0x00000000 2093056 binder_mmap+0xac/0x26c ioremap
0x00000000-0x00000000 2093056 binder_mmap+0xac/0x26c ioremap
0x00000000-0x00000000 2093056 binder_mmap+0xac/0x26c ioremap
0x00000000-0x00000000 2093056 binder_mmap+0xac/0x26c ioremap
0x00000000-0x00000000 2093056 binder_mmap+0xac/0x26c ioremap
0x00000000-0x00000000 2093056 binder_mmap+0xac/0x26c ioremap
0x00000000-0x00000000 2093056 binder_mmap+0xac/0x26c ioremap
0x00000000-0x00000000 2093056 binder_mmap+0xac/0x26c ioremap
0x00000000-0x00000000   77824 iotable_init+0x0/0xc4 phys=10000000 ioremap
0x00000000-0x00000000  262144 iotable_init+0x0/0xc4 phys=10020000 ioremap
0x00000000-0x00000000 1048576 iotable_init+0x0/0xc4 phys=10100000 ioremap
0x00000000-0x00000000  106496 iotable_init+0x0/0xc4 phys=10200000 ioremap
0x00000000-0x00000000   32768 iotable_init+0x0/0xc4 phys=10220000 ioremap
0x00000000-0x00000000   65536 iotable_init+0x0/0xc4 phys=10390000 ioremap
0x00000000-0x00000000   73728 iotable_init+0x0/0xc4 phys=11000000 ioremap
0x00000000-0x00000000  655360 iotable_init+0x0/0xc4 phys=11200000 ioremap
0x00000000-0x00000000 16777216 iotable_init+0x0/0xc4 phys=13000000 ioremap
0x00000000-0x00000000  147456 iotable_init+0x0/0xc4 phys=14000000 ioremap
0x00000000-0x00000000   65536 iotable_init+0x0/0xc4 phys=15000000 ioremap
0x00000000-0x00000000  196608 iotable_init+0x0/0xc4 phys=16000000 ioremap
0x00000000-0x00000000   12288 iotable_init+0x0/0xc4 phys=17000000 ioremap
0x00000000-0x00000000   20480 iotable_init+0x0/0xc4 phys=18000000 ioremap
0x00000000-0x00000000   65536 iotable_init+0x0/0xc4 phys=100000 ioremap
0x00000000-0x00000000   65536 iotable_init+0x0/0xc4 phys=8000000 ioremap
0x00000000-0x00000000  294912 pcpu_get_vm_areas+0x0/0x600 vmalloc

------ SLAB INFO (/proc/slabinfo) ------
*** /proc/slabinfo: No such file or directory

------ ZONEINFO (/proc/zoneinfo) ------
Node 0, zone   Normal
  pages free     41637
        min      698
        low      926
        high     1101
        scanned  0
        spanned  131072
        present  131072
        managed  121967
    nr_free_pages 41637
    nr_inactive_anon 0
    nr_active_anon 0
    nr_inactive_file 37580
    nr_active_file 27452
    nr_unevictable 0
    nr_mlock     0
    nr_anon_pages 0
    nr_mapped    28868
    nr_file_pages 65032
    nr_dirty     6
    nr_writeback 0
    nr_slab_reclaimable 4287
    nr_slab_unreclaimable 4032
    nr_page_table_pages 2775
    nr_kernel_stack 834
    nr_unstable  0
    nr_bounce    0
    nr_vmscan_write 0
    nr_vmscan_immediate_reclaim 0
    nr_writeback_temp 0
    nr_isolated_anon 0
    nr_isolated_file 0
    nr_shmem     0
    nr_dirtied   77877
    nr_written   76513
    nr_anon_transparent_hugepages 0
    nr_free_cma  0
        protection: (0, 11615, 11615)
  pagesets
    cpu: 0
              count: 128
              high:  186
              batch: 31
  vm stats threshold: 12
    cpu: 1
              count: 121
              high:  186
              batch: 31
  vm stats threshold: 12
  all_unreclaimable: 0
  start_pfn:         262144
  inactive_ratio:    1
Node 0, zone  HighMem
  pages free     59784
        min      128
        low      825
        high     1357
        scanned  0
        spanned  392704
        present  371710
        managed  371710
    nr_free_pages 59784
    nr_inactive_anon 11759
    nr_active_anon 58769
    nr_inactive_file 461
    nr_active_file 64
    nr_unevictable 0
    nr_mlock     0
    nr_anon_pages 70461
    nr_mapped    202
    nr_file_pages 607
    nr_dirty     0
    nr_writeback 0
    nr_slab_reclaimable 0
    nr_slab_unreclaimable 0
    nr_page_table_pages 0
    nr_kernel_stack 0
    nr_unstable  0
    nr_bounce    0
    nr_vmscan_write 0
    nr_vmscan_immediate_reclaim 0
    nr_writeback_temp 0
    nr_isolated_anon 0
    nr_isolated_file 0
    nr_shmem     82
    nr_dirtied   2251
    nr_written   1580
    nr_anon_transparent_hugepages 0
    nr_free_cma  0
        protection: (0, 0, 0)
  pagesets
    cpu: 0
              count: 62
              high:  186
              batch: 31
  vm stats threshold: 20
    cpu: 1
              count: 104
              high:  186
              batch: 31
  vm stats threshold: 20
  all_unreclaimable: 0
  start_pfn:         393216
  inactive_ratio:    3

------ PAGETYPEINFO (/proc/pagetypeinfo) ------
Page block order: 10
Pages per block:  1024

Free pages count per migrate type at order       0      1      2      3      4      5      6      7      8      9     10 
Node    0, zone   Normal, type    Unmovable     94     58     13     15      7      0      0      0      0      1      0 
Node    0, zone   Normal, type  Reclaimable      1      1      1      0      0      0      0      2      2      2      0 
Node    0, zone   Normal, type      Movable      2      3      2      0      0      1     40     27      6      9     26 
Node    0, zone   Normal, type      Mtkpasr      0      0      0      0      0      0      0      0      0      0      0 
Node    0, zone   Normal, type      Reserve      0      0      0      0      0      0      0      0      0      0      0 
Node    0, zone  HighMem, type    Unmovable     56     66      9      8      2      3      2      0      0      0      0 
Node    0, zone  HighMem, type  Reclaimable      0      0      0      0      0      0      0      0      0      0      0 
Node    0, zone  HighMem, type      Movable   3315   1692    818    368    146     42     11      4      0      0      0 
Node    0, zone  HighMem, type      Mtkpasr    567    588    154     29      6      3      2      9      2      0     35 
Node    0, zone  HighMem, type      Reserve      0      0      0      0      0      0      0      0      0      0      1 

Number of blocks type     Unmovable  Reclaimable      Movable      Mtkpasr      Reserve 
Node 0, zone   Normal           15            6          107            0            0 
Node 0, zone  HighMem           45            0           61          255            1 

------ BUDDYINFO (/proc/buddyinfo) ------
Node 0, zone   Normal     97     62     16     15      7      1     40     29      8     12     26 
Node 0, zone  HighMem   3938   2346    981    405    154     48     15     13      2      0     36 

------ FRAGMENTATION INFO (/d/extfrag/unusable_index: 1970-01-01 08:00:00) ------
Node 0, zone   Normal 0.000 0.002 0.005 0.006 0.009 0.012 0.013 0.074 0.163 0.213 0.360 
Node 0, zone  HighMem 0.000 0.065 0.144 0.209 0.264 0.305 0.331 0.347 0.374 0.383 0.383 

------ KERNEL WAKELOCKS (/proc/wakelocks) ------
*** /proc/wakelocks: No such file or directory

------ KERNEL WAKE SOURCES (/d/wakeup_sources: 1970-01-01 08:00:00) ------
name		active_count	event_count	wakeup_count	expire_count	active_since	total_time	max_time	last_change	prevent_suspend_time
ccci_fsd    	5		5		0		0		0		1		0		4568372		0
PowerManagerService.Broadcasts	1		1		0		0		0		233		233		4182909		0
event7-759  	25		25		1		0		0		241		19		76232		241
WLAN rx_thread	1668		1668		0		0		0		155		2		4621067		31
WLAN hif_thread	13438		13438		4		0		0		30095		30		4621583		1987
WLAN tx_thread	12172		12172		2		0		0		431		1		4621583		39
WLAN Timer  	2125		2125		0		0		0		26977		1980		4565857		72
WLAN timeout	2439		12943		2		2439		0		266259		1254		4621630		33002
WLAN interrupt	10502		10502		2		0		0		6841		30		4621583		483
PowerManagerService.WakeLocks	173		173		1		0		49617		3370618		1865094		4585941		382013
event1-759  	25		25		1		0		0		397		35		76232		397
event5-759  	2866		2869		1		0		0		927		291		4182674		285
event6-759  	25		25		1		0		0		284		21		76232		284
event0-759  	32		34		1		0		0		13376		610		4182212		13375
KeyEvents   	3043		3043		1		0		0		1251		636		4632828		37
PowerManagerService.Display	12		12		0		0		0		4015008		3903637		4585385		38
wmtFuncCtrl 	4		4		0		0		0		4026		2523		27415		0
MT662x      	159		159		0		0		0		55861		8452		4621920		5541
binder      	18		18		0		0		0		3		1		4558314		0
[timerfd]   	0		0		0		0		0		0		0		4847		0
NETLINK     	2261		2261		0		0		0		6549		39		4627958		1440
eventpoll   	2279		2287		0		0		0		20		0		4627958		2
eemcs_lb_it 	0		0		0		0		0		0		0		3657		0
eemcs_it    	0		0		0		0		0		0		0		3657		0
ccci_ioctl4 	0		0		0		0		0		0		0		3657		0
ccci_ioctl3 	0		0		0		0		0		0		0		3657		0
ccci_ioctl2 	0		0		0		0		0		0		0		3656		0
ccci_ioctl1 	0		0		0		0		0		0		0		3656		0
ccci_ioctl0 	0		0		0		0		0		0		0		3656		0
ccci_imsdc  	0		0		0		0		0		0		0		3656		0
ccci_imsa   	0		0		0		0		0		0		0		3656		0
ccci_imsc   	0		0		0		0		0		0		0		3656		0
ccci_imsv   	0		0		0		0		0		0		0		3656		0
ccmni2      	0		0		0		0		0		0		0		3655		0
ccmni1      	0		0		0		0		0		0		0		3655		0
ccmni0      	0		0		0		0		0		0		0		3654		0
ttyC1       	0		0		0		0		0		0		0		3654		0
ccci_ipc_3  	13		44		0		13		0		15424		2714		4569380		1592
ccci_ipc_2  	0		0		0		0		0		0		0		3654		0
ccci_ipc_1220_0	0		0		0		0		0		0		0		3654		0
ccci_rpc    	3		19		0		3		0		3138		1135		277860		1004
ttyC3       	0		0		0		0		0		0		0		3653		0
ttyC2       	2		2		0		2		0		1992		998		10840		0
ccci_fs     	14		993		0		14		0		20208		2703		4569370		3379
ttyC0       	1382		3588		0		1382		0		1547430		13281		4633340		121695
ccci_md_log_ctrl	0		0		0		0		0		0		0		3653		0
ccci_poll   	0		0		0		0		0		0		0		3653		0
ccci_sys    	0		0		0		0		0		0		0		3653		0
ccci_ctrl   	1		2		0		1		0		1332		1332		8180		0
ccci_aud    	1		5		0		1		0		1004		1004		8220		0
ccci_monitor	2		3		0		2		0		2330		1332		8180		0
ccci0_peer  	1385		4267		0		1385		0		1554599		13391		4633340		122741
ccci0_trm   	0		0		0		0		0		0		0		3648		0
battery     	479		479		0		0		0		390		12		4627943		32
wireless    	479		479		0		0		0		513		10		4627940		41
usb         	479		479		0		0		0		603		13		4627943		58
ac          	479		479		0		0		0		489		12		4627943		48
battery suspend wakelock	1		461		0		0		4535147		4535147		4535147		100410		583332
USB.lock    	2		2		0		0		4534625		4534635		4534625		100932		583332
read_data_wake_lock	0		0		0		0		0		0		0		793		0
read_data_wake_lock	0		0		0		0		0		0		0		792		0
accdet timer wakelock	0		0		0		0		0		0		0		786		0
accdet key wakelock	0		0		0		0		0		0		0		786		0
accdet irq wakelock	1		1		0		0		0		0		0		787		0
accdet wakelock	0		0		0		0		0		0		0		786		0
spi_wakelock	70290		70290		0		0		0		2009770		29		4182900		0
MSDC Transfer Lock	86310		86310		18		0		0		2138		6		4621920		179
mmc2_detect 	3		5		0		2		0		2020		799		10580		0
mmc1_detect 	26		27		1		1		0		1015		1009		76237		5
mmc0_detect 	26		27		1		1		0		594		589		76236		4
vcorefs     	11		11		0		0		0		0		0		4584925		0
leds wakelock	0		0		0		0		0		0		0		478		0
alarm       	102		104		1		0		0		7022		627		4604616		6500
xhci.wakelock	1		1		0		0		0		56		56		28441		0
alarmtimer  	1		1		1		1		0		1994		1994		54850		1994
pmicAuxadc irq wakelock	33707		33734		4		0		0		11065		18		4635040		1490
bat_percent_notify_lock wakelock	462		462		1		0		0		23		0		4630341		2
pmicThread_lock_mt6332 wakelock	0		0		0		0		0		0		0		211		0
pmicThread_lock_mt6331 wakelock	18		18		1		0		0		545		521		4182213		11
EINT wakelock	1936		14455		3		1936		0		1363428		13375		4622420		121185
sys_sync    	4		4		0		0		0		22		13		4182684		0
autosleep   	7		7		0		0		0		0		0		4183188		0

------ KERNEL CPUFREQ (/sys/devices/system/cpu/cpu0/cpufreq/stats/time_in_state) ------
1690000 8251
1495000 3832
1365000 21881
1248000 3099
1144000 81929
1001000 58295
806000 285905

------ KERNEL SYNC (/d/sync: 2017-07-17 17:15:56) ------
fences:
--------------

------ PROCESSES (ps -P) ------
USER     PID   PPID  VSIZE  RSS    PCY  WCHAN    PC         NAME
root      1     0     700    532       ffffffff 00000000 S /init
root      2     0     0      0         ffffffff 00000000 S kthreadd
root      3     2     0      0         ffffffff 00000000 S ksoftirqd/0
root      5     2     0      0         ffffffff 00000000 S kworker/0:0H
root      7     2     0      0         ffffffff 00000000 S migration/0
root      8     2     0      0         ffffffff 00000000 S rcu_preempt
root      9     2     0      0         ffffffff 00000000 S rcu_bh
root      10    2     0      0         ffffffff 00000000 S rcu_sched
root      11    2     0      0         ffffffff 00000000 S migration/1
root      12    2     0      0         ffffffff 00000000 S ksoftirqd/1
root      14    2     0      0         ffffffff 00000000 S kworker/1:0H
root      15    2     0      0         ffffffff 00000000 R migration/2
root      16    2     0      0         ffffffff 00000000 R ksoftirqd/2
root      18    2     0      0         ffffffff 00000000 S kworker/2:0H
root      19    2     0      0         ffffffff 00000000 R migration/3
root      20    2     0      0         ffffffff 00000000 R ksoftirqd/3
root      22    2     0      0         ffffffff 00000000 S kworker/3:0H
root      23    2     0      0         ffffffff 00000000 R migration/4
root      24    2     0      0         ffffffff 00000000 R ksoftirqd/4
root      26    2     0      0         ffffffff 00000000 S kworker/4:0H
root      27    2     0      0         ffffffff 00000000 R migration/5
root      28    2     0      0         ffffffff 00000000 R ksoftirqd/5
root      29    2     0      0         ffffffff 00000000 S kworker/5:0
root      30    2     0      0         ffffffff 00000000 S kworker/5:0H
root      31    2     0      0         ffffffff 00000000 R migration/6
root      32    2     0      0         ffffffff 00000000 R ksoftirqd/6
root      33    2     0      0         ffffffff 00000000 S kworker/6:0
root      34    2     0      0         ffffffff 00000000 S kworker/6:0H
root      35    2     0      0         ffffffff 00000000 R migration/7
root      36    2     0      0         ffffffff 00000000 R ksoftirqd/7
root      37    2     0      0         ffffffff 00000000 S kworker/7:0
root      38    2     0      0         ffffffff 00000000 S kworker/7:0H
root      39    2     0      0         ffffffff 00000000 S khelper
root      40    2     0      0         ffffffff 00000000 S fs_sync
root      41    2     0      0         ffffffff 00000000 S suspend
root      42    2     0      0         ffffffff 00000000 S writeback
root      43    2     0      0         ffffffff 00000000 S bioset
root      44    2     0      0         ffffffff 00000000 S kblockd
root      45    2     0      0         ffffffff 00000000 S khubd
root      47    2     0      0         ffffffff 00000000 S pool_reload_wor
root      48    2     0      0         ffffffff 00000000 S kworker/5:1
root      49    2     0      0         ffffffff 00000000 S cfg80211
root      50    2     0      0         ffffffff 00000000 S cfinteractive
root      51    2     0      0         ffffffff 00000000 S pmic_6331_threa
root      52    2     0      0         ffffffff 00000000 S pmic_6332_threa
root      53    2     0      0         ffffffff 00000000 S bat_percent_not
root      54    2     0      0         ffffffff 00000000 S kworker/7:1
root      55    2     0      0         ffffffff 00000000 D hps_main
root      56    2     0      0         ffffffff 00000000 S emi_mpu
root      57    2     0      0         ffffffff 00000000 S kswapd0
root      58    2     0      0         ffffffff 00000000 S fsnotify_mark
root      59    2     0      0         ffffffff 00000000 S crypto
root      78    2     0      0         ffffffff 00000000 S uether
root      79    2     0      0         ffffffff 00000000 D touch_freq_up_t
root      80    2     0      0         ffffffff 00000000 S ion_mm_heap
root      81    2     0      0         ffffffff 00000000 S binder
root      88    2     0      0         ffffffff 00000000 S kworker/u16:5
root      90    2     0      0         ffffffff 00000000 D hang_detect
root      91    2     0      0         ffffffff 00000000 S conn-md-thread
root      92    2     0      0         ffffffff 00000000 S mtk_vibrator
root      93    2     0      0         ffffffff 00000000 S vcorefs
root      94    2     0      0         ffffffff 00000000 S MD32_REBOOT_WQ
root      95    2     0      0         ffffffff 00000000 S MD32_WDT_WQ
root      96    2     0      0         ffffffff 00000000 S MD32_ASSERT_WQ
root      97    2     0      0         ffffffff 00000000 S kthermp
root      98    2     0      0         ffffffff 00000000 S pvr_timer
root      99    2     0      0         ffffffff 00000000 S pvr_defer_free
root      100   2     0      0         ffffffff 00000000 S pvr_devices_wd_
root      101   2     0      0         ffffffff 00000000 S pvr_sync_workqu
root      102   2     0      0         ffffffff 00000000 S mwp
root      103   2     0      0         ffffffff 00000000 S mmcqd/0
root      104   2     0      0         ffffffff 00000000 S mmcqd/0boot0
root      105   2     0      0         ffffffff 00000000 S mmcqd/0boot1
root      106   2     0      0         ffffffff 00000000 S mmcqd/0rpmb
root      107   2     0      0         ffffffff 00000000 S cmdq_auto_relea
root      108   2     0      0         ffffffff 00000000 S cmdq_task
root      109   2     0      0         ffffffff 00000000 S ddp_irq_log_kth
root      110   2     0      0         ffffffff 00000000 D display_esd_che
root      111   2     0      0         ffffffff 00000000 S display_check_a
root      112   2     0      0         ffffffff 00000000 S fence_worker
root      113   2     0      0         ffffffff 00000000 D present_fence_w
root      114   2     0      0         ffffffff 00000000 S update_HX8347D_
root      115   2     0      0         ffffffff 00000000 S accdet
root      116   2     0      0         ffffffff 00000000 S keyEvent_send
root      117   2     0      0         ffffffff 00000000 S accdet_disable
root      118   2     0      0         ffffffff 00000000 S accdet_eint
root      119   2     0      0         ffffffff 00000000 S sensor_polling
root      120   2     0      0         ffffffff 00000000 S kworker/6:1
root      121   2     0      0         ffffffff 00000000 D bat_thread_kthr
root      122   2     0      0         ffffffff 00000000 S mtk charger_hv_
root      124   2     0      0         ffffffff 00000000 S mmcqd/1
root      125   2     0      0         ffffffff 00000000 S mtk-tpd
root      126   2     0      0         ffffffff 00000000 S update_firmware
root      127   2     0      0         ffffffff 00000000 S kworker/4:1
root      128   2     0      0         ffffffff 00000000 S mt_gpufreq_inpu
root      129   2     0      0         ffffffff 00000000 S tx0_worker
root      130   2     0      0         ffffffff 00000000 S tx1_worker
root      131   2     0      0         ffffffff 00000000 S tx2_worker
root      132   2     0      0         ffffffff 00000000 S tx3_worker
root      133   2     0      0         ffffffff 00000000 S tx4_worker
root      134   2     0      0         ffffffff 00000000 S tx5_worker
root      135   2     0      0         ffffffff 00000000 S tx6_worker
root      136   2     0      0         ffffffff 00000000 S tx7_worker
root      137   2     0      0         ffffffff 00000000 S rx0_worker
root      138   2     0      0         ffffffff 00000000 S rx1_worker
root      139   2     0      0         ffffffff 00000000 S rx2_worker
root      140   2     0      0         ffffffff 00000000 S rx3_worker
root      141   2     0      0         ffffffff 00000000 S rx4_worker
root      142   2     0      0         ffffffff 00000000 S rx5_worker
root      143   2     0      0         ffffffff 00000000 S rx6_worker
root      144   2     0      0         ffffffff 00000000 S rx7_worker
root      145   2     0      0         ffffffff 00000000 S ccci_ctrl
root      146   2     0      0         ffffffff 00000000 S ccci_sys
root      147   2     0      0         ffffffff 00000000 S ccci_poll
root      148   2     0      0         ffffffff 00000000 S ccci_rpc
root      149   2     0      0         ffffffff 00000000 S ccci_ipc_3
root      150   2     0      0         ffffffff 00000000 S PTP_CTRL_LITTLE
root      151   2     0      0         ffffffff 00000000 S PTP_CTRL_BIG
root      152   2     0      0         ffffffff 00000000 S PTP_CTRL_GPU
root      153   2     0      0         ffffffff 00000000 S PTP_CTRL_VCORE
root      154   2     0      0         ffffffff 00000000 S deferwq
root      155   2     0      0         ffffffff 00000000 S f_mtp
root      156   2     0      0         ffffffff 00000000 S file-storage
root      157   2     0      0         ffffffff 00000000 D wdtk-0
root      158   2     0      0         ffffffff 00000000 D wdtk-1
root      159   2     0      0         ffffffff 00000000 D wdtk-2
root      160   2     0      0         ffffffff 00000000 D wdtk-3
root      161   2     0      0         ffffffff 00000000 D wdtk-4
root      162   2     0      0         ffffffff 00000000 S kworker/1:1
root      164   2     0      0         ffffffff 00000000 S kworker/3:1
root      165   2     0      0         ffffffff 00000000 D wdtk-5
root      166   2     0      0         ffffffff 00000000 D wdtk-6
root      167   2     0      0         ffffffff 00000000 D wdtk-7
root      169   1     580    260       ffffffff 00000000 S /sbin/ueventd
root      170   2     0      0         ffffffff 00000000 S kworker/5:1H
root      171   2     0      0         ffffffff 00000000 S kworker/4:1H
root      172   2     0      0         ffffffff 00000000 S jbd2/mmcblk0p13
root      173   2     0      0         ffffffff 00000000 S ext4-dio-unwrit
root      175   2     0      0         ffffffff 00000000 S kworker/7:1H
root      178   2     0      0         ffffffff 00000000 S jbd2/mmcblk0p15
root      179   2     0      0         ffffffff 00000000 S ext4-dio-unwrit
root      183   2     0      0         ffffffff 00000000 S kworker/6:1H
root      185   2     0      0         ffffffff 00000000 S jbd2/mmcblk0p14
root      186   2     0      0         ffffffff 00000000 S ext4-dio-unwrit
root      209   2     0      0         ffffffff 00000000 S jbd2/mmcblk0p3-
root      210   2     0      0         ffffffff 00000000 S ext4-dio-unwrit
root      213   2     0      0         ffffffff 00000000 S jbd2/mmcblk0p4-
root      214   2     0      0         ffffffff 00000000 S ext4-dio-unwrit
root      215   2     0      0         ffffffff 00000000 S loop0
root      216   1     18508  3768      ffffffff 00000000 S /system/bin/atci_service
root      217   1     1284   540       ffffffff 00000000 S /system/bin/atcid
system    219   1     1396   296       ffffffff 00000000 S /system/bin/drvbd
root      220   2     0      0         ffffffff 00000000 S kworker/1:1H
root      221   1     2480   4     fg  ffffffff 00000000 S /sbin/healthd
system    222   1     1144   180       ffffffff 00000000 S /system/bin/servicemanager
root      223   1     5092   1392      ffffffff 00000000 S /system/bin/vold
system    224   1     1456   604       ffffffff 00000000 S /system/bin/autokd
system    227   1     996    168       ffffffff 00000000 S /system/bin/logwrapper
ccci      228   1     1536   720       ffffffff 00000000 S /system/bin/ccci_fsd
system    229   1     1572   608       ffffffff 00000000 S /system/bin/ccci_mdinit
root      231   2     0      0         ffffffff 00000000 S kworker/0:1H
root      232   1     1800   748       ffffffff 00000000 S /system/bin/debuggerd
shell     233   1     2444   588       ffffffff 00000000 S /system/bin/mobile_log_d
root      234   1     10040  1284      ffffffff 00000000 S /system/bin/netd
shell     235   1     3200   684       ffffffff 00000000 S /system/bin/netdiag
root      236   2     0      0         ffffffff 00000000 S kworker/2:1H
system    238   1     4768   884   fg  ffffffff 00000000 S /system/bin/nvram_agent_binder
system    240   1     45480  7828      ffffffff 00000000 S /system/bin/surfaceflinger
root      241   1     946272 53868     ffffffff 00000000 S zygote
drm       242   1     37188  10076 fg  ffffffff 00000000 S /system/bin/drmserver
media     243   1     247460 38664 fg  ffffffff 00000000 S /system/bin/mediaserver
system    244   1     5708   660   fg  ffffffff 00000000 S /system/bin/bwc
radio     245   1     37336  9596  fg  ffffffff 00000000 S /system/bin/vtservice
install   246   1     1168   556       ffffffff 00000000 S /system/bin/installd
keystore  248   1     4732   1268  fg  ffffffff 00000000 S /system/bin/keystore
gps       249   1     38924  1816      ffffffff 00000000 S /system/bin/mtk_agpsd
gps       250   1     3580   552       ffffffff 00000000 S /system/xbin/mnld
shell     251   1     1064   192       c008875c b6f78f48 S /system/bin/batterywarning
media     252   1     4756   700   fg  ffffffff 00000000 S /system/bin/MtkCodecService
system    254   1     14652  3432  fg  ffffffff 00000000 S /system/bin/guiext-server
system    255   1     2092   196       ffffffff 00000000 S /system/bin/fotabinder
system    257   1     4808   716   fg  ffffffff 00000000 S /system/bin/ppl_agent
bluetooth 258   1     14416  4176      ffffffff 00000000 S /system/bin/mtkbt
system    260   1     4808   716   fg  ffffffff 00000000 S /system/bin/GoogleOtaBinder
system    263   1     3156   440       ffffffff 00000000 S /system/bin/thermal
system    264   1     1060   192       ffffffff 00000000 S /system/bin/thermald
nvram     267   1     30152  8244      ffffffff 00000000 S /system/bin/em_svr
root      268   2     0      0         ffffffff 00000000 S kworker/3:1H
system    269   227   1080   440       ffffffff 00000000 S /system/bin/6620_launcher
system    278   1     2400   512       ffffffff 00000000 S /system/bin/st480d
root      470   2     0      0         ffffffff 00000000 S pvr_workqueue
root      471   2     0      0         ffffffff 00000000 S pvr_workqueue
root      472   2     0      0         ffffffff 00000000 S pvr_workqueue
root      580   2     0      0         ffffffff 00000000 S mtk_stp_psm
root      581   2     0      0         ffffffff 00000000 S mtk_stp_btm
root      582   2     0      0         ffffffff 00000000 S mtk_wmtd
root      752   2     0      0         ffffffff 00000000 S kworker/u17:2
shell     753   1     2760   816       ffffffff 00000000 S /system/bin/ecccimdlogger
radio     754   1     10352  436       ffffffff 00000000 S /system/bin/gsm0710muxd
system    759   241   1066288 83152 fg  ffffffff 00000000 S system_server
radio     790   1     18472  784       ffffffff 00000000 S /system/bin/rild
root      811   2     0      0         ffffffff 00000000 S ksdioirqd/mmc2
root      812   2     0      0         ffffffff 00000000 S stp_sdio_tx_rx
u0_a6     901   241   968064 38972 fg  ffffffff 00000000 S com.android.keyguard
root      982   2     0      0         ffffffff 00000000 S tx_thread
root      983   2     0      0         ffffffff 00000000 S hif_thread
root      984   2     0      0         ffffffff 00000000 S rx_thread
u0_a6     986   241   1004668 54164 fg  ffffffff 00000000 S com.android.systemui
wifi      1014  1     3932   2240      ffffffff 00000000 S /system/bin/wpa_supplicant
media_rw  1028  1     3680   444       ffffffff 00000000 S /system/bin/sdcard
root      1038  2     0      0         ffffffff 00000000 S kworker/3:2
root      1058  2     0      0         ffffffff 00000000 S kworker/4:2
u0_a18    1073  241   957488 33100 fg  ffffffff 00000000 S com.hicam.android.softkeyboard
u0_a30    1091  241   967452 25556 bg  ffffffff 00000000 S com.android.printspooler
radio     1106  241   992648 54548 fg  ffffffff 00000000 S com.android.phone
u0_a35    1119  241   1038620 59320 fg  ffffffff 00000000 S com.mediatek.voicecommand
bluetooth 1130  241   957760 29296 fg  ffffffff 00000000 S com.mediatek.bluetooth
u0_a37    1146  241   965768 32604 fg  ffffffff 00000000 S com.sioeye.iris.DataManagerService
u0_a39    1159  241   975836 42400 fg  ffffffff 00000000 S com.sioeye.iris.controller
u0_a26    1173  241   958000 25132 fg  ffffffff 00000000 S com.mediatek.nlpservice
root      1210  2     0      0         ffffffff 00000000 S hdmi_rdma_confi
root      1211  2     0      0         ffffffff 00000000 S mhl_irq_kthread
root      1212  2     0      0         ffffffff 00000000 S smartbook_kthre
root      1213  2     0      0         ffffffff 00000000 S sii8348drv
u0_a4     1227  241   979904 44156 bg  ffffffff 00000000 S android.process.media
u0_a40    1246  241   966640 38600 fg  ffffffff 00000000 S com.ckt.sioeye
media_rw  1322  1     3668   444       ffffffff 00000000 S /system/bin/sdcard
system    1396  241   981488 58364 bg  ffffffff 00000000 S com.android.settings
u0_a1     1439  241   964836 38724 bg  ffffffff 00000000 S com.android.contacts
system    1657  241   957044 25588 bg  ffffffff 00000000 S com.mediatek.atci.service
shell     1815  241   956372 25456 bg  ffffffff 00000000 S com.android.shell
u0_a31    1831  241   971136 35432 fg  ffffffff 00000000 S com.ckt.eirot.sioeyettsdemo
root      1870  2     0      0         ffffffff 00000000 S kworker/u16:7
u0_a20    1947  241   989220 44676 bg  ffffffff 00000000 S com.android.launcher3
root      2170  2     0      0         ffffffff 00000000 S kworker/1:2
root      2198  2     0      0         ffffffff 00000000 S kworker/2:2
shell     2424  1     4648   268       ffffffff 00000000 S /sbin/adbd
root      3254  2     0      0         ffffffff 00000000 S kworker/2:0
root      3407  2     0      0         ffffffff 00000000 S kworker/u16:1
root      3409  2     0      0         ffffffff 00000000 S kworker/u17:1
root      3427  2     0      0         ffffffff 00000000 S kworker/u16:2
root      3699  2     0      0         ffffffff 00000000 S kworker/1:0
u0_a15    3709  241   966428 26988 bg  ffffffff 00000000 S com.android.documentsui
u0_a2     3722  241   955688 24476 bg  ffffffff 00000000 S com.android.defcontainer
u0_a5     3748  241   955696 25468 bg  ffffffff 00000000 S com.android.externalstorage
root      4200  2     0      0         ffffffff 00000000 S kworker/3:0
root      5009  2     0      0         ffffffff 00000000 S kworker/0:2
root      5011  2     0      0         ffffffff 00000000 S kworker/2:1
shell     5506  2424  918188 37824     ffffffff 4012438c S uiautomator
root      6432  2     0      0         ffffffff 00000000 S kworker/0:0
root      8198  2     0      0         ffffffff 00000000 S kworker/0:1
root      8333  2     0      0         ffffffff 00000000 S kworker/u16:0
root      8688  1     1000   396       ffffffff 00000000 S /system/bin/logwrapper
dhcp      8689  8688  1184   480       ffffffff 00000000 S /system/bin/dhcpcd
system    8843  241   1039684 58584     ffffffff 00000000 S com.hicam
shell     8959  5506  1064   192       c07f5298 4006938c S /system/bin/bugreport
shell     8960  1     1168   620       ffffffff 00000000 S /system/bin/dumpstate
shell     8969  8960  1388   484       00000000 b6f2138c R ps
[ps: 0.1s elapsed]

------ PROCESSES AND THREADS (ps -t -p -P) ------
USER     PID   PPID  VSIZE  RSS   PRIO  NICE  RTPRI SCHED  PCY  WCHAN    PC         NAME
root      1     0     700    532   20    0     0     0         ffffffff 00000000 S /init
root      2     0     0      0     20    0     0     0         ffffffff 00000000 S kthreadd
root      3     2     0      0     20    0     0     0         ffffffff 00000000 S ksoftirqd/0
root      5     2     0      0     0     -20   0     0         ffffffff 00000000 S kworker/0:0H
root      7     2     0      0     -99   0     98    1         ffffffff 00000000 S migration/0
root      8     2     0      0     20    0     0     0         ffffffff 00000000 S rcu_preempt
root      9     2     0      0     20    0     0     0         ffffffff 00000000 S rcu_bh
root      10    2     0      0     20    0     0     0         ffffffff 00000000 S rcu_sched
root      11    2     0      0     -99   0     98    1         ffffffff 00000000 S migration/1
root      12    2     0      0     20    0     0     0         ffffffff 00000000 S ksoftirqd/1
root      14    2     0      0     0     -20   0     0         ffffffff 00000000 S kworker/1:0H
root      15    2     0      0     -99   0     98    1         ffffffff 00000000 R migration/2
root      16    2     0      0     20    0     0     0         ffffffff 00000000 R ksoftirqd/2
root      18    2     0      0     0     -20   0     0         ffffffff 00000000 S kworker/2:0H
root      19    2     0      0     -99   0     98    1         ffffffff 00000000 R migration/3
root      20    2     0      0     20    0     0     0         ffffffff 00000000 R ksoftirqd/3
root      22    2     0      0     0     -20   0     0         ffffffff 00000000 S kworker/3:0H
root      23    2     0      0     -99   0     98    1         ffffffff 00000000 R migration/4
root      24    2     0      0     20    0     0     0         ffffffff 00000000 R ksoftirqd/4
root      26    2     0      0     0     -20   0     0         ffffffff 00000000 S kworker/4:0H
root      27    2     0      0     -99   0     98    1         ffffffff 00000000 R migration/5
root      28    2     0      0     20    0     0     0         ffffffff 00000000 R ksoftirqd/5
root      29    2     0      0     20    0     0     0         ffffffff 00000000 S kworker/5:0
root      30    2     0      0     0     -20   0     0         ffffffff 00000000 S kworker/5:0H
root      31    2     0      0     -99   0     98    1         ffffffff 00000000 R migration/6
root      32    2     0      0     20    0     0     0         ffffffff 00000000 R ksoftirqd/6
root      33    2     0      0     20    0     0     0         ffffffff 00000000 S kworker/6:0
root      34    2     0      0     0     -20   0     0         ffffffff 00000000 S kworker/6:0H
root      35    2     0      0     -99   0     98    1         ffffffff 00000000 R migration/7
root      36    2     0      0     20    0     0     0         ffffffff 00000000 R ksoftirqd/7
root      37    2     0      0     20    0     0     0         ffffffff 00000000 S kworker/7:0
root      38    2     0      0     0     -20   0     0         ffffffff 00000000 S kworker/7:0H
root      39    2     0      0     0     -20   0     0         ffffffff 00000000 S khelper
root      40    2     0      0     0     -20   0     0         ffffffff 00000000 S fs_sync
root      41    2     0      0     0     -20   0     0         ffffffff 00000000 S suspend
root      42    2     0      0     0     -20   0     0         ffffffff 00000000 S writeback
root      43    2     0      0     0     -20   0     0         ffffffff 00000000 S bioset
root      44    2     0      0     0     -20   0     0         ffffffff 00000000 S kblockd
root      45    2     0      0     20    0     0     0         ffffffff 00000000 S khubd
root      47    2     0      0     0     -20   0     0         ffffffff 00000000 S pool_reload_wor
root      48    2     0      0     20    0     0     0         ffffffff 00000000 S kworker/5:1
root      49    2     0      0     0     -20   0     0         ffffffff 00000000 S cfg80211
root      50    2     0      0     -100  0     99    1         ffffffff 00000000 S cfinteractive
root      51    2     0      0     -99   0     98    1         ffffffff 00000000 S pmic_6331_threa
root      52    2     0      0     -99   0     98    1         ffffffff 00000000 S pmic_6332_threa
root      53    2     0      0     20    0     0     0         ffffffff 00000000 S bat_percent_not
root      54    2     0      0     20    0     0     0         ffffffff 00000000 S kworker/7:1
root      55    2     0      0     -98   0     97    1         ffffffff 00000000 D hps_main
root      56    2     0      0     0     -20   0     0         ffffffff 00000000 S emi_mpu
root      57    2     0      0     20    0     0     0         ffffffff 00000000 S kswapd0
root      58    2     0      0     20    0     0     0         ffffffff 00000000 S fsnotify_mark
root      59    2     0      0     0     -20   0     0         ffffffff 00000000 S crypto
root      78    2     0      0     0     -20   0     0         ffffffff 00000000 S uether
root      79    2     0      0     -100  0     99    1         ffffffff 00000000 D touch_freq_up_t
root      80    2     0      0     20    0     0     5         ffffffff 00000000 S ion_mm_heap
root      81    2     0      0     0     -20   0     0         ffffffff 00000000 S binder
root      88    2     0      0     20    0     0     0         ffffffff 00000000 S kworker/u16:5
root      90    2     0      0     -100  0     99    1         ffffffff 00000000 D hang_detect
root      91    2     0      0     20    0     0     0         ffffffff 00000000 S conn-md-thread
root      92    2     0      0     0     -20   0     0         ffffffff 00000000 S mtk_vibrator
root      93    2     0      0     -100  0     99    1         ffffffff 00000000 S vcorefs
root      94    2     0      0     0     -20   0     0         ffffffff 00000000 S MD32_REBOOT_WQ
root      95    2     0      0     0     -20   0     0         ffffffff 00000000 S MD32_WDT_WQ
root      96    2     0      0     0     -20   0     0         ffffffff 00000000 S MD32_ASSERT_WQ
root      97    2     0      0     -99   0     98    1         ffffffff 00000000 S kthermp
root      98    2     0      0     0     -20   0     0         ffffffff 00000000 S pvr_timer
root      99    2     0      0     20    0     0     0         ffffffff 00000000 S pvr_defer_free
root      100   2     0      0     20    0     0     0         ffffffff 00000000 S pvr_devices_wd_
root      101   2     0      0     0     -20   0     0         ffffffff 00000000 S pvr_sync_workqu
root      102   2     0      0     0     -20   0     0         ffffffff 00000000 S mwp
root      103   2     0      0     20    0     0     0         ffffffff 00000000 S mmcqd/0
root      104   2     0      0     20    0     0     0         ffffffff 00000000 S mmcqd/0boot0
root      105   2     0      0     20    0     0     0         ffffffff 00000000 S mmcqd/0boot1
root      106   2     0      0     20    0     0     0         ffffffff 00000000 S mmcqd/0rpmb
root      107   2     0      0     0     -20   0     0         ffffffff 00000000 S cmdq_auto_relea
root      108   2     0      0     0     -20   0     0         ffffffff 00000000 S cmdq_task
root      109   2     0      0     20    0     0     0         ffffffff 00000000 S ddp_irq_log_kth
root      110   2     0      0     -88   0     87    2         ffffffff 00000000 D display_esd_che
root      111   2     0      0     20    0     0     0         ffffffff 00000000 S display_check_a
root      112   2     0      0     -95   0     94    2         ffffffff 00000000 S fence_worker
root      113   2     0      0     20    0     0     0         ffffffff 00000000 D present_fence_w
root      114   2     0      0     -95   0     94    1         ffffffff 00000000 S update_HX8347D_
root      115   2     0      0     0     -20   0     0         ffffffff 00000000 S accdet
root      116   2     0      0     20    0     0     0         ffffffff 00000000 S keyEvent_send
root      117   2     0      0     0     -20   0     0         ffffffff 00000000 S accdet_disable
root      118   2     0      0     0     -20   0     0         ffffffff 00000000 S accdet_eint
root      119   2     0      0     0     -20   0     0         ffffffff 00000000 S sensor_polling
root      120   2     0      0     20    0     0     0         ffffffff 00000000 S kworker/6:1
root      121   2     0      0     20    0     0     0         ffffffff 00000000 D bat_thread_kthr
root      122   2     0      0     20    0     0     0         ffffffff 00000000 S mtk charger_hv_
root      124   2     0      0     20    0     0     0         ffffffff 00000000 S mmcqd/1
root      125   2     0      0     -5    0     4     2         ffffffff 00000000 S mtk-tpd
root      126   2     0      0     0     -20   0     0         ffffffff 00000000 S update_firmware
root      127   2     0      0     20    0     0     0         ffffffff 00000000 S kworker/4:1
root      128   2     0      0     -100  0     99    1         ffffffff 00000000 S mt_gpufreq_inpu
root      129   2     0      0     0     -20   0     0         ffffffff 00000000 S tx0_worker
root      130   2     0      0     0     -20   0     0         ffffffff 00000000 S tx1_worker
root      131   2     0      0     0     -20   0     0         ffffffff 00000000 S tx2_worker
root      132   2     0      0     0     -20   0     0         ffffffff 00000000 S tx3_worker
root      133   2     0      0     0     -20   0     0         ffffffff 00000000 S tx4_worker
root      134   2     0      0     0     -20   0     0         ffffffff 00000000 S tx5_worker
root      135   2     0      0     0     -20   0     0         ffffffff 00000000 S tx6_worker
root      136   2     0      0     0     -20   0     0         ffffffff 00000000 S tx7_worker
root      137   2     0      0     0     -20   0     0         ffffffff 00000000 S rx0_worker
root      138   2     0      0     0     -20   0     0         ffffffff 00000000 S rx1_worker
root      139   2     0      0     0     -20   0     0         ffffffff 00000000 S rx2_worker
root      140   2     0      0     0     -20   0     0         ffffffff 00000000 S rx3_worker
root      141   2     0      0     0     -20   0     0         ffffffff 00000000 S rx4_worker
root      142   2     0      0     0     -20   0     0         ffffffff 00000000 S rx5_worker
root      143   2     0      0     0     -20   0     0         ffffffff 00000000 S rx6_worker
root      144   2     0      0     0     -20   0     0         ffffffff 00000000 S rx7_worker
root      145   2     0      0     -2    0     1     1         ffffffff 00000000 S ccci_ctrl
root      146   2     0      0     -2    0     1     1         ffffffff 00000000 S ccci_sys
root      147   2     0      0     -2    0     1     1         ffffffff 00000000 S ccci_poll
root      148   2     0      0     -2    0     1     1         ffffffff 00000000 S ccci_rpc
root      149   2     0      0     20    0     0     0         ffffffff 00000000 S ccci_ipc_3
root      150   2     0      0     20    0     0     0         ffffffff 00000000 S PTP_CTRL_LITTLE
root      151   2     0      0     20    0     0     0         ffffffff 00000000 S PTP_CTRL_BIG
root      152   2     0      0     20    0     0     0         ffffffff 00000000 S PTP_CTRL_GPU
root      153   2     0      0     20    0     0     0         ffffffff 00000000 S PTP_CTRL_VCORE
root      154   2     0      0     0     -20   0     0         ffffffff 00000000 S deferwq
root      155   2     0      0     0     -20   0     0         ffffffff 00000000 S f_mtp
root      156   2     0      0     20    0     0     0         ffffffff 00000000 S file-storage
root      157   2     0      0     -100  0     99    1         ffffffff 00000000 D wdtk-0
root      158   2     0      0     -100  0     99    1         ffffffff 00000000 D wdtk-1
root      159   2     0      0     -100  0     99    1         ffffffff 00000000 D wdtk-2
root      160   2     0      0     -100  0     99    1         ffffffff 00000000 D wdtk-3
root      161   2     0      0     -100  0     99    1         ffffffff 00000000 D wdtk-4
root      162   2     0      0     20    0     0     0         ffffffff 00000000 S kworker/1:1
root      164   2     0      0     20    0     0     0         ffffffff 00000000 S kworker/3:1
root      165   2     0      0     -100  0     99    1         ffffffff 00000000 D wdtk-5
root      166   2     0      0     -100  0     99    1         ffffffff 00000000 D wdtk-6
root      167   2     0      0     -100  0     99    1         ffffffff 00000000 D wdtk-7
root      169   1     580    260   20    0     0     0         ffffffff 00000000 S /sbin/ueventd
root      170   2     0      0     0     -20   0     0         ffffffff 00000000 S kworker/5:1H
root      171   2     0      0     0     -20   0     0         ffffffff 00000000 S kworker/4:1H
root      172   2     0      0     20    0     0     0         ffffffff 00000000 S jbd2/mmcblk0p13
root      173   2     0      0     0     -20   0     0         ffffffff 00000000 S ext4-dio-unwrit
root      175   2     0      0     0     -20   0     0         ffffffff 00000000 S kworker/7:1H
root      178   2     0      0     20    0     0     0         ffffffff 00000000 S jbd2/mmcblk0p15
root      179   2     0      0     0     -20   0     0         ffffffff 00000000 S ext4-dio-unwrit
root      183   2     0      0     0     -20   0     0         ffffffff 00000000 S kworker/6:1H
root      185   2     0      0     20    0     0     0         ffffffff 00000000 S jbd2/mmcblk0p14
root      186   2     0      0     0     -20   0     0         ffffffff 00000000 S ext4-dio-unwrit
root      209   2     0      0     20    0     0     0         ffffffff 00000000 S jbd2/mmcblk0p3-
root      210   2     0      0     0     -20   0     0         ffffffff 00000000 S ext4-dio-unwrit
root      213   2     0      0     20    0     0     0         ffffffff 00000000 S jbd2/mmcblk0p4-
root      214   2     0      0     0     -20   0     0         ffffffff 00000000 S ext4-dio-unwrit
root      215   2     0      0     0     -20   0     0         ffffffff 00000000 S loop0
root      216   1     18508  3768  20    0     0     0         ffffffff 00000000 S /system/bin/atci_service
root      372   216   18508  3768  20    0     0     0     fg  ffffffff 00000000 S Binder_1
root      373   216   18508  3768  20    0     0     0         ffffffff 00000000 S atci_service
root      374   216   18508  3768  20    0     0     0         ffffffff 00000000 S atci_service
root      375   216   18508  3768  20    0     0     0         ffffffff 00000000 S atci_service
root      376   216   18508  3768  20    0     0     0         ffffffff 00000000 S atci_service
root      378   216   18508  3768  20    0     0     0     fg  ffffffff 00000000 S Binder_2
root      217   1     1284   540   20    0     0     0         ffffffff 00000000 S /system/bin/atcid
system    219   1     1396   296   20    0     0     0         ffffffff 00000000 S /system/bin/drvbd
root      220   2     0      0     0     -20   0     0         ffffffff 00000000 S kworker/1:1H
root      221   1     2480   4     20    0     0     0     fg  ffffffff 00000000 S /sbin/healthd
system    222   1     1144   180   20    0     0     0         ffffffff 00000000 S /system/bin/servicemanager
root      223   1     5092   1392  20    0     0     0         ffffffff 00000000 S /system/bin/vold
root      381   223   5092   1392  20    0     0     0         ffffffff 00000000 S vold
root      389   223   5092   1392  20    0     0     0         ffffffff 00000000 S vold
system    224   1     1456   604   20    0     0     0         ffffffff 00000000 S /system/bin/autokd
system    227   1     996    168   20    0     0     0         ffffffff 00000000 S /system/bin/logwrapper
ccci      228   1     1536   720   20    0     0     0         ffffffff 00000000 S /system/bin/ccci_fsd
system    229   1     1572   608   20    0     0     0         ffffffff 00000000 S /system/bin/ccci_mdinit
root      231   2     0      0     0     -20   0     0         ffffffff 00000000 S kworker/0:1H
root      232   1     1800   748   -29   0     28    2         ffffffff 00000000 S /system/bin/debuggerd
shell     233   1     2444   588   20    0     0     0         ffffffff 00000000 S /system/bin/mobile_log_d
shell     587   233   2444   588   20    0     0     0         ffffffff 00000000 S mobile_log_d
root      234   1     10040  1284  20    0     0     0         ffffffff 00000000 S /system/bin/netd
root      741   234   10040  1284  20    0     0     0         ffffffff 00000000 S netd
root      743   234   10040  1284  20    0     0     0         ffffffff 00000000 S netd
root      744   234   10040  1284  20    0     0     0         ffffffff 00000000 S netd
root      745   234   10040  1284  20    0     0     0         ffffffff 00000000 S netd
root      746   234   10040  1284  20    0     0     0         ffffffff 00000000 S netd
root      747   234   10040  1284  20    0     0     0         ffffffff 00000000 S netd
root      748   234   10040  1284  20    0     0     0         ffffffff 00000000 S netd
shell     235   1     3200   684   20    0     0     0         ffffffff 00000000 S /system/bin/netdiag
shell     298   235   3200   684   20    0     0     0         ffffffff 00000000 S netdiag
root      236   2     0      0     0     -20   0     0         ffffffff 00000000 S kworker/2:1H
system    238   1     4768   884   20    0     0     0     fg  ffffffff 00000000 S /system/bin/nvram_agent_binder
system    279   238   4768   884   20    0     0     0     fg  ffffffff 00000000 S Binder_1
system    240   1     45480  7828  12    -8    0     0         ffffffff 00000000 S /system/bin/surfaceflinger
system    391   240   45480  7828  20    0     0     0     fg  ffffffff 00000000 S Binder_1
system    392   240   45480  7828  11    -9    0     0         ffffffff 00000000 S DispSync
system    394   240   45480  7828  20    0     0     0     fg  ffffffff 00000000 S Binder_2
system    566   240   45480  7828  12    -8    0     0         ffffffff 00000000 S ged-swd
system    569   240   45480  7828  12    -8    0     0         ffffffff 00000000 S VSyncThreadHWC
system    570   240   45480  7828  12    -8    0     0         ffffffff 00000000 S UEventThreadHWC
system    571   240   45480  7828  12    -8    0     0         ffffffff 00000000 S UICompThread_0
system    572   240   45480  7828  12    -8    0     0         ffffffff 00000000 S MMCompThread_0
system    573   240   45480  7828  12    -8    0     0         ffffffff 00000000 S HWCDispatchThre
system    599   240   45480  7828  30    10    0     0     bg  ffffffff 00000000 S SFWatchDog
system    602   240   45480  7828  20    0     0     0     fg  ffffffff 00000000 S Binder_3
system    603   240   45480  7828  11    -9    0     0         ffffffff 00000000 S EventThread
system    604   240   45480  7828  11    -9    0     0         ffffffff 00000000 S EventThread
system    605   240   45480  7828  12    -8    0     0         ffffffff 00000000 S EventControl
system    826   240   45480  7828  20    0     0     0     fg  ffffffff 00000000 S Binder_4
system    1199  240   45480  7828  20    0     0     0     fg  ffffffff 00000000 S Binder_5
root      241   1     946272 53868 20    0     0     0         ffffffff 00000000 S zygote
root      8844  241   946272 53868 20    0     0     0         ffffffff 00000000 S ReferenceQueueD
root      8845  241   946272 53868 20    0     0     0         ffffffff 00000000 S FinalizerDaemon
root      8847  241   946272 53868 20    0     0     0         ffffffff 00000000 S FinalizerWatchd
drm       242   1     37188  10076 20    0     0     0     fg  ffffffff 00000000 S /system/bin/drmserver
drm       624   242   37188  10076 20    0     0     0     fg  ffffffff 00000000 S Binder_1
drm       1860  242   37188  10076 20    0     0     0     fg  ffffffff 00000000 S Binder_2
drm       1861  242   37188  10076 20    0     0     0     fg  ffffffff 00000000 S Binder_3
media     243   1     247460 38664 20    0     0     0     fg  ffffffff 00000000 S /system/bin/mediaserver
media     457   243   247460 38664 4     -16   0     0     fg  ffffffff 00000000 S ApmTone
media     458   243   247460 38664 4     -16   0     0     fg  ffffffff 00000000 S ApmAudio
media     459   243   247460 38664 4     -16   0     0     fg  ffffffff 00000000 S ApmOutput
media     669   243   247460 38664 -93   0     92    2         ffffffff 00000000 S CCCIReadThread
media     682   243   247460 38664 4     -16   0     0         ffffffff 00000000 S SpeakerMonitorT
media     706   243   247460 38664 1     -19   0     0         ffffffff 00000000 S AudioOut_2
media     710   243   247460 38664 20    0     0     0     fg  ffffffff 00000000 S Binder_1
media     882   243   247460 38664 20    0     0     0     fg  ffffffff 00000000 S Binder_2
media     941   243   247460 38664 20    0     0     0     fg  ffffffff 00000000 S FileSourceProxy
media     1305  243   247460 38664 20    0     0     0     fg  ffffffff 00000000 S NotifySender
media     1497  243   247460 38664 -76   0     75    2     fg  ffffffff 00000000 S MDP-0
media     1588  243   247460 38664 20    0     0     0     fg  ffffffff 00000000 S Binder_3
media     1589  243   247460 38664 20    0     0     0     fg  ffffffff 00000000 S Binder_4
media     8877  243   247460 38664 18    -2    0     0     fg  ffffffff 00000000 S TimedEventQueue
media     8878  243   247460 38664 4     -16   0     0     fg  ffffffff 00000000 S MtkOmxAudioCmd
media     8879  243   247460 38664 4     -16   0     0     fg  ffffffff 00000000 S MtkOmxAudioDec
media     8880  243   247460 38664 4     -16   0     0     fg  ffffffff 00000000 S OMXCallbackDisp
media     8882  243   247460 38664 18    -2    0     0     fg  ffffffff 00000000 S TimedEventQueue
media     8883  243   247460 38664 4     -16   0     0     fg  ffffffff 00000000 S MtkOmxAudioCmd
media     8884  243   247460 38664 4     -16   0     0     fg  ffffffff 00000000 S MtkOmxAudioDec
media     8885  243   247460 38664 4     -16   0     0     fg  ffffffff 00000000 S OMXCallbackDisp
media     8890  243   247460 38664 16    -4    0     0     fg  ffffffff 00000000 R 3ATHREAD
media     8895  243   247460 38664 17    -3    0     0     fg  ffffffff 00000000 S F858THREAD
media     8897  243   247460 38664 17    -3    0     0     fg  ffffffff 00000000 S AFthread
media     8908  243   247460 38664 20    0     0     0     fg  ffffffff 00000000 S CamClient@Previ
media     8909  243   247460 38664 20    0     0     0     fg  ffffffff 00000000 S CamClient@Recor
media     8910  243   247460 38664 20    0     0     0     fg  ffffffff 00000000 S CamClient@SdkCl
media     8912  243   247460 38664 20    0     0     0     fg  ffffffff 00000000 S Camera@Display
media     8913  243   247460 38664 20    0     0     0     fg  ffffffff 00000000 S Binder_3
media     8914  243   247460 38664 20    0     0     0     fg  ffffffff 00000000 S Capture@CmdQue
media     8915  243   246656 38664 18    -2    0     0     fg  ffffffff 00000000 S pass1
media     8918  243   246656 38664 18    -2    0     0     fg  ffffffff 00000000 R pass2
media     8919  243   247460 38664 20    0     0     0     fg  ffffffff 00000000 S RecBufSnapshotl
media     8921  243   247460 38664 18    -2    0     0     fg  ffffffff 00000000 S ISPDeQueueThrea
media     8922  243   247460 38664 20    0     0     0     fg  ffffffff 00000000 R FeaturePipeP2aN
media     8923  243   247460 38664 16    -4    0     0     fg  ffffffff 00000000 R EisoThreadLoop
media     8924  243   247460 38664 20    0     0     0     fg  ffffffff 00000000 S Mtkcam@SensorLi
system    244   1     5708   660   20    0     0     0     fg  ffffffff 00000000 S /system/bin/bwc
system    289   244   5708   660   30    10    0     0     bg  ffffffff 00000000 S BWCServiceMain
system    297   244   5708   660   20    0     0     0     fg  ffffffff 00000000 S Binder_1
radio     245   1     37336  9596  20    0     0     0     fg  ffffffff 00000000 S /system/bin/vtservice
radio     616   245   37336  9596  20    0     0     0     fg  ffffffff 00000000 S Binder_1
install   246   1     1168   556   20    0     0     0         ffffffff 00000000 S /system/bin/installd
keystore  248   1     4732   1268  20    0     0     0     fg  ffffffff 00000000 S /system/bin/keystore
gps       249   1     38924  1816  20    0     0     0         ffffffff 00000000 S /system/bin/mtk_agpsd
gps       321   249   38924  1816  20    0     0     0         ffffffff 00000000 S mtk_agpsd
gps       322   249   38924  1816  20    0     0     0         ffffffff 00000000 S mtk_agpsd
gps       323   249   38924  1816  20    0     0     0         ffffffff 00000000 S mtk_agpsd
gps       324   249   38924  1816  20    0     0     0         ffffffff 00000000 S mtk_agpsd
gps       325   249   38924  1816  20    0     0     0         ffffffff 00000000 S mtk_agpsd
gps       326   249   38924  1816  20    0     0     0         ffffffff 00000000 S mtk_agpsd
gps       327   249   38924  1816  20    0     0     0         ffffffff 00000000 S mtk_agpsd
gps       328   249   38924  1816  20    0     0     0         ffffffff 00000000 S mtk_agpsd
gps       329   249   38924  1816  20    0     0     0         ffffffff 00000000 S mtk_agpsd
gps       330   249   38924  1816  20    0     0     0         ffffffff 00000000 S mtk_agpsd
gps       331   249   38924  1816  20    0     0     0         ffffffff 00000000 S mtk_agpsd
gps       332   249   38924  1816  20    0     0     0         ffffffff 00000000 S mtk_agpsd
gps       333   249   38924  1816  20    0     0     0         ffffffff 00000000 S mtk_agpsd
gps       334   249   38924  1816  20    0     0     0         ffffffff 00000000 S mtk_agpsd
gps       335   249   38924  1816  20    0     0     0         ffffffff 00000000 S mtk_agpsd
gps       336   249   38924  1816  20    0     0     0         ffffffff 00000000 S mtk_agpsd
gps       337   249   38924  1816  20    0     0     0         ffffffff 00000000 S mtk_agpsd
gps       338   249   38924  1816  20    0     0     0         ffffffff 00000000 S mtk_agpsd
gps       339   249   38924  1816  20    0     0     0         ffffffff 00000000 S mtk_agpsd
gps       340   249   38924  1816  20    0     0     0         ffffffff 00000000 S mtk_agpsd
gps       341   249   38924  1816  20    0     0     0         ffffffff 00000000 S mtk_agpsd
gps       342   249   38924  1816  20    0     0     0         ffffffff 00000000 S mtk_agpsd
gps       343   249   38924  1816  20    0     0     0         ffffffff 00000000 S mtk_agpsd
gps       344   249   38924  1816  20    0     0     0         ffffffff 00000000 S mtk_agpsd
gps       345   249   38924  1816  20    0     0     0         ffffffff 00000000 S mtk_agpsd
gps       346   249   38924  1816  20    0     0     0         ffffffff 00000000 S mtk_agpsd
gps       347   249   38924  1816  20    0     0     0         ffffffff 00000000 S mtk_agpsd
gps       348   249   38924  1816  20    0     0     0         ffffffff 00000000 S mtk_agpsd
gps       349   249   38924  1816  20    0     0     0         ffffffff 00000000 S mtk_agpsd
gps       350   249   38924  1816  20    0     0     0         ffffffff 00000000 S mtk_agpsd
gps       351   249   38924  1816  20    0     0     0         ffffffff 00000000 S mtk_agpsd
gps       352   249   38924  1816  20    0     0     0         ffffffff 00000000 S mtk_agpsd
gps       353   249   38924  1816  20    0     0     0         ffffffff 00000000 S mtk_agpsd
gps       250   1     3580   552   20    0     0     0         ffffffff 00000000 S /system/xbin/mnld
shell     251   1     1064   192   20    0     0     0         c008875c b6f78f48 S /system/bin/batterywarning
media     252   1     4756   700   -77   0     76    2     fg  ffffffff 00000000 S /system/bin/MtkCodecService
media     282   252   4756   700   -77   0     76    2     fg  ffffffff 00000000 S Binder_1
system    254   1     14652  3432  20    0     0     0     fg  ffffffff 00000000 S /system/bin/guiext-server
system    393   254   14652  3432  20    0     0     0     fg  ffffffff 00000000 S Binder_1
system    255   1     2092   196   20    0     0     0         ffffffff 00000000 S /system/bin/fotabinder
system    277   255   2092   196   20    0     0     0         ffffffff 00000000 S fotabinder
system    257   1     4808   716   20    0     0     0     fg  ffffffff 00000000 S /system/bin/ppl_agent
system    283   257   4808   716   20    0     0     0     fg  ffffffff 00000000 S Binder_1
bluetooth 258   1     14416  4176  20    0     0     0         ffffffff 00000000 S /system/bin/mtkbt
bluetooth 535   258   14416  4176  20    0     0     0         ffffffff 00000000 S mtkbt
system    260   1     4808   716   20    0     0     0     fg  ffffffff 00000000 S /system/bin/GoogleOtaBinder
system    284   260   4808   716   20    0     0     0     fg  ffffffff 00000000 S Binder_1
system    263   1     3156   440   20    0     0     0         ffffffff 00000000 S /system/bin/thermal
system    272   263   3156   440   20    0     0     0         ffffffff 00000000 S thermal
system    273   263   3156   440   20    0     0     0         ffffffff 00000000 S thermal
system    264   1     1060   192   20    0     0     0         ffffffff 00000000 S /system/bin/thermald
nvram     267   1     30152  8244  20    0     0     0         ffffffff 00000000 S /system/bin/em_svr
nvram     615   267   30152  8244  20    0     0     0         ffffffff 00000000 S em_svr
root      268   2     0      0     0     -20   0     0         ffffffff 00000000 S kworker/3:1H
system    269   227   1080   440   20    0     0     0         ffffffff 00000000 S /system/bin/6620_launcher
system    278   1     2400   512   20    0     0     0         ffffffff 00000000 S /system/bin/st480d
system    280   278   2400   512   20    0     0     0         ffffffff 00000000 S st480d
root      470   2     0      0     0     -20   0     0         ffffffff 00000000 S pvr_workqueue
root      471   2     0      0     0     -20   0     0         ffffffff 00000000 S pvr_workqueue
root      472   2     0      0     0     -20   0     0         ffffffff 00000000 S pvr_workqueue
root      580   2     0      0     20    0     0     0         ffffffff 00000000 S mtk_stp_psm
root      581   2     0      0     20    0     0     0         ffffffff 00000000 S mtk_stp_btm
root      582   2     0      0     20    0     0     0         ffffffff 00000000 S mtk_wmtd
root      752   2     0      0     0     -20   0     0         ffffffff 00000000 S kworker/u17:2
shell     753   1     2760   816   20    0     0     0         ffffffff 00000000 S /system/bin/ecccimdlogger
shell     755   753   2760   816   20    0     0     0         ffffffff 00000000 S ecccimdlogger
radio     754   1     10352  436   20    0     0     0         ffffffff 00000000 S /system/bin/gsm0710muxd
radio     781   754   10352  436   20    0     0     0         ffffffff 00000000 S gsm0710muxd
radio     782   754   10352  436   20    0     0     0         ffffffff 00000000 S gsm0710muxd
radio     783   754   10352  436   20    0     0     0         ffffffff 00000000 S gsm0710muxd
radio     784   754   10352  436   20    0     0     0         ffffffff 00000000 S gsm0710muxd
radio     785   754   10352  436   20    0     0     0         ffffffff 00000000 S gsm0710muxd
radio     786   754   10352  436   20    0     0     0         ffffffff 00000000 S gsm0710muxd
radio     787   754   10352  436   20    0     0     0         ffffffff 00000000 S gsm0710muxd
radio     788   754   10352  436   20    0     0     0         ffffffff 00000000 S gsm0710muxd
radio     789   754   10352  436   20    0     0     0         ffffffff 00000000 S gsm0710muxd
system    759   241   1066288 83152 18    -2    0     0     fg  ffffffff 00000000 S system_server
system    761   759   1066288 83152 20    0     0     0     fg  ffffffff 00000000 S GC
system    762   759   1066288 83152 12    -8    0     0     fg  ffffffff 00000000 S Signal Catcher
system    764   759   1066288 83152 30    10    0     0     bg  ffffffff 00000000 S Compiler
system    766   759   1066288 83152 20    0     0     0     fg  ffffffff 00000000 S ReferenceQueueD
system    767   759   1066288 83152 20    0     0     0     fg  ffffffff 00000000 S FinalizerDaemon
system    768   759   1066288 83152 20    0     0     0     fg  ffffffff 00000000 S FinalizerWatchd
system    769   759   1066288 83152 20    0     0     0     fg  ffffffff 00000000 S Binder_1
system    770   759   1066288 83152 20    0     0     0     fg  ffffffff 00000000 S Binder_2
system    771   759   1066288 83152 12    -8    0     0     fg  ffffffff 00000000 S SensorService
system    772   759   1066288 83152 20    0     0     0     fg  ffffffff 00000000 S .ProcessManager
system    774   759   1066288 83152 20    0     0     0     fg  ffffffff 00000000 S Binder_3
system    775   759   1066288 83152 16    -4    0     0     fg  ffffffff 00000000 S WindowManager
system    776   759   1066288 83152 20    0     0     0     fg  ffffffff 00000000 S android.fg
system    777   759   1066288 83152 18    -2    0     0     fg  ffffffff 00000000 S android.ui
system    778   759   1066288 83152 20    0     0     0     fg  ffffffff 00000000 S android.io
system    779   759   1066288 83152 18    -2    0     0     fg  ffffffff 00000000 S ActivityManager
system    780   759   1066288 83152 30    10    0     0     bg  ffffffff 00000000 S android.bg
system    806   759   1066288 83152 20    0     0     0     fg  ffffffff 00000000 S CpuTracker
system    807   759   1066288 83152 20    0     0     0     fg  ffffffff 00000000 S FileObserver
system    808   759   1066288 83152 20    0     0     0     fg  ffffffff 00000000 S AnrMonitorThrea
system    809   759   1066288 83152 20    0     0     0     fg  ffffffff 00000000 S RecoveryManager
system    810   759   1066288 83152 30    10    0     0     bg  ffffffff 00000000 S PackageManager
system    815   759   1066288 83152 20    0     0     0     fg  ffffffff 00000000 S S.HandlerThread
system    817   759   1066288 83152 20    0     0     0     fg  ffffffff 00000000 S PowerManagerSer
system    818   759   1066288 83152 18    -2    0     0     fg  ffffffff 00000000 S system_server
system    819   759   1066288 83152 20    0     0     0     fg  ffffffff 00000000 S AlarmManager
system    820   759   1066288 83152 20    0     0     0     fg  ffffffff 00000000 S UEventObserver
system    821   759   1066288 83152 12    -8    0     0         ffffffff 00000000 S InputDispatcher
system    822   759   1066288 83152 12    -8    0     0         ffffffff 00000000 S InputReader
system    866   759   1066288 83152 20    0     0     0     fg  ffffffff 00000000 S MountService
system    867   759   1066288 83152 20    0     0     0     fg  ffffffff 00000000 S VoldConnector
system    869   759   1066288 83152 20    0     0     0     fg  ffffffff 00000000 S NetdConnector
system    870   759   1066288 83152 20    0     0     0     fg  ffffffff 00000000 S NetworkStats
system    871   759   1066288 83152 20    0     0     0     fg  ffffffff 00000000 S NetworkPolicy
system    872   759   1066288 83152 20    0     0     0     fg  ffffffff 00000000 S WifiP2pService
system    873   759   1066288 83152 20    0     0     0     fg  ffffffff 00000000 S WifiStateMachin
system    874   759   1066288 83152 20    0     0     0     fg  ffffffff 00000000 S WifiSMForObserv
system    875   759   1066288 83152 20    0     0     0     fg  ffffffff 00000000 S WifiService
system    876   759   1066288 83152 20    0     0     0     fg  ffffffff 00000000 S ConnectivitySer
system    877   759   1066288 83152 20    0     0     0     fg  ffffffff 00000000 S WifiManager
system    878   759   1066288 83152 20    0     0     0     fg  ffffffff 00000000 S WifiWatchdogSta
system    879   759   1066288 83152 20    0     0     0     fg  ffffffff 00000000 S NsdService
system    880   759   1066288 83152 20    0     0     0     fg  ffffffff 00000000 S mDnsConnector
system    881   759   1066288 83152 20    0     0     0     fg  ffffffff 00000000 S AudioService
system    883   759   1066288 83152 20    0     0     0     fg  ffffffff 00000000 S AudioProfileSer
system    887   759   1066288 83152 30    10    0     0     bg  ffffffff 00000000 S backup
system    888   759   1066288 83152 18    -2    0     0     fg  ffffffff 00000000 S PerfServiceMana
system    890   759   1066288 83152 20    0     0     0     fg  ffffffff 00000000 S HdmiService
system    913   759   1066288 83152 18    -2    0     0     fg  ffffffff 00000000 S AMPlus
system    981   759   1066288 83152 20    0     0     0     fg  ffffffff 00000000 S Binder_4
system    985   759   1066288 83152 20    0     0     0     fg  ffffffff 00000000 S Thread-72
system    1048  759   1066288 83152 20    0     0     0     fg  ffffffff 00000000 S CaptivePortalTr
system    1057  759   1066288 83152 20    0     0     0     fg  ffffffff 00000000 S UsbService host
system    1059  759   1066288 83152 20    0     0     0     fg  ffffffff 00000000 S watchdog
system    1085  759   1066288 83152 20    0     0     0     fg  ffffffff 00000000 S NetworkTimeUpda
system    1086  759   1066288 83152 20    0     0     0     fg  ffffffff 00000000 S Binder_5
system    1087  759   1066288 83152 20    0     0     0     fg  ffffffff 00000000 S Binder_6
system    1088  759   1066288 83152 20    0     0     0     fg  ffffffff 00000000 S NetworkTimeUpda
system    1102  759   1066288 83152 20    0     0     0     fg  ffffffff 00000000 S WifiMonitor
system    1144  759   1066288 83152 20    0     0     0     fg  ffffffff 00000000 S Binder_7
system    1145  759   1066288 83152 20    0     0     0     fg  ffffffff 00000000 S Binder_8
system    1169  759   1066288 83152 20    0     0     0     fg  ffffffff 00000000 S Binder_9
system    1170  759   1066288 83152 20    0     0     0     fg  ffffffff 00000000 S Binder_A
system    1185  759   1066288 83152 20    0     0     0     fg  ffffffff 00000000 S Binder_B
system    1186  759   1066288 83152 20    0     0     0     fg  ffffffff 00000000 S Binder_C
system    1222  759   1066288 83152 20    0     0     0     fg  ffffffff 00000000 S SyncHandler-0
system    1478  759   1066288 83152 20    0     0     0     fg  ffffffff 00000000 S DhcpStateMachin
